Archive member included to satisfy reference by file (symbol)

/mnt/d/repos/ClimateChangeChallenge/qorc-sdk/qf_apps/qf_ssi_ai_app_voltage_sens/knowledgepack/sensiml/libsensiml.a(kb.o)
                              /mnt/d/repos/ClimateChangeChallenge/qorc-sdk/qf_apps/qf_ssi_ai_app_voltage_sens/GCC_Project/output/sml_recognition_run.o (kb_reset_model)
/mnt/d/repos/ClimateChangeChallenge/qorc-sdk/qf_apps/qf_ssi_ai_app_voltage_sens/knowledgepack/sensiml/libsensiml.a(tree_ensemble.o)
                              /mnt/d/repos/ClimateChangeChallenge/qorc-sdk/qf_apps/qf_ssi_ai_app_voltage_sens/knowledgepack/sensiml/libsensiml.a(kb.o) (tree_ensemble_init)
/mnt/d/repos/ClimateChangeChallenge/qorc-sdk/qf_apps/qf_ssi_ai_app_voltage_sens/knowledgepack/sensiml/libsensiml.a(tree_ensemble_trained_models.o)
                              /mnt/d/repos/ClimateChangeChallenge/qorc-sdk/qf_apps/qf_ssi_ai_app_voltage_sens/knowledgepack/sensiml/libsensiml.a(kb.o) (tree_ensemble_classifier_rows)
/mnt/d/repos/ClimateChangeChallenge/qorc-sdk/qf_apps/qf_ssi_ai_app_voltage_sens/knowledgepack/sensiml/libsensiml.a(sorted_copy.o)
                              /mnt/d/repos/ClimateChangeChallenge/qorc-sdk/qf_apps/qf_ssi_ai_app_voltage_sens/knowledgepack/sensiml/libsensiml.a(kb.o) (sorted_copy)
/mnt/d/repos/ClimateChangeChallenge/qorc-sdk/qf_apps/qf_ssi_ai_app_voltage_sens/knowledgepack/sensiml/libsensiml.a(kb_pipeline.o)
                              /mnt/d/repos/ClimateChangeChallenge/qorc-sdk/qf_apps/qf_ssi_ai_app_voltage_sens/knowledgepack/sensiml/libsensiml.a(kb.o) (KB_data_streaming_slide_rank_0)
/mnt/d/repos/ClimateChangeChallenge/qorc-sdk/qf_apps/qf_ssi_ai_app_voltage_sens/knowledgepack/sensiml/libsensiml.a(sg_windowing.o)
                              /mnt/d/repos/ClimateChangeChallenge/qorc-sdk/qf_apps/qf_ssi_ai_app_voltage_sens/knowledgepack/sensiml/libsensiml.a(kb_pipeline.o) (tr_windowing)
/mnt/d/repos/ClimateChangeChallenge/qorc-sdk/qf_apps/qf_ssi_ai_app_voltage_sens/knowledgepack/sensiml/libsensiml.a(save_sensor_data.o)
                              /mnt/d/repos/ClimateChangeChallenge/qorc-sdk/qf_apps/qf_ssi_ai_app_voltage_sens/knowledgepack/sensiml/libsensiml.a(kb_pipeline.o) (saveSensorData)
/mnt/d/repos/ClimateChangeChallenge/qorc-sdk/qf_apps/qf_ssi_ai_app_voltage_sens/knowledgepack/sensiml/libsensiml.a(sortarray.o)
                              /mnt/d/repos/ClimateChangeChallenge/qorc-sdk/qf_apps/qf_ssi_ai_app_voltage_sens/knowledgepack/sensiml/libsensiml.a(sorted_copy.o) (sortarray)
/mnt/d/repos/ClimateChangeChallenge/qorc-sdk/qf_apps/qf_ssi_ai_app_voltage_sens/knowledgepack/sensiml/libsensiml.a(rb.o)
                              /mnt/d/repos/ClimateChangeChallenge/qorc-sdk/qf_apps/qf_ssi_ai_app_voltage_sens/knowledgepack/sensiml/libsensiml.a(kb.o) (next_pow_2)
/mnt/d/repos/ClimateChangeChallenge/qorc-sdk/qf_apps/qf_ssi_ai_app_voltage_sens/knowledgepack/sensiml/libsensiml.a(fg_roc_mean_crossing_rate.o)
                              /mnt/d/repos/ClimateChangeChallenge/qorc-sdk/qf_apps/qf_ssi_ai_app_voltage_sens/knowledgepack/sensiml/libsensiml.a(kb_pipeline.o) (mean_crossing_rate)
/mnt/d/repos/ClimateChangeChallenge/qorc-sdk/qf_apps/qf_ssi_ai_app_voltage_sens/knowledgepack/sensiml/libsensiml.a(fg_amplitude_global_p2p_low_frequency.o)
                              /mnt/d/repos/ClimateChangeChallenge/qorc-sdk/qf_apps/qf_ssi_ai_app_voltage_sens/knowledgepack/sensiml/libsensiml.a(kb_pipeline.o) (global_p2p_low_frequency)
/mnt/d/repos/ClimateChangeChallenge/qorc-sdk/qf_apps/qf_ssi_ai_app_voltage_sens/knowledgepack/sensiml/libsensiml.a(fg_stats_minimum.o)
                              /mnt/d/repos/ClimateChangeChallenge/qorc-sdk/qf_apps/qf_ssi_ai_app_voltage_sens/knowledgepack/sensiml/libsensiml.a(kb_pipeline.o) (stats_minimum)
/mnt/d/repos/ClimateChangeChallenge/qorc-sdk/qf_apps/qf_ssi_ai_app_voltage_sens/knowledgepack/sensiml/libsensiml.a(fg_stats_stdev.o)
                              /mnt/d/repos/ClimateChangeChallenge/qorc-sdk/qf_apps/qf_ssi_ai_app_voltage_sens/knowledgepack/sensiml/libsensiml.a(kb_pipeline.o) (stats_stdev)
/mnt/d/repos/ClimateChangeChallenge/qorc-sdk/qf_apps/qf_ssi_ai_app_voltage_sens/knowledgepack/sensiml/libsensiml.a(fg_amplitude_peak_to_peak.o)
                              /mnt/d/repos/ClimateChangeChallenge/qorc-sdk/qf_apps/qf_ssi_ai_app_voltage_sens/knowledgepack/sensiml/libsensiml.a(kb_pipeline.o) (peak_to_peak)
/mnt/d/repos/ClimateChangeChallenge/qorc-sdk/qf_apps/qf_ssi_ai_app_voltage_sens/knowledgepack/sensiml/libsensiml.a(fg_stats_maximum.o)
                              /mnt/d/repos/ClimateChangeChallenge/qorc-sdk/qf_apps/qf_ssi_ai_app_voltage_sens/knowledgepack/sensiml/libsensiml.a(kb_pipeline.o) (stats_maximum)
/mnt/d/repos/ClimateChangeChallenge/qorc-sdk/qf_apps/qf_ssi_ai_app_voltage_sens/knowledgepack/sensiml/libsensiml.a(fg_amplitude_max_p2p_half_high_frequency.o)
[...]
Memory Configuration

Name             Origin             Length             Attributes
rom              0x0000000000000000 0x000000000002c000 xr
ram              0x000000002002c000 0x000000000003c800 xrw
spiram           0x0000000020063800 0x0000000000000800 rw
HWA              0x0000000020064000 0x0000000000018000 rw
shm              0x000000002007c000 0x0000000000004000
*default*        0x0000000000000000 0xffffffffffffffff

Linker script and memory map

LOAD /usr/share/gcc-arm-none-eabi-9-2020-q2-update/bin/../lib/gcc/arm-none-eabi/9.3.1/thumb/v7e-m+fp/hard/crti.o
LOAD /usr/share/gcc-arm-none-eabi-9-2020-q2-update/bin/../lib/gcc/arm-none-eabi/9.3.1/thumb/v7e-m+fp/hard/crtbegin.o
LOAD /usr/share/gcc-arm-none-eabi-9-2020-q2-update/bin/../lib/gcc/arm-none-eabi/9.3.1/../../../../arm-none-eabi/lib/thumb/v7e-m+fp/hard/crt0.o
LOAD /mnt/d/repos/ClimateChangeChallenge/qorc-sdk/qf_apps/qf_ssi_ai_app_voltage_sens/GCC_Project/output/MQTTSNConnectClient.o
LOAD /mnt/d/repos/ClimateChangeChallenge/qorc-sdk/qf_apps/qf_ssi_ai_app_voltage_sens/GCC_Project/output/MQTTSNConnectServer.o
LOAD /mnt/d/repos/ClimateChangeChallenge/qorc-sdk/qf_apps/qf_ssi_ai_app_voltage_sens/GCC_Project/output/MQTTSNDeserializePublish.o
LOAD /mnt/d/repos/ClimateChangeChallenge/qorc-sdk/qf_apps/qf_ssi_ai_app_voltage_sens/GCC_Project/output/MQTTSNPacket.o
LOAD /mnt/d/repos/ClimateChangeChallenge/qorc-sdk/qf_apps/qf_ssi_ai_app_voltage_sens/GCC_Project/output/MQTTSNSearchClient.o
LOAD /mnt/d/repos/ClimateChangeChallenge/qorc-sdk/qf_apps/qf_ssi_ai_app_voltage_sens/GCC_Project/output/MQTTSNSerializePublish.o
LOAD /mnt/d/repos/ClimateChangeChallenge/qorc-sdk/qf_apps/qf_ssi_ai_app_voltage_sens/GCC_Project/output/MQTTSNSubscribeClient.o
LOAD /mnt/d/repos/ClimateChangeChallenge/qorc-sdk/qf_apps/qf_ssi_ai_app_voltage_sens/GCC_Project/output/MQTTSNUnsubscribeClient.o
LOAD /mnt/d/repos/ClimateChangeChallenge/qorc-sdk/qf_apps/qf_ssi_ai_app_voltage_sens/GCC_Project/output/MajorTopicDispatch.o
LOAD /mnt/d/repos/ClimateChangeChallenge/qorc-sdk/qf_apps/qf_ssi_ai_app_voltage_sens/GCC_Project/output/MinorTopicDispatch_Collect.o
LOAD /mnt/d/repos/ClimateChangeChallenge/qorc-sdk/qf_apps/qf_ssi_ai_app_voltage_sens/GCC_Project/output/MinorTopicDispatch_Live.o
LOAD /mnt/d/repos/ClimateChangeChallenge/qorc-sdk/qf_apps/qf_ssi_ai_app_voltage_sens/GCC_Project/output/MinorTopicDispatch_Recog.o
LOAD /mnt/d/repos/ClimateChangeChallenge/qorc-sdk/qf_apps/qf_ssi_ai_app_voltage_sens/GCC_Project/output/MinorTopicDispatch_Sensor.o
LOAD /mnt/d/repos/ClimateChangeChallenge/qorc-sdk/qf_apps/qf_ssi_ai_app_voltage_sens/GCC_Project/output/MinorTopicDispatch_Storage.o
LOAD /mnt/d/repos/ClimateChangeChallenge/qorc-sdk/qf_apps/qf_ssi_ai_app_voltage_sens/GCC_Project/output/MinorTopicDispatch_System.o
LOAD /mnt/d/repos/ClimateChangeChallenge/qorc-sdk/qf_apps/qf_ssi_ai_app_voltage_sens/GCC_Project/output/Mqttsn_App.o
LOAD /mnt/d/repos/ClimateChangeChallenge/qorc-sdk/qf_apps/qf_ssi_ai_app_voltage_sens/GCC_Project/output/Mqttsn_CliCmds.o
LOAD /mnt/d/repos/ClimateChangeChallenge/qorc-sdk/qf_apps/qf_ssi_ai_app_voltage_sens/GCC_Project/output/Mqttsn_MsgHandler.o
LOAD /mnt/d/repos/ClimateChangeChallenge/qorc-sdk/qf_apps/qf_ssi_ai_app_voltage_sens/GCC_Project/output/Mqttsn_Topics.o
LOAD /mnt/d/repos/ClimateChangeChallenge/qorc-sdk/qf_apps/qf_ssi_ai_app_voltage_sens/GCC_Project/output/SparkFun_ADS1015_Arduino_Library.o
LOAD /mnt/d/repos/ClimateChangeChallenge/qorc-sdk/qf_apps/qf_ssi_ai_app_voltage_sens/GCC_Project/output/Wire.o
LOAD /mnt/d/repos/ClimateChangeChallenge/qorc-sdk/qf_apps/qf_ssi_ai_app_voltage_sens/GCC_Project/output/battery_level_monitor.o
LOAD /mnt/d/repos/ClimateChangeChallenge/qorc-sdk/qf_apps/qf_ssi_ai_app_voltage_sens/GCC_Project/output/c_lib_retarget.o
LOAD /mnt/d/repos/ClimateChangeChallenge/qorc-sdk/qf_apps/qf_ssi_ai_app_voltage_sens/GCC_Project/output/circularBuffQueue.o
LOAD /mnt/d/repos/ClimateChangeChallenge/qorc-sdk/qf_apps/qf_ssi_ai_app_voltage_sens/GCC_Project/output/cli_args.o
LOAD /mnt/d/repos/ClimateChangeChallenge/qorc-sdk/qf_apps/qf_ssi_ai_app_voltage_sens/GCC_Project/output/cli_hexdump.o
LOAD /mnt/d/repos/ClimateChangeChallenge/qorc-sdk/qf_apps/qf_ssi_ai_app_voltage_sens/GCC_Project/output/cli_io.o
LOAD /mnt/d/repos/ClimateChangeChallenge/qorc-sdk/qf_apps/qf_ssi_ai_app_voltage_sens/GCC_Project/output/cli_loop.o
LOAD /mnt/d/repos/ClimateChangeChallenge/qorc-sdk/qf_apps/qf_ssi_ai_app_voltage_sens/GCC_Project/output/cli_misc.o
LOAD /mnt/d/repos/ClimateChangeChallenge/qorc-sdk/qf_apps/qf_ssi_ai_app_voltage_sens/GCC_Project/output/cli_platform.o
LOAD /mnt/d/repos/ClimateChangeChallenge/qorc-sdk/qf_apps/qf_ssi_ai_app_voltage_sens/GCC_Project/output/cli_stdcmds.o
LOAD /mnt/d/repos/ClimateChangeChallenge/qorc-sdk/qf_apps/qf_ssi_ai_app_voltage_sens/GCC_Project/output/crc16.o
LOAD /mnt/d/repos/ClimateChangeChallenge/qorc-sdk/qf_apps/qf_ssi_ai_app_voltage_sens/GCC_Project/output/crc32.o
LOAD /mnt/d/repos/ClimateChangeChallenge/qorc-sdk/qf_apps/qf_ssi_ai_app_voltage_sens/GCC_Project/output/croutine.o
LOAD /mnt/d/repos/ClimateChangeChallenge/qorc-sdk/qf_apps/qf_ssi_ai_app_voltage_sens/GCC_Project/output/datablk_mgr.o
LOAD /mnt/d/repos/ClimateChangeChallenge/qorc-sdk/qf_apps/qf_ssi_ai_app_voltage_sens/GCC_Project/output/datablk_processor.o
LOAD /mnt/d/repos/ClimateChangeChallenge/qorc-sdk/qf_apps/qf_ssi_ai_app_voltage_sens/GCC_Project/output/datasave.o
LOAD /mnt/d/repos/ClimateChangeChallenge/qorc-sdk/qf_apps/qf_ssi_ai_app_voltage_sens/GCC_Project/output/dbg_bufferedprinttask.o
LOAD /mnt/d/repos/ClimateChangeChallenge/qorc-sdk/qf_apps/qf_ssi_ai_app_voltage_sens/GCC_Project/output/dbg_queue_monitor.o
LOAD /mnt/d/repos/ClimateChangeChallenge/qorc-sdk/qf_apps/qf_ssi_ai_app_voltage_sens/GCC_Project/output/dbg_uart.o
LOAD /mnt/d/repos/ClimateChangeChallenge/qorc-sdk/qf_apps/qf_ssi_ai_app_voltage_sens/GCC_Project/output/dbgtrace.o
LOAD /mnt/d/repos/ClimateChangeChallenge/qorc-sdk/qf_apps/qf_ssi_ai_app_voltage_sens/GCC_Project/output/eoss3_hal_adc.o
LOAD /mnt/d/repos/ClimateChangeChallenge/qorc-sdk/qf_apps/qf_ssi_ai_app_voltage_sens/GCC_Project/output/eoss3_hal_audio.o
LOAD /mnt/d/repos/ClimateChangeChallenge/qorc-sdk/qf_apps/qf_ssi_ai_app_voltage_sens/GCC_Project/output/eoss3_hal_fpga_usbserial.o
LOAD /mnt/d/repos/ClimateChangeChallenge/qorc-sdk/qf_apps/qf_ssi_ai_app_voltage_sens/GCC_Project/output/eoss3_hal_gpio.o
LOAD /mnt/d/repos/ClimateChangeChallenge/qorc-sdk/qf_apps/qf_ssi_ai_app_voltage_sens/GCC_Project/output/eoss3_hal_i2c.o
LOAD /mnt/d/repos/ClimateChangeChallenge/qorc-sdk/qf_apps/qf_ssi_ai_app_voltage_sens/GCC_Project/output/eoss3_hal_i2s.o
LOAD /mnt/d/repos/ClimateChangeChallenge/qorc-sdk/qf_apps/qf_ssi_ai_app_voltage_sens/GCC_Project/output/eoss3_hal_i2s_slave_assp.o
LOAD /mnt/d/repos/ClimateChangeChallenge/qorc-sdk/qf_apps/qf_ssi_ai_app_voltage_sens/GCC_Project/output/eoss3_hal_pad_config.o
LOAD /mnt/d/repos/ClimateChangeChallenge/qorc-sdk/qf_apps/qf_ssi_ai_app_voltage_sens/GCC_Project/output/eoss3_hal_pkfb.o
LOAD /mnt/d/repos/ClimateChangeChallenge/qorc-sdk/qf_apps/qf_ssi_ai_app_voltage_sens/GCC_Project/output/eoss3_hal_rtc.o
LOAD /mnt/d/repos/ClimateChangeChallenge/qorc-sdk/qf_apps/qf_ssi_ai_app_voltage_sens/GCC_Project/output/eoss3_hal_sdma.o
LOAD /mnt/d/repos/ClimateChangeChallenge/qorc-sdk/qf_apps/qf_ssi_ai_app_voltage_sens/GCC_Project/output/eoss3_hal_spi.o
LOAD /mnt/d/repos/ClimateChangeChallenge/qorc-sdk/qf_apps/qf_ssi_ai_app_voltage_sens/GCC_Project/output/eoss3_hal_timer.o
LOAD /mnt/d/repos/ClimateChangeChallenge/qorc-sdk/qf_apps/qf_ssi_ai_app_voltage_sens/GCC_Project/output/eoss3_hal_uart.o
LOAD /mnt/d/repos/ClimateChangeChallenge/qorc-sdk/qf_apps/qf_ssi_ai_app_voltage_sens/GCC_Project/output/eoss3_hal_wb.o
LOAD /mnt/d/repos/ClimateChangeChallenge/qorc-sdk/qf_apps/qf_ssi_ai_app_voltage_sens/GCC_Project/output/eoss3_hal_wdt.o
LOAD /mnt/d/repos/ClimateChangeChallenge/qorc-sdk/qf_apps/qf_ssi_ai_app_voltage_sens/GCC_Project/output/event_groups.o
LOAD /mnt/d/repos/ClimateChangeChallenge/qorc-sdk/qf_apps/qf_ssi_ai_app_voltage_sens/GCC_Project/output/exceptions.o
LOAD /mnt/d/repos/ClimateChangeChallenge/qorc-sdk/qf_apps/qf_ssi_ai_app_voltage_sens/GCC_Project/output/ff.o
LOAD /mnt/d/repos/ClimateChangeChallenge/qorc-sdk/qf_apps/qf_ssi_ai_app_voltage_sens/GCC_Project/output/ffunicode.o
LOAD /mnt/d/repos/ClimateChangeChallenge/qorc-sdk/qf_apps/qf_ssi_ai_app_voltage_sens/GCC_Project/output/fpga_loader.o
LOAD /mnt/d/repos/ClimateChangeChallenge/qorc-sdk/qf_apps/qf_ssi_ai_app_voltage_sens/GCC_Project/output/freertos_static_memory.o
LOAD /mnt/d/repos/ClimateChangeChallenge/qorc-sdk/qf_apps/qf_ssi_ai_app_voltage_sens/GCC_Project/output/heap_4.o
LOAD /mnt/d/repos/ClimateChangeChallenge/qorc-sdk/qf_apps/qf_ssi_ai_app_voltage_sens/GCC_Project/output/hearable_pwrcfg.o
LOAD /mnt/d/repos/ClimateChangeChallenge/qorc-sdk/qf_apps/qf_ssi_ai_app_voltage_sens/GCC_Project/output/leds.o
LOAD /mnt/d/repos/ClimateChangeChallenge/qorc-sdk/qf_apps/qf_ssi_ai_app_voltage_sens/GCC_Project/output/list.o
LOAD /mnt/d/repos/ClimateChangeChallenge/qorc-sdk/qf_apps/qf_ssi_ai_app_voltage_sens/GCC_Project/output/main.o
LOAD /mnt/d/repos/ClimateChangeChallenge/qorc-sdk/qf_apps/qf_ssi_ai_app_voltage_sens/GCC_Project/output/main_dbg_cli_menu.o
LOAD /mnt/d/repos/ClimateChangeChallenge/qorc-sdk/qf_apps/qf_ssi_ai_app_voltage_sens/GCC_Project/output/mc3635.o
LOAD /mnt/d/repos/ClimateChangeChallenge/qorc-sdk/qf_apps/qf_ssi_ai_app_voltage_sens/GCC_Project/output/mc3635_wire.o
LOAD /mnt/d/repos/ClimateChangeChallenge/qorc-sdk/qf_apps/qf_ssi_ai_app_voltage_sens/GCC_Project/output/micro_tick64.o
LOAD /mnt/d/repos/ClimateChangeChallenge/qorc-sdk/qf_apps/qf_ssi_ai_app_voltage_sens/GCC_Project/output/mmc_s3.o
LOAD /mnt/d/repos/ClimateChangeChallenge/qorc-sdk/qf_apps/qf_ssi_ai_app_voltage_sens/GCC_Project/output/pincfg_table.o
LOAD /mnt/d/repos/ClimateChangeChallenge/qorc-sdk/qf_apps/qf_ssi_ai_app_voltage_sens/GCC_Project/output/port.o
LOAD /mnt/d/repos/ClimateChangeChallenge/qorc-sdk/qf_apps/qf_ssi_ai_app_voltage_sens/GCC_Project/output/qf_baremetalsetup.o
LOAD /mnt/d/repos/ClimateChangeChallenge/qorc-sdk/qf_apps/qf_ssi_ai_app_voltage_sens/GCC_Project/output/qf_hardwaresetup.o
LOAD /mnt/d/repos/ClimateChangeChallenge/qorc-sdk/qf_apps/qf_ssi_ai_app_voltage_sens/GCC_Project/output/ql_base64.o
LOAD /mnt/d/repos/ClimateChangeChallenge/qorc-sdk/qf_apps/qf_ssi_ai_app_voltage_sens/GCC_Project/output/ql_stackwatermark.o
LOAD /mnt/d/repos/ClimateChangeChallenge/qorc-sdk/qf_apps/qf_ssi_ai_app_voltage_sens/GCC_Project/output/ql_test_signals.o
LOAD /mnt/d/repos/ClimateChangeChallenge/qorc-sdk/qf_apps/qf_ssi_ai_app_voltage_sens/GCC_Project/output/ql_time.o
LOAD /mnt/d/repos/ClimateChangeChallenge/qorc-sdk/qf_apps/qf_ssi_ai_app_voltage_sens/GCC_Project/output/queue.o
LOAD /mnt/d/repos/ClimateChangeChallenge/qorc-sdk/qf_apps/qf_ssi_ai_app_voltage_sens/GCC_Project/output/riff_block_pool.o
LOAD /mnt/d/repos/ClimateChangeChallenge/qorc-sdk/qf_apps/qf_ssi_ai_app_voltage_sens/GCC_Project/output/riff_file.o
LOAD /mnt/d/repos/ClimateChangeChallenge/qorc-sdk/qf_apps/qf_ssi_ai_app_voltage_sens/GCC_Project/output/riff_file_fatfs.o
LOAD /mnt/d/repos/ClimateChangeChallenge/qorc-sdk/qf_apps/qf_ssi_ai_app_voltage_sens/GCC_Project/output/riff_file_freertos_fat.o
LOAD /mnt/d/repos/ClimateChangeChallenge/qorc-sdk/qf_apps/qf_ssi_ai_app_voltage_sens/GCC_Project/output/riff_misc.o
LOAD /mnt/d/repos/ClimateChangeChallenge/qorc-sdk/qf_apps/qf_ssi_ai_app_voltage_sens/GCC_Project/output/riff_writer.o
LOAD /mnt/d/repos/ClimateChangeChallenge/qorc-sdk/qf_apps/qf_ssi_ai_app_voltage_sens/GCC_Project/output/s3x_clock.o
LOAD /mnt/d/repos/ClimateChangeChallenge/qorc-sdk/qf_apps/qf_ssi_ai_app_voltage_sens/GCC_Project/output/s3x_clock_hal.o
LOAD /mnt/d/repos/ClimateChangeChallenge/qorc-sdk/qf_apps/qf_ssi_ai_app_voltage_sens/GCC_Project/output/s3x_cpuload.o
LOAD /mnt/d/repos/ClimateChangeChallenge/qorc-sdk/qf_apps/qf_ssi_ai_app_voltage_sens/GCC_Project/output/s3x_dfs.o
LOAD /mnt/d/repos/ClimateChangeChallenge/qorc-sdk/qf_apps/qf_ssi_ai_app_voltage_sens/GCC_Project/output/s3x_lpm.o
LOAD /mnt/d/repos/ClimateChangeChallenge/qorc-sdk/qf_apps/qf_ssi_ai_app_voltage_sens/GCC_Project/output/s3x_pi.o
LOAD /mnt/d/repos/ClimateChangeChallenge/qorc-sdk/qf_apps/qf_ssi_ai_app_voltage_sens/GCC_Project/output/s3x_pwrcfg.o
LOAD /mnt/d/repos/ClimateChangeChallenge/qorc-sdk/qf_apps/qf_ssi_ai_app_voltage_sens/GCC_Project/output/s3x_qos.o
LOAD /mnt/d/repos/ClimateChangeChallenge/qorc-sdk/qf_apps/qf_ssi_ai_app_voltage_sens/GCC_Project/output/sec_debug.o
LOAD /mnt/d/repos/ClimateChangeChallenge/qorc-sdk/qf_apps/qf_ssi_ai_app_voltage_sens/GCC_Project/output/sensor_audio_acquisition.o
LOAD /mnt/d/repos/ClimateChangeChallenge/qorc-sdk/qf_apps/qf_ssi_ai_app_voltage_sens/GCC_Project/output/sensor_audio_acquisition_test.o
LOAD /mnt/d/repos/ClimateChangeChallenge/qorc-sdk/qf_apps/qf_ssi_ai_app_voltage_sens/GCC_Project/output/sensor_audio_config.o
LOAD /mnt/d/repos/ClimateChangeChallenge/qorc-sdk/qf_apps/qf_ssi_ai_app_voltage_sens/GCC_Project/output/sensor_audio_process.o
LOAD /mnt/d/repos/ClimateChangeChallenge/qorc-sdk/qf_apps/qf_ssi_ai_app_voltage_sens/GCC_Project/output/sensor_ssss.o
LOAD /mnt/d/repos/ClimateChangeChallenge/qorc-sdk/qf_apps/qf_ssi_ai_app_voltage_sens/GCC_Project/output/sml_output.o
LOAD /mnt/d/repos/ClimateChangeChallenge/qorc-sdk/qf_apps/qf_ssi_ai_app_voltage_sens/GCC_Project/output/sml_recognition_run.o
LOAD /mnt/d/repos/ClimateChangeChallenge/qorc-sdk/qf_apps/qf_ssi_ai_app_voltage_sens/GCC_Project/output/spi_flash.o
LOAD /mnt/d/repos/ClimateChangeChallenge/qorc-sdk/qf_apps/qf_ssi_ai_app_voltage_sens/GCC_Project/output/ssi_comms.o
LOAD /mnt/d/repos/ClimateChangeChallenge/qorc-sdk/qf_apps/qf_ssi_ai_app_voltage_sens/GCC_Project/output/startup_EOSS3B_GCC.o
LOAD /mnt/d/repos/ClimateChangeChallenge/qorc-sdk/qf_apps/qf_ssi_ai_app_voltage_sens/GCC_Project/output/stream_buffer.o
LOAD /mnt/d/repos/ClimateChangeChallenge/qorc-sdk/qf_apps/qf_ssi_ai_app_voltage_sens/GCC_Project/output/tasks.o
LOAD /mnt/d/repos/ClimateChangeChallenge/qorc-sdk/qf_apps/qf_ssi_ai_app_voltage_sens/GCC_Project/output/timers.o
LOAD /mnt/d/repos/ClimateChangeChallenge/qorc-sdk/qf_apps/qf_ssi_ai_app_voltage_sens/GCC_Project/output/usb2serial.o
LOAD /mnt/d/repos/ClimateChangeChallenge/qorc-sdk/qf_apps/qf_ssi_ai_app_voltage_sens/GCC_Project/output/vectors_CM4F_gcc.o
LOAD /mnt/d/repos/ClimateChangeChallenge/qorc-sdk/qf_apps/qf_ssi_ai_app_voltage_sens/GCC_Project/output/watchdog.o
LOAD /mnt/d/repos/ClimateChangeChallenge/qorc-sdk/qf_apps/qf_ssi_ai_app_voltage_sens/knowledgepack/sensiml/libsensiml.a
LOAD /mnt/d/repos/ClimateChangeChallenge/qorc-sdk/qf_apps/qf_ssi_ai_app_voltage_sens/GCC_Project/../../../Libraries/CMSIS/lib/GCC/libarm_cortexM4lf_math.a
LOAD /usr/share/gcc-arm-none-eabi-9-2020-q2-update/bin/../lib/gcc/arm-none-eabi/9.3.1/../../../../arm-none-eabi/lib/thumb/v7e-m+fp/hard/libstdc++_nano.a
LOAD /usr/share/gcc-arm-none-eabi-9-2020-q2-update/bin/../lib/gcc/arm-none-eabi/9.3.1/../../../../arm-none-eabi/lib/thumb/v7e-m+fp/hard/libm.a
START GROUP
LOAD /usr/share/gcc-arm-none-eabi-9-2020-q2-update/bin/../lib/gcc/arm-none-eabi/9.3.1/thumb/v7e-m+fp/hard/libgcc.a
LOAD /usr/share/gcc-arm-none-eabi-9-2020-q2-update/bin/../lib/gcc/arm-none-eabi/9.3.1/../../../../arm-none-eabi/lib/thumb/v7e-m+fp/hard/libg_nano.a
LOAD /usr/share/gcc-arm-none-eabi-9-2020-q2-update/bin/../lib/gcc/arm-none-eabi/9.3.1/../../../../arm-none-eabi/lib/thumb/v7e-m+fp/hard/libc_nano.a
END GROUP
START GROUP
LOAD /usr/share/gcc-arm-none-eabi-9-2020-q2-update/bin/../lib/gcc/arm-none-eabi/9.3.1/thumb/v7e-m+fp/hard/libgcc.a
LOAD /usr/share/gcc-arm-none-eabi-9-2020-q2-update/bin/../lib/gcc/arm-none-eabi/9.3.1/../../../../arm-none-eabi/lib/thumb/v7e-m+fp/hard/libc_nano.a
LOAD /usr/share/gcc-arm-none-eabi-9-2020-q2-update/bin/../lib/gcc/arm-none-eabi/9.3.1/../../../../arm-none-eabi/lib/thumb/v7e-m+fp/hard/libnosys.a
END GROUP
START GROUP
LOAD /usr/share/gcc-arm-none-eabi-9-2020-q2-update/bin/../lib/gcc/arm-none-eabi/9.3.1/thumb/v7e-m+fp/hard/libgcc.a
LOAD /usr/share/gcc-arm-none-eabi-9-2020-q2-update/bin/../lib/gcc/arm-none-eabi/9.3.1/../../../../arm-none-eabi/lib/thumb/v7e-m+fp/hard/libc_nano.a
LOAD /usr/share/gcc-arm-none-eabi-9-2020-q2-update/bin/../lib/gcc/arm-none-eabi/9.3.1/../../../../arm-none-eabi/lib/thumb/v7e-m+fp/hard/libnosys.a
END GROUP
LOAD /usr/share/gcc-arm-none-eabi-9-2020-q2-update/bin/../lib/gcc/arm-none-eabi/9.3.1/thumb/v7e-m+fp/hard/crtend.o
LOAD /usr/share/gcc-arm-none-eabi-9-2020-q2-update/bin/../lib/gcc/arm-none-eabi/9.3.1/thumb/v7e-m+fp/hard/crtn.o

.text           0x0000000000000000    0x1c92b
 *(.isr_vector)
 .isr_vector    0x0000000000000000      0x124 /mnt/d/repos/ClimateChangeChallenge/qorc-sdk/qf_apps/qf_ssi_ai_app_voltage_sens/GCC_Project/output/vectors_CM4F_gcc.o
                0x0000000000000000                __Vectors
 *(.text*)
 .text          0x0000000000000124       0x40 /usr/share/gcc-arm-none-eabi-9-2020-q2-update/bin/../lib/gcc/arm-none-eabi/9.3.1/thumb/v7e-m+fp/hard/crtbegin.o
 .text          0x0000000000000164       0x7c /usr/share/gcc-arm-none-eabi-9-2020-q2-update/bin/../lib/gcc/arm-none-eabi/9.3.1/../../../../arm-none-eabi/lib/thumb/v7e-m+fp/hard/crt0.o
                0x0000000000000164                _stack_init
                0x000000000000016c                _mainCRTStartup
                0x000000000000016c                _start
 .text._ZN7ADS101511isConnectedEv
                0x00000000000001e0       0x1a /mnt/d/repos/ClimateChangeChallenge/qorc-sdk/qf_apps/qf_ssi_ai_app_voltage_sens/GCC_Project/output/SparkFun_ADS1015_Arduino_Library.o
                0x00000000000001e0                ADS1015::isConnected()
 .text._ZN7ADS10155beginEhR7TwoWire
                0x00000000000001fa        0x8 /mnt/d/repos/ClimateChangeChallenge/qorc-sdk/qf_apps/qf_ssi_ai_app_voltage_sens/GCC_Project/output/SparkFun_ADS1015_Arduino_Library.o
                0x00000000000001fa                ADS1015::begin(unsigned char, TwoWire&)
 .text._ZN7ADS101513setSampleRateEt
                0x0000000000000202        0x4 /mnt/d/repos/ClimateChangeChallenge/qorc-sdk/qf_apps/qf_ssi_ai_app_voltage_sens/GCC_Project/output/SparkFun_ADS1015_Arduino_Library.o
                0x0000000000000202                ADS1015::setSampleRate(unsigned short)
 .text._ZN7ADS101512readRegisterEh
                0x0000000000000206       0x3a /mnt/d/repos/ClimateChangeChallenge/qorc-sdk/qf_apps/qf_ssi_ai_app_voltage_sens/GCC_Project/output/SparkFun_ADS1015_Arduino_Library.o
                0x0000000000000206                ADS1015::readRegister(unsigned char)
 .text._ZN7ADS101513writeRegisterEht
                0x0000000000000240       0x32 /mnt/d/repos/ClimateChangeChallenge/qorc-sdk/qf_apps/qf_ssi_ai_app_voltage_sens/GCC_Project/output/SparkFun_ADS1015_Arduino_Library.o
                0x0000000000000240                ADS1015::writeRegister(unsigned char, unsigned short)
 .text._ZN7ADS101514getSingleEndedEh
                0x0000000000000272       0x58 /mnt/d/repos/ClimateChangeChallenge/qorc-sdk/qf_apps/qf_ssi_ai_app_voltage_sens/GCC_Project/output/SparkFun_ADS1015_Arduino_Library.o
                0x0000000000000272                ADS1015::getSingleEnded(unsigned char)
 *fill*         0x00000000000002ca        0x2 
 .text._ZN7TwoWire17beginTransmissionEi
                0x00000000000002cc       0x1c /mnt/d/repos/ClimateChangeChallenge/qorc-sdk/qf_apps/qf_ssi_ai_app_voltage_sens/GCC_Project/output/Wire.o
                0x00000000000002cc                TwoWire::beginTransmission(int)
 .text._ZN7TwoWire15endTransmissionEi
                0x00000000000002e8       0x28 /mnt/d/repos/ClimateChangeChallenge/qorc-sdk/qf_apps/qf_ssi_ai_app_voltage_sens/GCC_Project/output/Wire.o
                0x00000000000002e8                TwoWire::endTransmission(int)
 .text._ZN7TwoWire15endTransmissionEv
                0x0000000000000310        0x6 /mnt/d/repos/ClimateChangeChallenge/qorc-sdk/qf_apps/qf_ssi_ai_app_voltage_sens/GCC_Project/output/Wire.o
                0x0000000000000310                TwoWire::endTransmission()
 *fill*         0x0000000000000316        0x2 
 .text._ZN7TwoWire11requestFromEiib
                0x0000000000000318       0x28 /mnt/d/repos/ClimateChangeChallenge/qorc-sdk/qf_apps/qf_ssi_ai_app_voltage_sens/GCC_Project/output/Wire.o
                0x0000000000000318                TwoWire::requestFrom(int, int, bool)
 .text._ZN7TwoWire11requestFromEii
                0x0000000000000340        0x6 /mnt/d/repos/ClimateChangeChallenge/qorc-sdk/qf_apps/qf_ssi_ai_app_voltage_sens/GCC_Project/output/Wire.o
                0x0000000000000340                TwoWire::requestFrom(int, int)
 *fill*         0x0000000000000346        0x2 
 .text._ZN7TwoWire5writeEPKhi
                0x0000000000000348       0x38 /mnt/d/repos/ClimateChangeChallenge/qorc-sdk/qf_apps/qf_ssi_ai_app_voltage_sens/GCC_Project/output/Wire.o
                0x0000000000000348                TwoWire::write(unsigned char const*, int)
 .text._ZN7TwoWire5writeEh
                0x0000000000000380       0x16 /mnt/d/repos/ClimateChangeChallenge/qorc-sdk/qf_apps/qf_ssi_ai_app_voltage_sens/GCC_Project/output/Wire.o
                0x0000000000000380                TwoWire::write(unsigned char)
 *fill*         0x0000000000000396        0x2 
 .text._ZN7TwoWire4readEv
                0x0000000000000398       0x2c /mnt/d/repos/ClimateChangeChallenge/qorc-sdk/qf_apps/qf_ssi_ai_app_voltage_sens/GCC_Project/output/Wire.o
                0x0000000000000398                TwoWire::read()
 .text._write   0x00000000000003c4        0xe /mnt/d/repos/ClimateChangeChallenge/qorc-sdk/qf_apps/qf_ssi_ai_app_voltage_sens/GCC_Project/output/c_lib_retarget.o
                0x00000000000003c4                _write
 .text._close   0x00000000000003d2        0x6 /mnt/d/repos/ClimateChangeChallenge/qorc-sdk/qf_apps/qf_ssi_ai_app_voltage_sens/GCC_Project/output/c_lib_retarget.o
                0x00000000000003d2                _close
 .text._lseek   0x00000000000003d8        0x4 /mnt/d/repos/ClimateChangeChallenge/qorc-sdk/qf_apps/qf_ssi_ai_app_voltage_sens/GCC_Project/output/c_lib_retarget.o
                0x00000000000003d8                _lseek
 .text._read    0x00000000000003dc        0x4 /mnt/d/repos/ClimateChangeChallenge/qorc-sdk/qf_apps/qf_ssi_ai_app_voltage_sens/GCC_Project/output/c_lib_retarget.o
                0x00000000000003dc                _read
 .text.datablk_mgr_acquire_common
                0x00000000000003e0       0x84 /mnt/d/repos/ClimateChangeChallenge/qorc-sdk/qf_apps/qf_ssi_ai_app_voltage_sens/GCC_Project/output/datablk_mgr.o
 .text.datablk_mgr_init
                0x0000000000000464       0xd8 /mnt/d/repos/ClimateChangeChallenge/qorc-sdk/qf_apps/qf_ssi_ai_app_voltage_sens/GCC_Project/output/datablk_mgr.o
                0x0000000000000464                datablk_mgr_init
 .text.datablk_mgr_acquire
                0x000000000000053c        0x6 /mnt/d/repos/ClimateChangeChallenge/qorc-sdk/qf_apps/qf_ssi_ai_app_voltage_sens/GCC_Project/output/datablk_mgr.o
                0x000000000000053c                datablk_mgr_acquire
 .text.datablk_mgr_acquireFromISR
                0x0000000000000542        0x8 /mnt/d/repos/ClimateChangeChallenge/qorc-sdk/qf_apps/qf_ssi_ai_app_voltage_sens/GCC_Project/output/datablk_mgr.o
                0x0000000000000542                datablk_mgr_acquireFromISR
 .text.datablk_mgr_usecount_increment
                0x000000000000054a       0x18 /mnt/d/repos/ClimateChangeChallenge/qorc-sdk/qf_apps/qf_ssi_ai_app_voltage_sens/GCC_Project/output/datablk_mgr.o
                0x000000000000054a                datablk_mgr_usecount_increment
 .text.datablk_mgr_validity_check
                0x0000000000000562       0x1a /mnt/d/repos/ClimateChangeChallenge/qorc-sdk/qf_apps/qf_ssi_ai_app_voltage_sens/GCC_Project/output/datablk_mgr.o
                0x0000000000000562                datablk_mgr_validity_check
 .text.datablk_mgr_release_common
                0x000000000000057c       0x8c /mnt/d/repos/ClimateChangeChallenge/qorc-sdk/qf_apps/qf_ssi_ai_app_voltage_sens/GCC_Project/output/datablk_mgr.o
                0x000000000000057c                datablk_mgr_release_common
 .text.datablk_mgr_release
                0x0000000000000608        0x6 /mnt/d/repos/ClimateChangeChallenge/qorc-sdk/qf_apps/qf_ssi_ai_app_voltage_sens/GCC_Project/output/datablk_mgr.o
                0x0000000000000608                datablk_mgr_release
 *fill*         0x000000000000060e        0x2 
 .text.datablk_mgr_WriteDataBufferToQueues
                0x0000000000000610       0x70 /mnt/d/repos/ClimateChangeChallenge/qorc-sdk/qf_apps/qf_ssi_ai_app_voltage_sens/GCC_Project/output/datablk_mgr.o
                0x0000000000000610                datablk_mgr_WriteDataBufferToQueues
 .text.datablk_mgr_WriteDataBufferToQueuesFromISR
                0x0000000000000680       0x60 /mnt/d/repos/ClimateChangeChallenge/qorc-sdk/qf_apps/qf_ssi_ai_app_voltage_sens/GCC_Project/output/datablk_mgr.o
                0x0000000000000680                datablk_mgr_WriteDataBufferToQueuesFromISR
 .text.datablk_processor_task
                0x00000000000006e0      0x118 /mnt/d/repos/ClimateChangeChallenge/qorc-sdk/qf_apps/qf_ssi_ai_app_voltage_sens/GCC_Project/output/datablk_processor.o
 .text.datablk_pe_process_bypass_func
                0x00000000000007f8       0x18 /mnt/d/repos/ClimateChangeChallenge/qorc-sdk/qf_apps/qf_ssi_ai_app_voltage_sens/GCC_Project/output/datablk_processor.o
 .text.datablk_processor_task_setup
                0x0000000000000810       0x48 /mnt/d/repos/ClimateChangeChallenge/qorc-sdk/qf_apps/qf_ssi_ai_app_voltage_sens/GCC_Project/output/datablk_processor.o
                0x0000000000000810                datablk_processor_task_setup
 .text.__debug_lockup
                0x0000000000000858       0x14 /mnt/d/repos/ClimateChangeChallenge/qorc-sdk/qf_apps/qf_ssi_ai_app_voltage_sens/GCC_Project/output/dbg_uart.o
 .text._semihost_write
                0x000000000000086c       0x54 /mnt/d/repos/ClimateChangeChallenge/qorc-sdk/qf_apps/qf_ssi_ai_app_voltage_sens/GCC_Project/output/dbg_uart.o
                0x000000000000086c                _semihost_write
 .text.dbg_ch_raw
                0x00000000000008c0       0x74 /mnt/d/repos/ClimateChangeChallenge/qorc-sdk/qf_apps/qf_ssi_ai_app_voltage_sens/GCC_Project/output/dbg_uart.o
                0x00000000000008c0                dbg_ch_raw
 .text.dbg_nl   0x0000000000000934       0x12 /mnt/d/repos/ClimateChangeChallenge/qorc-sdk/qf_apps/qf_ssi_ai_app_voltage_sens/GCC_Project/output/dbg_uart.o
                0x0000000000000934                dbg_nl
 .text.dbg_ch   0x0000000000000946        0xc /mnt/d/repos/ClimateChangeChallenge/qorc-sdk/qf_apps/qf_ssi_ai_app_voltage_sens/GCC_Project/output/dbg_uart.o
                0x0000000000000946                dbg_ch
 .text.dbg_hex4
                0x0000000000000952       0x14 /mnt/d/repos/ClimateChangeChallenge/qorc-sdk/qf_apps/qf_ssi_ai_app_voltage_sens/GCC_Project/output/dbg_uart.o
 .text.dbg_hex8
                0x0000000000000966       0x14 /mnt/d/repos/ClimateChangeChallenge/qorc-sdk/qf_apps/qf_ssi_ai_app_voltage_sens/GCC_Project/output/dbg_uart.o
                0x0000000000000966                dbg_hex8
 .text.dbg_hex16
                0x000000000000097a       0x14 /mnt/d/repos/ClimateChangeChallenge/qorc-sdk/qf_apps/qf_ssi_ai_app_voltage_sens/GCC_Project/output/dbg_uart.o
                0x000000000000097a                dbg_hex16
 .text.dbg_hex32
                0x000000000000098e       0x14 /mnt/d/repos/ClimateChangeChallenge/qorc-sdk/qf_apps/qf_ssi_ai_app_voltage_sens/GCC_Project/output/dbg_uart.o
                0x000000000000098e                dbg_hex32
 .text._dbg_int
                0x00000000000009a2       0x20 /mnt/d/repos/ClimateChangeChallenge/qorc-sdk/qf_apps/qf_ssi_ai_app_voltage_sens/GCC_Project/output/dbg_uart.o
 .text.dbg_memdumpx
                0x00000000000009c2       0xea /mnt/d/repos/ClimateChangeChallenge/qorc-sdk/qf_apps/qf_ssi_ai_app_voltage_sens/GCC_Project/output/dbg_uart.o
 .text.dbg_str  0x0000000000000aac       0x84 /mnt/d/repos/ClimateChangeChallenge/qorc-sdk/qf_apps/qf_ssi_ai_app_voltage_sens/GCC_Project/output/dbg_uart.o
                0x0000000000000aac                dbg_str
 .text._dbg_str_xxx
                0x0000000000000b30       0x16 /mnt/d/repos/ClimateChangeChallenge/qorc-sdk/qf_apps/qf_ssi_ai_app_voltage_sens/GCC_Project/output/dbg_uart.o
 .text.dbg_str_hexXX
                0x0000000000000b46       0x22 /mnt/d/repos/ClimateChangeChallenge/qorc-sdk/qf_apps/qf_ssi_ai_app_voltage_sens/GCC_Project/output/dbg_uart.o
 .text.dbg_int  0x0000000000000b68       0x24 /mnt/d/repos/ClimateChangeChallenge/qorc-sdk/qf_apps/qf_ssi_ai_app_voltage_sens/GCC_Project/output/dbg_uart.o
                0x0000000000000b68                dbg_int
 .text.dbg_str_str
                0x0000000000000b8c       0x16 /mnt/d/repos/ClimateChangeChallenge/qorc-sdk/qf_apps/qf_ssi_ai_app_voltage_sens/GCC_Project/output/dbg_uart.o
                0x0000000000000b8c                dbg_str_str
 .text.dbg_str_int
                0x0000000000000ba2       0x16 /mnt/d/repos/ClimateChangeChallenge/qorc-sdk/qf_apps/qf_ssi_ai_app_voltage_sens/GCC_Project/output/dbg_uart.o
                0x0000000000000ba2                dbg_str_int
 .text.dbg_str_int_noln
                0x0000000000000bb8       0x12 /mnt/d/repos/ClimateChangeChallenge/qorc-sdk/qf_apps/qf_ssi_ai_app_voltage_sens/GCC_Project/output/dbg_uart.o
                0x0000000000000bb8                dbg_str_int_noln
 *fill*         0x0000000000000bca        0x2 
 .text.dbg_str_hex32
                0x0000000000000bcc        0xc /mnt/d/repos/ClimateChangeChallenge/qorc-sdk/qf_apps/qf_ssi_ai_app_voltage_sens/GCC_Project/output/dbg_uart.o
                0x0000000000000bcc                dbg_str_hex32
 .text.dbg_fatal_error
                0x0000000000000bd8       0x12 /mnt/d/repos/ClimateChangeChallenge/qorc-sdk/qf_apps/qf_ssi_ai_app_voltage_sens/GCC_Project/output/dbg_uart.o
                0x0000000000000bd8                dbg_fatal_error
 .text.dbg_fatal_error_int
                0x0000000000000bea        0xe /mnt/d/repos/ClimateChangeChallenge/qorc-sdk/qf_apps/qf_ssi_ai_app_voltage_sens/GCC_Project/output/dbg_uart.o
                0x0000000000000bea                dbg_fatal_error_int
 .text.dbg_memdump32
                0x0000000000000bf8       0x1e /mnt/d/repos/ClimateChangeChallenge/qorc-sdk/qf_apps/qf_ssi_ai_app_voltage_sens/GCC_Project/output/dbg_uart.o
                0x0000000000000bf8                dbg_memdump32
 *fill*         0x0000000000000c16        0x2 
 .text.onDmac0BlockDone
                0x0000000000000c18       0x20 /mnt/d/repos/ClimateChangeChallenge/qorc-sdk/qf_apps/qf_ssi_ai_app_voltage_sens/GCC_Project/output/eoss3_hal_audio.o
                0x0000000000000c18                onDmac0BlockDone
 .text.onDmac0BufferDone
                0x0000000000000c38       0x20 /mnt/d/repos/ClimateChangeChallenge/qorc-sdk/qf_apps/qf_ssi_ai_app_voltage_sens/GCC_Project/output/eoss3_hal_audio.o
                0x0000000000000c38                onDmac0BufferDone
 .text.audio_isr_onDmac0BufferDone
                0x0000000000000c58       0xc8 /mnt/d/repos/ClimateChangeChallenge/qorc-sdk/qf_apps/qf_ssi_ai_app_voltage_sens/GCC_Project/output/eoss3_hal_audio.o
                0x0000000000000c58                audio_isr_onDmac0BufferDone
 .text.HAL_usbserial_init_common
                0x0000000000000d20      0x108 /mnt/d/repos/ClimateChangeChallenge/qorc-sdk/qf_apps/qf_ssi_ai_app_voltage_sens/GCC_Project/output/eoss3_hal_fpga_usbserial.o
 .text.HAL_usbserial_isrfunc
                0x0000000000000e28       0x4c /mnt/d/repos/ClimateChangeChallenge/qorc-sdk/qf_apps/qf_ssi_ai_app_voltage_sens/GCC_Project/output/eoss3_hal_fpga_usbserial.o
 .text.HAL_usbserial_init2
                0x0000000000000e74        0x8 /mnt/d/repos/ClimateChangeChallenge/qorc-sdk/qf_apps/qf_ssi_ai_app_voltage_sens/GCC_Project/output/eoss3_hal_fpga_usbserial.o
                0x0000000000000e74                HAL_usbserial_init2
 .text.HAL_usbserial_init
                0x0000000000000e7c        0xa /mnt/d/repos/ClimateChangeChallenge/qorc-sdk/qf_apps/qf_ssi_ai_app_voltage_sens/GCC_Project/output/eoss3_hal_fpga_usbserial.o
                0x0000000000000e7c                HAL_usbserial_init
 *fill*         0x0000000000000e86        0x2 
 .text.HAL_usbserial_getc
                0x0000000000000e88       0x18 /mnt/d/repos/ClimateChangeChallenge/qorc-sdk/qf_apps/qf_ssi_ai_app_voltage_sens/GCC_Project/output/eoss3_hal_fpga_usbserial.o
                0x0000000000000e88                HAL_usbserial_getc
 .text.HAL_usbserial_putc
                0x0000000000000ea0       0x20 /mnt/d/repos/ClimateChangeChallenge/qorc-sdk/qf_apps/qf_ssi_ai_app_voltage_sens/GCC_Project/output/eoss3_hal_fpga_usbserial.o
                0x0000000000000ea0                HAL_usbserial_putc
 .text.HAL_usbserial_dataavailable
                0x0000000000000ec0       0x10 /mnt/d/repos/ClimateChangeChallenge/qorc-sdk/qf_apps/qf_ssi_ai_app_voltage_sens/GCC_Project/output/eoss3_hal_fpga_usbserial.o
                0x0000000000000ec0                HAL_usbserial_dataavailable
 .text.HAL_GPIO_Write
                0x0000000000000ed0       0x28 /mnt/d/repos/ClimateChangeChallenge/qorc-sdk/qf_apps/qf_ssi_ai_app_voltage_sens/GCC_Project/output/eoss3_hal_gpio.o
                0x0000000000000ed0                HAL_GPIO_Write
 .text.HAL_I2C_SetClockFreq
                0x0000000000000ef8       0x80 /mnt/d/repos/ClimateChangeChallenge/qorc-sdk/qf_apps/qf_ssi_ai_app_voltage_sens/GCC_Project/output/eoss3_hal_i2c.o
                0x0000000000000ef8                HAL_I2C_SetClockFreq
 .text.HAL_I2C_Init
                0x0000000000000f78       0x68 /mnt/d/repos/ClimateChangeChallenge/qorc-sdk/qf_apps/qf_ssi_ai_app_voltage_sens/GCC_Project/output/eoss3_hal_i2c.o
                0x0000000000000f78                HAL_I2C_Init
 .text.HAL_I2C_ReadRawData
                0x0000000000000fe0       0xec /mnt/d/repos/ClimateChangeChallenge/qorc-sdk/qf_apps/qf_ssi_ai_app_voltage_sens/GCC_Project/output/eoss3_hal_i2c.o
                0x0000000000000fe0                HAL_I2C_ReadRawData
 .text.HAL_I2C_WriteRawData
                0x00000000000010cc      0x100 /mnt/d/repos/ClimateChangeChallenge/qorc-sdk/qf_apps/qf_ssi_ai_app_voltage_sens/GCC_Project/output/eoss3_hal_i2c.o
                0x00000000000010cc                HAL_I2C_WriteRawData
 .text.HAL_PAD_Config
                0x00000000000011cc      0x190 /mnt/d/repos/ClimateChangeChallenge/qorc-sdk/qf_apps/qf_ssi_ai_app_voltage_sens/GCC_Project/output/eoss3_hal_pad_config.o
                0x00000000000011cc                HAL_PAD_Config
 .text.configure_s3_pads
                0x000000000000135c       0x1a /mnt/d/repos/ClimateChangeChallenge/qorc-sdk/qf_apps/qf_ssi_ai_app_voltage_sens/GCC_Project/output/eoss3_hal_pad_config.o
                0x000000000000135c                configure_s3_pads
 *fill*         0x0000000000001376        0x2 
 .text.eoss3_rtc_enable_irq
                0x0000000000001378       0x28 /mnt/d/repos/ClimateChangeChallenge/qorc-sdk/qf_apps/qf_ssi_ai_app_voltage_sens/GCC_Project/output/eoss3_hal_rtc.o
 .text.write_rtc_reg
                0x00000000000013a0       0x18 /mnt/d/repos/ClimateChangeChallenge/qorc-sdk/qf_apps/qf_ssi_ai_app_voltage_sens/GCC_Project/output/eoss3_hal_rtc.o
 .text.__rtc_setup_alarm.isra.0
                0x00000000000013b8       0x44 /mnt/d/repos/ClimateChangeChallenge/qorc-sdk/qf_apps/qf_ssi_ai_app_voltage_sens/GCC_Project/output/eoss3_hal_rtc.o
 .text.HAL_RTC_ISR
                0x00000000000013fc       0x24 /mnt/d/repos/ClimateChangeChallenge/qorc-sdk/qf_apps/qf_ssi_ai_app_voltage_sens/GCC_Project/output/eoss3_hal_rtc.o
                0x00000000000013fc                HAL_RTC_ISR
 .text.unlock_spi1_bus
                0x0000000000001420       0x58 /mnt/d/repos/ClimateChangeChallenge/qorc-sdk/qf_apps/qf_ssi_ai_app_voltage_sens/GCC_Project/output/eoss3_hal_spi.o
                0x0000000000001420                unlock_spi1_bus
 .text.SPI_DMA_Complete
                0x0000000000001478       0x88 /mnt/d/repos/ClimateChangeChallenge/qorc-sdk/qf_apps/qf_ssi_ai_app_voltage_sens/GCC_Project/output/eoss3_hal_spi.o
                0x0000000000001478                SPI_DMA_Complete
 .text.HAL_SPI_IRQHandler
                0x0000000000001500       0x6c /mnt/d/repos/ClimateChangeChallenge/qorc-sdk/qf_apps/qf_ssi_ai_app_voltage_sens/GCC_Project/output/eoss3_hal_spi.o
                0x0000000000001500                HAL_SPI_IRQHandler
 .text.HAL_Delay_Init
                0x000000000000156c       0x54 /mnt/d/repos/ClimateChangeChallenge/qorc-sdk/qf_apps/qf_ssi_ai_app_voltage_sens/GCC_Project/output/eoss3_hal_timer.o
                0x000000000000156c                HAL_Delay_Init
 .text.HAL_DelayUSec
                0x00000000000015c0       0x28 /mnt/d/repos/ClimateChangeChallenge/qorc-sdk/qf_apps/qf_ssi_ai_app_voltage_sens/GCC_Project/output/eoss3_hal_timer.o
                0x00000000000015c0                HAL_DelayUSec
 .text.HAL_Timer_ISR
                0x00000000000015e8       0x88 /mnt/d/repos/ClimateChangeChallenge/qorc-sdk/qf_apps/qf_ssi_ai_app_voltage_sens/GCC_Project/output/eoss3_hal_timer.o
                0x00000000000015e8                HAL_Timer_ISR
 .text.uart_baud_rate
                0x0000000000001670       0x60 /mnt/d/repos/ClimateChangeChallenge/qorc-sdk/qf_apps/qf_ssi_ai_app_voltage_sens/GCC_Project/output/eoss3_hal_uart.o
 .text.is_hw_uart_enabled
                0x00000000000016d0       0x20 /mnt/d/repos/ClimateChangeChallenge/qorc-sdk/qf_apps/qf_ssi_ai_app_voltage_sens/GCC_Project/output/eoss3_hal_uart.o
 .text.uart_disable
                0x00000000000016f0       0x1c /mnt/d/repos/ClimateChangeChallenge/qorc-sdk/qf_apps/qf_ssi_ai_app_voltage_sens/GCC_Project/output/eoss3_hal_uart.o
 .text.uart_lpm_callback
                0x000000000000170c       0x70 /mnt/d/repos/ClimateChangeChallenge/qorc-sdk/qf_apps/qf_ssi_ai_app_voltage_sens/GCC_Project/output/eoss3_hal_uart.o
 .text.uart_init
                0x000000000000177c      0x17c /mnt/d/repos/ClimateChangeChallenge/qorc-sdk/qf_apps/qf_ssi_ai_app_voltage_sens/GCC_Project/output/eoss3_hal_uart.o
                0x000000000000177c                uart_init
 .text.uart_isr_handler
                0x00000000000018f8       0x84 /mnt/d/repos/ClimateChangeChallenge/qorc-sdk/qf_apps/qf_ssi_ai_app_voltage_sens/GCC_Project/output/eoss3_hal_uart.o
                0x00000000000018f8                uart_isr_handler
 .text.uart_tx_raw
                0x000000000000197c       0x48 /mnt/d/repos/ClimateChangeChallenge/qorc-sdk/qf_apps/qf_ssi_ai_app_voltage_sens/GCC_Project/output/eoss3_hal_uart.o
                0x000000000000197c                uart_tx_raw
 .text.uart_tx  0x00000000000019c4       0x1c /mnt/d/repos/ClimateChangeChallenge/qorc-sdk/qf_apps/qf_ssi_ai_app_voltage_sens/GCC_Project/output/eoss3_hal_uart.o
                0x00000000000019c4                uart_tx
 .text.uart_tx_buf
                0x00000000000019e0       0x1a /mnt/d/repos/ClimateChangeChallenge/qorc-sdk/qf_apps/qf_ssi_ai_app_voltage_sens/GCC_Project/output/eoss3_hal_uart.o
                0x00000000000019e0                uart_tx_buf
 .text.uart_tx_raw_buf
                0x00000000000019fa       0x1a /mnt/d/repos/ClimateChangeChallenge/qorc-sdk/qf_apps/qf_ssi_ai_app_voltage_sens/GCC_Project/output/eoss3_hal_uart.o
                0x00000000000019fa                uart_tx_raw_buf
 .text.uart_rx_available
                0x0000000000001a14       0x40 /mnt/d/repos/ClimateChangeChallenge/qorc-sdk/qf_apps/qf_ssi_ai_app_voltage_sens/GCC_Project/output/eoss3_hal_uart.o
                0x0000000000001a14                uart_rx_available
 .text.uart_rx  0x0000000000001a54       0x6c /mnt/d/repos/ClimateChangeChallenge/qorc-sdk/qf_apps/qf_ssi_ai_app_voltage_sens/GCC_Project/output/eoss3_hal_uart.o
                0x0000000000001a54                uart_rx
 .text.uart_rx_raw_buf
                0x0000000000001ac0       0x1e /mnt/d/repos/ClimateChangeChallenge/qorc-sdk/qf_apps/qf_ssi_ai_app_voltage_sens/GCC_Project/output/eoss3_hal_uart.o
                0x0000000000001ac0                uart_rx_raw_buf
 *fill*         0x0000000000001ade        0x2 
 .text.HAL_WB_Transmit
                0x0000000000001ae0       0x3c /mnt/d/repos/ClimateChangeChallenge/qorc-sdk/qf_apps/qf_ssi_ai_app_voltage_sens/GCC_Project/output/eoss3_hal_wb.o
                0x0000000000001ae0                HAL_WB_Transmit
 .text.HAL_WB_Receive
                0x0000000000001b1c       0x44 /mnt/d/repos/ClimateChangeChallenge/qorc-sdk/qf_apps/qf_ssi_ai_app_voltage_sens/GCC_Project/output/eoss3_hal_wb.o
                0x0000000000001b1c                HAL_WB_Receive
 .text.HAL_WB_Init
                0x0000000000001b60      0x10c /mnt/d/repos/ClimateChangeChallenge/qorc-sdk/qf_apps/qf_ssi_ai_app_voltage_sens/GCC_Project/output/eoss3_hal_wb.o
                0x0000000000001b60                HAL_WB_Init
 .text.WDT_ISR  0x0000000000001c6c       0x8c /mnt/d/repos/ClimateChangeChallenge/qorc-sdk/qf_apps/qf_ssi_ai_app_voltage_sens/GCC_Project/output/eoss3_hal_wdt.o
                0x0000000000001c6c                WDT_ISR
 .text.spurious_interrupt
                0x0000000000001cf8        0xc /mnt/d/repos/ClimateChangeChallenge/qorc-sdk/qf_apps/qf_ssi_ai_app_voltage_sens/GCC_Project/output/exceptions.o
 .text.prvGetRegistersFromStack
                0x0000000000001d04       0xf0 /mnt/d/repos/ClimateChangeChallenge/qorc-sdk/qf_apps/qf_ssi_ai_app_voltage_sens/GCC_Project/output/exceptions.o
                0x0000000000001d04                prvGetRegistersFromStack
 .text.HardFault_Handler
                0x0000000000001df4       0x16 /mnt/d/repos/ClimateChangeChallenge/qorc-sdk/qf_apps/qf_ssi_ai_app_voltage_sens/GCC_Project/output/exceptions.o
                0x0000000000001df4                HardFault_Handler
 .text.NMI_Handler
                0x0000000000001e0a        0x6 /mnt/d/repos/ClimateChangeChallenge/qorc-sdk/qf_apps/qf_ssi_ai_app_voltage_sens/GCC_Project/output/exceptions.o
                0x0000000000001e0a                NMI_Handler
 .text.MemManage_Handler
                0x0000000000001e10        0x6 /mnt/d/repos/ClimateChangeChallenge/qorc-sdk/qf_apps/qf_ssi_ai_app_voltage_sens/GCC_Project/output/exceptions.o
                0x0000000000001e10                MemManage_Handler
 .text.BusFault_Handler
                0x0000000000001e16        0x6 /mnt/d/repos/ClimateChangeChallenge/qorc-sdk/qf_apps/qf_ssi_ai_app_voltage_sens/GCC_Project/output/exceptions.o
                0x0000000000001e16                BusFault_Handler
 .text.UsageFault_Handler
                0x0000000000001e1c        0x6 /mnt/d/repos/ClimateChangeChallenge/qorc-sdk/qf_apps/qf_ssi_ai_app_voltage_sens/GCC_Project/output/exceptions.o
                0x0000000000001e1c                UsageFault_Handler
 .text.DebugMon_Handler
                0x0000000000001e22        0x6 /mnt/d/repos/ClimateChangeChallenge/qorc-sdk/qf_apps/qf_ssi_ai_app_voltage_sens/GCC_Project/output/exceptions.o
                0x0000000000001e22                DebugMon_Handler
 .text.Uart_Handler
                0x0000000000001e28       0x50 /mnt/d/repos/ClimateChangeChallenge/qorc-sdk/qf_apps/qf_ssi_ai_app_voltage_sens/GCC_Project/output/exceptions.o
                0x0000000000001e28                Uart_Handler
 .text.Timer_Handler
                0x0000000000001e78       0x24 /mnt/d/repos/ClimateChangeChallenge/qorc-sdk/qf_apps/qf_ssi_ai_app_voltage_sens/GCC_Project/output/exceptions.o
                0x0000000000001e78                Timer_Handler
 .text.CpuWdtInt_Handler
                0x0000000000001e9c       0x24 /mnt/d/repos/ClimateChangeChallenge/qorc-sdk/qf_apps/qf_ssi_ai_app_voltage_sens/GCC_Project/output/exceptions.o
                0x0000000000001e9c                CpuWdtInt_Handler
 .text.CpuWdtRst_Handler
                0x0000000000001ec0        0x6 /mnt/d/repos/ClimateChangeChallenge/qorc-sdk/qf_apps/qf_ssi_ai_app_voltage_sens/GCC_Project/output/exceptions.o
                0x0000000000001ec0                CpuWdtRst_Handler
 .text.BusTimeout_Handler
                0x0000000000001ec6        0x6 /mnt/d/repos/ClimateChangeChallenge/qorc-sdk/qf_apps/qf_ssi_ai_app_voltage_sens/GCC_Project/output/exceptions.o
                0x0000000000001ec6                BusTimeout_Handler
 .text.Fpu_Handler
                0x0000000000001ecc        0x6 /mnt/d/repos/ClimateChangeChallenge/qorc-sdk/qf_apps/qf_ssi_ai_app_voltage_sens/GCC_Project/output/exceptions.o
                0x0000000000001ecc                Fpu_Handler
 *fill*         0x0000000000001ed2        0x2 
 .text.Pkfb_Handler
                0x0000000000001ed4       0x10 /mnt/d/repos/ClimateChangeChallenge/qorc-sdk/qf_apps/qf_ssi_ai_app_voltage_sens/GCC_Project/output/exceptions.o
                0x0000000000001ed4                Pkfb_Handler
 .text.I2s_Handler
                0x0000000000001ee4        0x6 /mnt/d/repos/ClimateChangeChallenge/qorc-sdk/qf_apps/qf_ssi_ai_app_voltage_sens/GCC_Project/output/exceptions.o
                0x0000000000001ee4                I2s_Handler
 .text.Audio_Handler
                0x0000000000001eea        0x6 /mnt/d/repos/ClimateChangeChallenge/qorc-sdk/qf_apps/qf_ssi_ai_app_voltage_sens/GCC_Project/output/exceptions.o
                0x0000000000001eea                Audio_Handler
 .text.SpiMs_Handler
                0x0000000000001ef0       0x5c /mnt/d/repos/ClimateChangeChallenge/qorc-sdk/qf_apps/qf_ssi_ai_app_voltage_sens/GCC_Project/output/exceptions.o
                0x0000000000001ef0                SpiMs_Handler
 .text.CfgDma_Handler
                0x0000000000001f4c       0x28 /mnt/d/repos/ClimateChangeChallenge/qorc-sdk/qf_apps/qf_ssi_ai_app_voltage_sens/GCC_Project/output/exceptions.o
                0x0000000000001f4c                CfgDma_Handler
 .text.PmuTimer_Handler
                0x0000000000001f74        0x2 /mnt/d/repos/ClimateChangeChallenge/qorc-sdk/qf_apps/qf_ssi_ai_app_voltage_sens/GCC_Project/output/exceptions.o
                0x0000000000001f74                PmuTimer_Handler
 .text.AdcDone_Handler
                0x0000000000001f76        0x8 /mnt/d/repos/ClimateChangeChallenge/qorc-sdk/qf_apps/qf_ssi_ai_app_voltage_sens/GCC_Project/output/exceptions.o
                0x0000000000001f76                AdcDone_Handler
 *fill*         0x0000000000001f7e        0x2 
 .text.RtcAlarm_Handler
                0x0000000000001f80       0x1c /mnt/d/repos/ClimateChangeChallenge/qorc-sdk/qf_apps/qf_ssi_ai_app_voltage_sens/GCC_Project/output/exceptions.o
                0x0000000000001f80                RtcAlarm_Handler
 .text.ResetInt_Handler
                0x0000000000001f9c        0x8 /mnt/d/repos/ClimateChangeChallenge/qorc-sdk/qf_apps/qf_ssi_ai_app_voltage_sens/GCC_Project/output/exceptions.o
                0x0000000000001f9c                ResetInt_Handler
 .text.Ffe0_Handler
                0x0000000000001fa4       0x18 /mnt/d/repos/ClimateChangeChallenge/qorc-sdk/qf_apps/qf_ssi_ai_app_voltage_sens/GCC_Project/output/exceptions.o
                0x0000000000001fa4                Ffe0_Handler
 .text.FbMsg_Handler
                0x0000000000001fbc       0x6c /mnt/d/repos/ClimateChangeChallenge/qorc-sdk/qf_apps/qf_ssi_ai_app_voltage_sens/GCC_Project/output/exceptions.o
                0x0000000000001fbc                FbMsg_Handler
 .text.FB_RegisterISR
                0x0000000000002028       0x10 /mnt/d/repos/ClimateChangeChallenge/qorc-sdk/qf_apps/qf_ssi_ai_app_voltage_sens/GCC_Project/output/exceptions.o
                0x0000000000002028                FB_RegisterISR
 .text.FB_ConfigureInterrupt
                0x0000000000002038       0x78 /mnt/d/repos/ClimateChangeChallenge/qorc-sdk/qf_apps/qf_ssi_ai_app_voltage_sens/GCC_Project/output/exceptions.o
                0x0000000000002038                FB_ConfigureInterrupt
 .text.SensorGpio_Handler
                0x00000000000020b0        0x8 /mnt/d/repos/ClimateChangeChallenge/qorc-sdk/qf_apps/qf_ssi_ai_app_voltage_sens/GCC_Project/output/exceptions.o
                0x00000000000020b0                SensorGpio_Handler
 .text.M4SramSleep_Handler
                0x00000000000020b8        0x8 /mnt/d/repos/ClimateChangeChallenge/qorc-sdk/qf_apps/qf_ssi_ai_app_voltage_sens/GCC_Project/output/exceptions.o
                0x00000000000020b8                M4SramSleep_Handler
 .text.LDO30_PG_Handler
                0x00000000000020c0        0x8 /mnt/d/repos/ClimateChangeChallenge/qorc-sdk/qf_apps/qf_ssi_ai_app_voltage_sens/GCC_Project/output/exceptions.o
                0x00000000000020c0                LDO30_PG_Handler
 .text.LDO50_PG_Handler
                0x00000000000020c8        0x8 /mnt/d/repos/ClimateChangeChallenge/qorc-sdk/qf_apps/qf_ssi_ai_app_voltage_sens/GCC_Project/output/exceptions.o
                0x00000000000020c8                LDO50_PG_Handler
 .text.DMIC_Voice_Det_Handler
                0x00000000000020d0        0x8 /mnt/d/repos/ClimateChangeChallenge/qorc-sdk/qf_apps/qf_ssi_ai_app_voltage_sens/GCC_Project/output/exceptions.o
                0x00000000000020d0                DMIC_Voice_Det_Handler
 .text.ApPDMClkOn_Handler
                0x00000000000020d8        0x8 /mnt/d/repos/ClimateChangeChallenge/qorc-sdk/qf_apps/qf_ssi_ai_app_voltage_sens/GCC_Project/output/exceptions.o
                0x00000000000020d8                ApPDMClkOn_Handler
 .text.ApPDMClkOff_Handler
                0x00000000000020e0        0x8 /mnt/d/repos/ClimateChangeChallenge/qorc-sdk/qf_apps/qf_ssi_ai_app_voltage_sens/GCC_Project/output/exceptions.o
                0x00000000000020e0                ApPDMClkOff_Handler
 .text.Dmac0BlkDone_Handler
                0x00000000000020e8        0x4 /mnt/d/repos/ClimateChangeChallenge/qorc-sdk/qf_apps/qf_ssi_ai_app_voltage_sens/GCC_Project/output/exceptions.o
                0x00000000000020e8                Dmac0BlkDone_Handler
 .text.Dmac0BufDone_Handler
                0x00000000000020ec       0x10 /mnt/d/repos/ClimateChangeChallenge/qorc-sdk/qf_apps/qf_ssi_ai_app_voltage_sens/GCC_Project/output/exceptions.o
                0x00000000000020ec                Dmac0BufDone_Handler
 .text.Dmac1BlkDone_Handler
                0x00000000000020fc        0x8 /mnt/d/repos/ClimateChangeChallenge/qorc-sdk/qf_apps/qf_ssi_ai_app_voltage_sens/GCC_Project/output/exceptions.o
                0x00000000000020fc                Dmac1BlkDone_Handler
 .text.Dmac1BufDone_Handler
                0x0000000000002104        0x8 /mnt/d/repos/ClimateChangeChallenge/qorc-sdk/qf_apps/qf_ssi_ai_app_voltage_sens/GCC_Project/output/exceptions.o
                0x0000000000002104                Dmac1BufDone_Handler
 .text.Sdma0Done_Handler
                0x000000000000210c        0x8 /mnt/d/repos/ClimateChangeChallenge/qorc-sdk/qf_apps/qf_ssi_ai_app_voltage_sens/GCC_Project/output/exceptions.o
                0x000000000000210c                Sdma0Done_Handler
 .text.Sdma1Done_Handler
                0x0000000000002114        0x8 /mnt/d/repos/ClimateChangeChallenge/qorc-sdk/qf_apps/qf_ssi_ai_app_voltage_sens/GCC_Project/output/exceptions.o
                0x0000000000002114                Sdma1Done_Handler
 .text.Sdma2Done_Handler
                0x000000000000211c        0x8 /mnt/d/repos/ClimateChangeChallenge/qorc-sdk/qf_apps/qf_ssi_ai_app_voltage_sens/GCC_Project/output/exceptions.o
                0x000000000000211c                Sdma2Done_Handler
 .text.Sdma3Done_Handler
                0x0000000000002124        0x8 /mnt/d/repos/ClimateChangeChallenge/qorc-sdk/qf_apps/qf_ssi_ai_app_voltage_sens/GCC_Project/output/exceptions.o
                0x0000000000002124                Sdma3Done_Handler
 .text.Sdma4Done_Handler
                0x000000000000212c        0x8 /mnt/d/repos/ClimateChangeChallenge/qorc-sdk/qf_apps/qf_ssi_ai_app_voltage_sens/GCC_Project/output/exceptions.o
                0x000000000000212c                Sdma4Done_Handler
 .text.Sdma5Done_Handler
                0x0000000000002134        0x8 /mnt/d/repos/ClimateChangeChallenge/qorc-sdk/qf_apps/qf_ssi_ai_app_voltage_sens/GCC_Project/output/exceptions.o
                0x0000000000002134                Sdma5Done_Handler
 .text.Sdma6Done_Handler
                0x000000000000213c        0x8 /mnt/d/repos/ClimateChangeChallenge/qorc-sdk/qf_apps/qf_ssi_ai_app_voltage_sens/GCC_Project/output/exceptions.o
                0x000000000000213c                Sdma6Done_Handler
 .text.Sdma7Done_Handler
                0x0000000000002144        0x8 /mnt/d/repos/ClimateChangeChallenge/qorc-sdk/qf_apps/qf_ssi_ai_app_voltage_sens/GCC_Project/output/exceptions.o
                0x0000000000002144                Sdma7Done_Handler
 .text.Sdma8Done_Handler
                0x000000000000214c        0x8 /mnt/d/repos/ClimateChangeChallenge/qorc-sdk/qf_apps/qf_ssi_ai_app_voltage_sens/GCC_Project/output/exceptions.o
                0x000000000000214c                Sdma8Done_Handler
 .text.Sdma9Done_Handler
                0x0000000000002154        0x8 /mnt/d/repos/ClimateChangeChallenge/qorc-sdk/qf_apps/qf_ssi_ai_app_voltage_sens/GCC_Project/output/exceptions.o
                0x0000000000002154                Sdma9Done_Handler
 .text.Sdma10Done_Handler
                0x000000000000215c        0x8 /mnt/d/repos/ClimateChangeChallenge/qorc-sdk/qf_apps/qf_ssi_ai_app_voltage_sens/GCC_Project/output/exceptions.o
                0x000000000000215c                Sdma10Done_Handler
 .text.Sdma11Done_Handler
                0x0000000000002164        0x8 /mnt/d/repos/ClimateChangeChallenge/qorc-sdk/qf_apps/qf_ssi_ai_app_voltage_sens/GCC_Project/output/exceptions.o
                0x0000000000002164                Sdma11Done_Handler
 .text.SdmaErr_Handler
                0x000000000000216c        0x8 /mnt/d/repos/ClimateChangeChallenge/qorc-sdk/qf_apps/qf_ssi_ai_app_voltage_sens/GCC_Project/output/exceptions.o
                0x000000000000216c                SdmaErr_Handler
 .text.I2S_SlvM4TxOr_Handler
                0x0000000000002174        0x8 /mnt/d/repos/ClimateChangeChallenge/qorc-sdk/qf_apps/qf_ssi_ai_app_voltage_sens/GCC_Project/output/exceptions.o
                0x0000000000002174                I2S_SlvM4TxOr_Handler
 .text.SRAM_128KB_Handler
                0x000000000000217c        0x8 /mnt/d/repos/ClimateChangeChallenge/qorc-sdk/qf_apps/qf_ssi_ai_app_voltage_sens/GCC_Project/output/exceptions.o
                0x000000000000217c                SRAM_128KB_Handler
 .text.LPSD_Voice_Det_Handler
                0x0000000000002184        0x8 /mnt/d/repos/ClimateChangeChallenge/qorc-sdk/qf_apps/qf_ssi_ai_app_voltage_sens/GCC_Project/output/exceptions.o
                0x0000000000002184                LPSD_Voice_Det_Handler
 .text.FfeWdt_Handler
                0x000000000000218c        0x8 /mnt/d/repos/ClimateChangeChallenge/qorc-sdk/qf_apps/qf_ssi_ai_app_voltage_sens/GCC_Project/output/exceptions.o
                0x000000000000218c                FfeWdt_Handler
 .text.ApBoot_Handler
                0x0000000000002194        0x8 /mnt/d/repos/ClimateChangeChallenge/qorc-sdk/qf_apps/qf_ssi_ai_app_voltage_sens/GCC_Project/output/exceptions.o
                0x0000000000002194                ApBoot_Handler
 .text.SwInt2_Handler
                0x000000000000219c        0x8 /mnt/d/repos/ClimateChangeChallenge/qorc-sdk/qf_apps/qf_ssi_ai_app_voltage_sens/GCC_Project/output/exceptions.o
                0x000000000000219c                SwInt2_Handler
 .text.SwInt1_Handler
                0x00000000000021a4       0x24 /mnt/d/repos/ClimateChangeChallenge/qorc-sdk/qf_apps/qf_ssi_ai_app_voltage_sens/GCC_Project/output/exceptions.o
                0x00000000000021a4                SwInt1_Handler
 .text.Ffe0Msg_Handler
                0x00000000000021c8        0x8 /mnt/d/repos/ClimateChangeChallenge/qorc-sdk/qf_apps/qf_ssi_ai_app_voltage_sens/GCC_Project/output/exceptions.o
                0x00000000000021c8                Ffe0Msg_Handler
 .text.lpsdVoiceOffHandler
                0x00000000000021d0        0x8 /mnt/d/repos/ClimateChangeChallenge/qorc-sdk/qf_apps/qf_ssi_ai_app_voltage_sens/GCC_Project/output/exceptions.o
                0x00000000000021d0                lpsdVoiceOffHandler
 .text.dmicVoiceOffHandler
                0x00000000000021d8        0x8 /mnt/d/repos/ClimateChangeChallenge/qorc-sdk/qf_apps/qf_ssi_ai_app_voltage_sens/GCC_Project/output/exceptions.o
                0x00000000000021d8                dmicVoiceOffHandler
 .text.vApplicationMallocFailedHook
                0x00000000000021e0       0x24 /mnt/d/repos/ClimateChangeChallenge/qorc-sdk/qf_apps/qf_ssi_ai_app_voltage_sens/GCC_Project/output/exceptions.o
                0x00000000000021e0                vApplicationMallocFailedHook
 .text.vApplicationStackOverflowHook
                0x0000000000002204       0x24 /mnt/d/repos/ClimateChangeChallenge/qorc-sdk/qf_apps/qf_ssi_ai_app_voltage_sens/GCC_Project/output/exceptions.o
                0x0000000000002204                vApplicationStackOverflowHook
 .text.vApplicationTickHook
                0x0000000000002228        0x2 /mnt/d/repos/ClimateChangeChallenge/qorc-sdk/qf_apps/qf_ssi_ai_app_voltage_sens/GCC_Project/output/exceptions.o
                0x0000000000002228                vApplicationTickHook
 .text.vApplicationIdleHook
                0x000000000000222a        0x2 /mnt/d/repos/ClimateChangeChallenge/qorc-sdk/qf_apps/qf_ssi_ai_app_voltage_sens/GCC_Project/output/exceptions.o
                0x000000000000222a                vApplicationIdleHook
 .text.load_fpga
                0x000000000000222c      0x118 /mnt/d/repos/ClimateChangeChallenge/qorc-sdk/qf_apps/qf_ssi_ai_app_voltage_sens/GCC_Project/output/fpga_loader.o
                0x000000000000222c                load_fpga
 .text.prvInsertBlockIntoFreeList
                0x0000000000002344       0x74 /mnt/d/repos/ClimateChangeChallenge/qorc-sdk/qf_apps/qf_ssi_ai_app_voltage_sens/GCC_Project/output/heap_4.o
 .text.pvPortMalloc
                0x00000000000023b8      0x198 /mnt/d/repos/ClimateChangeChallenge/qorc-sdk/qf_apps/qf_ssi_ai_app_voltage_sens/GCC_Project/output/heap_4.o
                0x00000000000023b8                pvPortMalloc
 .text.vPortFree
                0x0000000000002550       0xa0 /mnt/d/repos/ClimateChangeChallenge/qorc-sdk/qf_apps/qf_ssi_ai_app_voltage_sens/GCC_Project/output/heap_4.o
                0x0000000000002550                vPortFree
 .text.vListInitialise
                0x00000000000025f0       0x16 /mnt/d/repos/ClimateChangeChallenge/qorc-sdk/qf_apps/qf_ssi_ai_app_voltage_sens/GCC_Project/output/list.o
                0x00000000000025f0                vListInitialise
 .text.vListInitialiseItem
                0x0000000000002606        0x6 /mnt/d/repos/ClimateChangeChallenge/qorc-sdk/qf_apps/qf_ssi_ai_app_voltage_sens/GCC_Project/output/list.o
                0x0000000000002606                vListInitialiseItem
 .text.vListInsertEnd
                0x000000000000260c       0x18 /mnt/d/repos/ClimateChangeChallenge/qorc-sdk/qf_apps/qf_ssi_ai_app_voltage_sens/GCC_Project/output/list.o
                0x000000000000260c                vListInsertEnd
 .text.vListInsert
                0x0000000000002624       0x2e /mnt/d/repos/ClimateChangeChallenge/qorc-sdk/qf_apps/qf_ssi_ai_app_voltage_sens/GCC_Project/output/list.o
                0x0000000000002624                vListInsert
 .text.uxListRemove
                0x0000000000002652       0x20 /mnt/d/repos/ClimateChangeChallenge/qorc-sdk/qf_apps/qf_ssi_ai_app_voltage_sens/GCC_Project/output/list.o
                0x0000000000002652                uxListRemove
 *fill*         0x0000000000002672        0x6 
 .text.startup.main
                0x0000000000002678      0x10c /mnt/d/repos/ClimateChangeChallenge/qorc-sdk/qf_apps/qf_ssi_ai_app_voltage_sens/GCC_Project/output/main.o
                0x0000000000002678                main
 .text.SystemInit
                0x0000000000002784        0x2 /mnt/d/repos/ClimateChangeChallenge/qorc-sdk/qf_apps/qf_ssi_ai_app_voltage_sens/GCC_Project/output/main.o
                0x0000000000002784                SystemInit
 .text._ZN6MC3635C2Ev
                0x0000000000002786        0x6 /mnt/d/repos/ClimateChangeChallenge/qorc-sdk/qf_apps/qf_ssi_ai_app_voltage_sens/GCC_Project/output/mc3635_wire.o
                0x0000000000002786                MC3635::MC3635()
                0x0000000000002786                MC3635::MC3635()
 .text.xTaskSet_uSecCount
                0x000000000000278c       0x2c /mnt/d/repos/ClimateChangeChallenge/qorc-sdk/qf_apps/qf_ssi_ai_app_voltage_sens/GCC_Project/output/micro_tick64.o
                0x000000000000278c                xTaskSet_uSecCount
 .text.prvPortStartFirstTask
                0x00000000000027b8       0x28 /mnt/d/repos/ClimateChangeChallenge/qorc-sdk/qf_apps/qf_ssi_ai_app_voltage_sens/GCC_Project/output/port.o
 .text.vPortEnableVFP
                0x00000000000027e0       0x14 /mnt/d/repos/ClimateChangeChallenge/qorc-sdk/qf_apps/qf_ssi_ai_app_voltage_sens/GCC_Project/output/port.o
 .text.prvTaskExitError
                0x00000000000027f4       0x50 /mnt/d/repos/ClimateChangeChallenge/qorc-sdk/qf_apps/qf_ssi_ai_app_voltage_sens/GCC_Project/output/port.o
 .text.pxPortInitialiseStack
                0x0000000000002844       0x2c /mnt/d/repos/ClimateChangeChallenge/qorc-sdk/qf_apps/qf_ssi_ai_app_voltage_sens/GCC_Project/output/port.o
                0x0000000000002844                pxPortInitialiseStack
 .text.SVC_Handler
                0x0000000000002870       0x24 /mnt/d/repos/ClimateChangeChallenge/qorc-sdk/qf_apps/qf_ssi_ai_app_voltage_sens/GCC_Project/output/port.o
                0x0000000000002870                SVC_Handler
 .text.vPortEnterCritical
                0x0000000000002894       0x58 /mnt/d/repos/ClimateChangeChallenge/qorc-sdk/qf_apps/qf_ssi_ai_app_voltage_sens/GCC_Project/output/port.o
                0x0000000000002894                vPortEnterCritical
 .text.vPortExitCritical
                0x00000000000028ec       0x3c /mnt/d/repos/ClimateChangeChallenge/qorc-sdk/qf_apps/qf_ssi_ai_app_voltage_sens/GCC_Project/output/port.o
                0x00000000000028ec                vPortExitCritical
 *fill*         0x0000000000002928        0x8 
 .text.PendSV_Handler
                0x0000000000002930       0x64 /mnt/d/repos/ClimateChangeChallenge/qorc-sdk/qf_apps/qf_ssi_ai_app_voltage_sens/GCC_Project/output/port.o
                0x0000000000002930                PendSV_Handler
 .text.xPortSysTickHandler
                0x0000000000002994       0x2c /mnt/d/repos/ClimateChangeChallenge/qorc-sdk/qf_apps/qf_ssi_ai_app_voltage_sens/GCC_Project/output/port.o
                0x0000000000002994                xPortSysTickHandler
 .text.xPortStartScheduler
                0x00000000000029c0      0x158 /mnt/d/repos/ClimateChangeChallenge/qorc-sdk/qf_apps/qf_ssi_ai_app_voltage_sens/GCC_Project/output/port.o
                0x00000000000029c0                xPortStartScheduler
 .text.vPortValidateInterruptPriority
                0x0000000000002b18       0x7c /mnt/d/repos/ClimateChangeChallenge/qorc-sdk/qf_apps/qf_ssi_ai_app_voltage_sens/GCC_Project/output/port.o
                0x0000000000002b18                vPortValidateInterruptPriority
 .text.system_init
                0x0000000000002b94       0x6c /mnt/d/repos/ClimateChangeChallenge/qorc-sdk/qf_apps/qf_ssi_ai_app_voltage_sens/GCC_Project/output/qf_hardwaresetup.o
                0x0000000000002b94                system_init
 .text.qf_hardwareSetup
                0x0000000000002c00       0x78 /mnt/d/repos/ClimateChangeChallenge/qorc-sdk/qf_apps/qf_ssi_ai_app_voltage_sens/GCC_Project/output/qf_hardwaresetup.o
                0x0000000000002c00                qf_hardwareSetup
 .text.prvIsQueueEmpty
                0x0000000000002c78       0x16 /mnt/d/repos/ClimateChangeChallenge/qorc-sdk/qf_apps/qf_ssi_ai_app_voltage_sens/GCC_Project/output/queue.o
 .text.prvCopyDataToQueue
                0x0000000000002c8e       0x78 /mnt/d/repos/ClimateChangeChallenge/qorc-sdk/qf_apps/qf_ssi_ai_app_voltage_sens/GCC_Project/output/queue.o
 .text.prvCopyDataFromQueue
                0x0000000000002d06       0x2c /mnt/d/repos/ClimateChangeChallenge/qorc-sdk/qf_apps/qf_ssi_ai_app_voltage_sens/GCC_Project/output/queue.o
 .text.prvUnlockQueue
                0x0000000000002d32       0x70 /mnt/d/repos/ClimateChangeChallenge/qorc-sdk/qf_apps/qf_ssi_ai_app_voltage_sens/GCC_Project/output/queue.o
 *fill*         0x0000000000002da2        0x2 
 .text.xQueueGenericReset
                0x0000000000002da4       0x90 /mnt/d/repos/ClimateChangeChallenge/qorc-sdk/qf_apps/qf_ssi_ai_app_voltage_sens/GCC_Project/output/queue.o
                0x0000000000002da4                xQueueGenericReset
 .text.xQueueGenericCreate
                0x0000000000002e34       0x74 /mnt/d/repos/ClimateChangeChallenge/qorc-sdk/qf_apps/qf_ssi_ai_app_voltage_sens/GCC_Project/output/queue.o
                0x0000000000002e34                xQueueGenericCreate
 .text.xQueueGenericSend
                0x0000000000002ea8      0x19c /mnt/d/repos/ClimateChangeChallenge/qorc-sdk/qf_apps/qf_ssi_ai_app_voltage_sens/GCC_Project/output/queue.o
                0x0000000000002ea8                xQueueGenericSend
 .text.xQueueGenericSendDebug
                0x0000000000003044       0x30 /mnt/d/repos/ClimateChangeChallenge/qorc-sdk/qf_apps/qf_ssi_ai_app_voltage_sens/GCC_Project/output/queue.o
                0x0000000000003044                xQueueGenericSendDebug
 .text.xQueueGenericSendFromISR
                0x0000000000003074       0xf0 /mnt/d/repos/ClimateChangeChallenge/qorc-sdk/qf_apps/qf_ssi_ai_app_voltage_sens/GCC_Project/output/queue.o
                0x0000000000003074                xQueueGenericSendFromISR
 .text.xQueueGenericSendFromISRDebug
                0x0000000000003164       0x30 /mnt/d/repos/ClimateChangeChallenge/qorc-sdk/qf_apps/qf_ssi_ai_app_voltage_sens/GCC_Project/output/queue.o
                0x0000000000003164                xQueueGenericSendFromISRDebug
 .text.xQueueGiveFromISR
                0x0000000000003194       0xdc /mnt/d/repos/ClimateChangeChallenge/qorc-sdk/qf_apps/qf_ssi_ai_app_voltage_sens/GCC_Project/output/queue.o
                0x0000000000003194                xQueueGiveFromISR
 .text.xQueueReceive
                0x0000000000003270      0x160 /mnt/d/repos/ClimateChangeChallenge/qorc-sdk/qf_apps/qf_ssi_ai_app_voltage_sens/GCC_Project/output/queue.o
                0x0000000000003270                xQueueReceive
 .text.xQueueSemaphoreTake
                0x00000000000033d0      0x1b0 /mnt/d/repos/ClimateChangeChallenge/qorc-sdk/qf_apps/qf_ssi_ai_app_voltage_sens/GCC_Project/output/queue.o
                0x00000000000033d0                xQueueSemaphoreTake
 .text.xQueueReceiveFromISR
                0x0000000000003580       0xc0 /mnt/d/repos/ClimateChangeChallenge/qorc-sdk/qf_apps/qf_ssi_ai_app_voltage_sens/GCC_Project/output/queue.o
                0x0000000000003580                xQueueReceiveFromISR
 .text.uxQueueMessagesWaiting
                0x0000000000003640       0x3c /mnt/d/repos/ClimateChangeChallenge/qorc-sdk/qf_apps/qf_ssi_ai_app_voltage_sens/GCC_Project/output/queue.o
                0x0000000000003640                uxQueueMessagesWaiting
 .text.vQueueAddToRegistry
                0x000000000000367c       0x24 /mnt/d/repos/ClimateChangeChallenge/qorc-sdk/qf_apps/qf_ssi_ai_app_voltage_sens/GCC_Project/output/queue.o
                0x000000000000367c                vQueueAddToRegistry
 .text.vQueueWaitForMessageRestricted
                0x00000000000036a0       0x46 /mnt/d/repos/ClimateChangeChallenge/qorc-sdk/qf_apps/qf_ssi_ai_app_voltage_sens/GCC_Project/output/queue.o
                0x00000000000036a0                vQueueWaitForMessageRestricted
 .text.s3x_clkd_write_div
                0x00000000000036e6       0xa8 /mnt/d/repos/ClimateChangeChallenge/qorc-sdk/qf_apps/qf_ssi_ai_app_voltage_sens/GCC_Project/output/s3x_clock.o
 .text.s3x_clkd_read_div
                0x000000000000378e       0x44 /mnt/d/repos/ClimateChangeChallenge/qorc-sdk/qf_apps/qf_ssi_ai_app_voltage_sens/GCC_Project/output/s3x_clock.o
 *fill*         0x00000000000037d2        0x2 
 .text.s3x_clkd_cal_div.part.0
                0x00000000000037d4       0x30 /mnt/d/repos/ClimateChangeChallenge/qorc-sdk/qf_apps/qf_ssi_ai_app_voltage_sens/GCC_Project/output/s3x_clock.o
 .text.S3x_Id_To_Domain
                0x0000000000003804       0x1c /mnt/d/repos/ClimateChangeChallenge/qorc-sdk/qf_apps/qf_ssi_ai_app_voltage_sens/GCC_Project/output/s3x_clock.o
                0x0000000000003804                S3x_Id_To_Domain
 .text.S3x_Clkd_Get_Cpu_Rate
                0x0000000000003820        0xc /mnt/d/repos/ClimateChangeChallenge/qorc-sdk/qf_apps/qf_ssi_ai_app_voltage_sens/GCC_Project/output/s3x_clock.o
                0x0000000000003820                S3x_Clkd_Get_Cpu_Rate
 .text.s3x_clkd_update_div_val
                0x000000000000382c       0x4c /mnt/d/repos/ClimateChangeChallenge/qorc-sdk/qf_apps/qf_ssi_ai_app_voltage_sens/GCC_Project/output/s3x_clock.o
                0x000000000000382c                s3x_clkd_update_div_val
 .text.s3x_clkd_update_fd_rate
                0x0000000000003878        0xe /mnt/d/repos/ClimateChangeChallenge/qorc-sdk/qf_apps/qf_ssi_ai_app_voltage_sens/GCC_Project/output/s3x_clock.o
                0x0000000000003878                s3x_clkd_update_fd_rate
 *fill*         0x0000000000003886        0x2 
 .text.s3x_clkd_update_sd_div
                0x0000000000003888       0x5c /mnt/d/repos/ClimateChangeChallenge/qorc-sdk/qf_apps/qf_ssi_ai_app_voltage_sens/GCC_Project/output/s3x_clock.o
 .text.s3x_clkd_update_all_src_div
                0x00000000000038e4       0xd0 /mnt/d/repos/ClimateChangeChallenge/qorc-sdk/qf_apps/qf_ssi_ai_app_voltage_sens/GCC_Project/output/s3x_clock.o
                0x00000000000038e4                s3x_clkd_update_all_src_div
 .text.S3x_Clkd_Get_Hsosc_Rate
                0x00000000000039b4       0x34 /mnt/d/repos/ClimateChangeChallenge/qorc-sdk/qf_apps/qf_ssi_ai_app_voltage_sens/GCC_Project/output/s3x_clock.o
                0x00000000000039b4                S3x_Clkd_Get_Hsosc_Rate
 .text.S3x_Clkd_Change_Hsosc
                0x00000000000039e8       0x70 /mnt/d/repos/ClimateChangeChallenge/qorc-sdk/qf_apps/qf_ssi_ai_app_voltage_sens/GCC_Project/output/s3x_clock.o
                0x00000000000039e8                S3x_Clkd_Change_Hsosc
 .text.s3x_clkd_get_src_rate
                0x0000000000003a58       0x12 /mnt/d/repos/ClimateChangeChallenge/qorc-sdk/qf_apps/qf_ssi_ai_app_voltage_sens/GCC_Project/output/s3x_clock.o
                0x0000000000003a58                s3x_clkd_get_src_rate
 *fill*         0x0000000000003a6a        0x2 
 .text.s3x_clkd_get_div
                0x0000000000003a6c       0x74 /mnt/d/repos/ClimateChangeChallenge/qorc-sdk/qf_apps/qf_ssi_ai_app_voltage_sens/GCC_Project/output/s3x_clock.o
                0x0000000000003a6c                s3x_clkd_get_div
 .text.s3x_clkd_srate
                0x0000000000003ae0      0x158 /mnt/d/repos/ClimateChangeChallenge/qorc-sdk/qf_apps/qf_ssi_ai_app_voltage_sens/GCC_Project/output/s3x_clock.o
 .text.s3x_clkd_grate
                0x0000000000003c38       0x8c /mnt/d/repos/ClimateChangeChallenge/qorc-sdk/qf_apps/qf_ssi_ai_app_voltage_sens/GCC_Project/output/s3x_clock.o
 .text.s3x_clkd_set_src_div_st
                0x0000000000003cc4       0x4c /mnt/d/repos/ClimateChangeChallenge/qorc-sdk/qf_apps/qf_ssi_ai_app_voltage_sens/GCC_Project/output/s3x_clock.o
 .text.s3x_update_clk_rate
                0x0000000000003d10       0xb0 /mnt/d/repos/ClimateChangeChallenge/qorc-sdk/qf_apps/qf_ssi_ai_app_voltage_sens/GCC_Project/output/s3x_clock.o
                0x0000000000003d10                s3x_update_clk_rate
 .text.s3x_clkd_get_gate_mask_st
                0x0000000000003dc0       0x16 /mnt/d/repos/ClimateChangeChallenge/qorc-sdk/qf_apps/qf_ssi_ai_app_voltage_sens/GCC_Project/output/s3x_clock.o
                0x0000000000003dc0                s3x_clkd_get_gate_mask_st
 *fill*         0x0000000000003dd6        0x2 
 .text.s3x_clkd_set_gate_mask
                0x0000000000003dd8       0x50 /mnt/d/repos/ClimateChangeChallenge/qorc-sdk/qf_apps/qf_ssi_ai_app_voltage_sens/GCC_Project/output/s3x_clock.o
                0x0000000000003dd8                s3x_clkd_set_gate_mask
 .text.s3x_clkd_enable_gate
                0x0000000000003e28       0x68 /mnt/d/repos/ClimateChangeChallenge/qorc-sdk/qf_apps/qf_ssi_ai_app_voltage_sens/GCC_Project/output/s3x_clock.o
 .text.s3x_clkd_disable_gate
                0x0000000000003e90       0x54 /mnt/d/repos/ClimateChangeChallenge/qorc-sdk/qf_apps/qf_ssi_ai_app_voltage_sens/GCC_Project/output/s3x_clock.o
 .text._S3x_Clk_Enable
                0x0000000000003ee4       0xb8 /mnt/d/repos/ClimateChangeChallenge/qorc-sdk/qf_apps/qf_ssi_ai_app_voltage_sens/GCC_Project/output/s3x_clock.o
                0x0000000000003ee4                _S3x_Clk_Enable
 .text._S3x_Clk_Disable
                0x0000000000003f9c       0xc8 /mnt/d/repos/ClimateChangeChallenge/qorc-sdk/qf_apps/qf_ssi_ai_app_voltage_sens/GCC_Project/output/s3x_clock.o
                0x0000000000003f9c                _S3x_Clk_Disable
 .text._S3x_Clk_Get_Status
                0x0000000000004064       0x2c /mnt/d/repos/ClimateChangeChallenge/qorc-sdk/qf_apps/qf_ssi_ai_app_voltage_sens/GCC_Project/output/s3x_clock.o
                0x0000000000004064                _S3x_Clk_Get_Status
 .text._S3x_Clk_Get_Rate
                0x0000000000004090       0x28 /mnt/d/repos/ClimateChangeChallenge/qorc-sdk/qf_apps/qf_ssi_ai_app_voltage_sens/GCC_Project/output/s3x_clock.o
                0x0000000000004090                _S3x_Clk_Get_Rate
 .text._S3x_Clk_Set_Rate
                0x00000000000040b8       0x48 /mnt/d/repos/ClimateChangeChallenge/qorc-sdk/qf_apps/qf_ssi_ai_app_voltage_sens/GCC_Project/output/s3x_clock.o
                0x00000000000040b8                _S3x_Clk_Set_Rate
 .text.S3x_Clk_Init
                0x0000000000004100      0x15c /mnt/d/repos/ClimateChangeChallenge/qorc-sdk/qf_apps/qf_ssi_ai_app_voltage_sens/GCC_Project/output/s3x_clock.o
                0x0000000000004100                S3x_Clk_Init
 .text.S3x_Clk_Enable
                0x000000000000425c        0x4 /mnt/d/repos/ClimateChangeChallenge/qorc-sdk/qf_apps/qf_ssi_ai_app_voltage_sens/GCC_Project/output/s3x_clock_hal.o
                0x000000000000425c                S3x_Clk_Enable
 .text.S3x_Clk_Disable
                0x0000000000004260        0x4 /mnt/d/repos/ClimateChangeChallenge/qorc-sdk/qf_apps/qf_ssi_ai_app_voltage_sens/GCC_Project/output/s3x_clock_hal.o
                0x0000000000004260                S3x_Clk_Disable
 .text.S3x_Clk_Set_Rate
                0x0000000000004264        0x4 /mnt/d/repos/ClimateChangeChallenge/qorc-sdk/qf_apps/qf_ssi_ai_app_voltage_sens/GCC_Project/output/s3x_clock_hal.o
                0x0000000000004264                S3x_Clk_Set_Rate
 .text.S3x_Clk_Get_Rate
                0x0000000000004268        0x4 /mnt/d/repos/ClimateChangeChallenge/qorc-sdk/qf_apps/qf_ssi_ai_app_voltage_sens/GCC_Project/output/s3x_clock_hal.o
                0x0000000000004268                S3x_Clk_Get_Rate
 .text.DFS_cpuload
                0x000000000000426c       0x4c /mnt/d/repos/ClimateChangeChallenge/qorc-sdk/qf_apps/qf_ssi_ai_app_voltage_sens/GCC_Project/output/s3x_cpuload.o
                0x000000000000426c                DFS_cpuload
 .text.DFS_updatesleepticks
                0x00000000000042b8       0x10 /mnt/d/repos/ClimateChangeChallenge/qorc-sdk/qf_apps/qf_ssi_ai_app_voltage_sens/GCC_Project/output/s3x_cpuload.o
                0x00000000000042b8                DFS_updatesleepticks
 .text.DFS_resetsleepticks
                0x00000000000042c8        0xc /mnt/d/repos/ClimateChangeChallenge/qorc-sdk/qf_apps/qf_ssi_ai_app_voltage_sens/GCC_Project/output/s3x_cpuload.o
                0x00000000000042c8                DFS_resetsleepticks
 .text.DFS_UpdateTimer
                0x00000000000042d4       0x5c /mnt/d/repos/ClimateChangeChallenge/qorc-sdk/qf_apps/qf_ssi_ai_app_voltage_sens/GCC_Project/output/s3x_dfs.o
 .text.DFS_StartTimer
                0x0000000000004330       0x88 /mnt/d/repos/ClimateChangeChallenge/qorc-sdk/qf_apps/qf_ssi_ai_app_voltage_sens/GCC_Project/output/s3x_dfs.o
                0x0000000000004330                DFS_StartTimer
 .text.S3x_Set_Policy
                0x00000000000043b8      0x108 /mnt/d/repos/ClimateChangeChallenge/qorc-sdk/qf_apps/qf_ssi_ai_app_voltage_sens/GCC_Project/output/s3x_dfs.o
                0x00000000000043b8                S3x_Set_Policy
 .text.S3x_get_max_rate_dfs_node
                0x00000000000044c0       0x28 /mnt/d/repos/ClimateChangeChallenge/qorc-sdk/qf_apps/qf_ssi_ai_app_voltage_sens/GCC_Project/output/s3x_dfs.o
                0x00000000000044c0                S3x_get_max_rate_dfs_node
 .text.S3x_Stepup_Policy
                0x00000000000044e8       0x7c /mnt/d/repos/ClimateChangeChallenge/qorc-sdk/qf_apps/qf_ssi_ai_app_voltage_sens/GCC_Project/output/s3x_dfs.o
 .text.DFS_TimerCB
                0x0000000000004564        0xe /mnt/d/repos/ClimateChangeChallenge/qorc-sdk/qf_apps/qf_ssi_ai_app_voltage_sens/GCC_Project/output/s3x_dfs.o
 *fill*         0x0000000000004572        0x2 
 .text.s3x_get_index_in_dfs_node
                0x0000000000004574       0x20 /mnt/d/repos/ClimateChangeChallenge/qorc-sdk/qf_apps/qf_ssi_ai_app_voltage_sens/GCC_Project/output/s3x_dfs.o
                0x0000000000004574                s3x_get_index_in_dfs_node
 .text.s3x_get_policy_max_rate
                0x0000000000004594       0x2c /mnt/d/repos/ClimateChangeChallenge/qorc-sdk/qf_apps/qf_ssi_ai_app_voltage_sens/GCC_Project/output/s3x_dfs.o
                0x0000000000004594                s3x_get_policy_max_rate
 .text.DFS_Get_Curr_Policy
                0x00000000000045c0        0xc /mnt/d/repos/ClimateChangeChallenge/qorc-sdk/qf_apps/qf_ssi_ai_app_voltage_sens/GCC_Project/output/s3x_dfs.o
                0x00000000000045c0                DFS_Get_Curr_Policy
 .text.DFS_Initialize
                0x00000000000045cc       0x14 /mnt/d/repos/ClimateChangeChallenge/qorc-sdk/qf_apps/qf_ssi_ai_app_voltage_sens/GCC_Project/output/s3x_dfs.o
                0x00000000000045cc                DFS_Initialize
 .text.trace_this
                0x00000000000045e0       0x28 /mnt/d/repos/ClimateChangeChallenge/qorc-sdk/qf_apps/qf_ssi_ai_app_voltage_sens/GCC_Project/output/s3x_lpm.o
 .text.S3x_Register_Lpm_Cb
                0x0000000000004608       0x40 /mnt/d/repos/ClimateChangeChallenge/qorc-sdk/qf_apps/qf_ssi_ai_app_voltage_sens/GCC_Project/output/s3x_lpm.o
                0x0000000000004608                S3x_Register_Lpm_Cb
 .text.s3x_setup_systick_interrupt
                0x0000000000004648       0x54 /mnt/d/repos/ClimateChangeChallenge/qorc-sdk/qf_apps/qf_ssi_ai_app_voltage_sens/GCC_Project/output/s3x_lpm.o
                0x0000000000004648                s3x_setup_systick_interrupt
 .text.prvStopTickInterruptTimer
                0x000000000000469c       0x10 /mnt/d/repos/ClimateChangeChallenge/qorc-sdk/qf_apps/qf_ssi_ai_app_voltage_sens/GCC_Project/output/s3x_lpm.o
                0x000000000000469c                prvStopTickInterruptTimer
 .text.prvStartTickInterruptTimer
                0x00000000000046ac        0x8 /mnt/d/repos/ClimateChangeChallenge/qorc-sdk/qf_apps/qf_ssi_ai_app_voltage_sens/GCC_Project/output/s3x_lpm.o
                0x00000000000046ac                prvStartTickInterruptTimer
 .text.SysTick_Handler
                0x00000000000046b4       0x12 /mnt/d/repos/ClimateChangeChallenge/qorc-sdk/qf_apps/qf_ssi_ai_app_voltage_sens/GCC_Project/output/s3x_lpm.o
                0x00000000000046b4                SysTick_Handler
 .text.vPortSetupTimerInterrupt
                0x00000000000046c6        0x6 /mnt/d/repos/ClimateChangeChallenge/qorc-sdk/qf_apps/qf_ssi_ai_app_voltage_sens/GCC_Project/output/s3x_lpm.o
                0x00000000000046c6                vPortSetupTimerInterrupt
 .text.S3x_Pre_Lpm
                0x00000000000046cc       0x20 /mnt/d/repos/ClimateChangeChallenge/qorc-sdk/qf_apps/qf_ssi_ai_app_voltage_sens/GCC_Project/output/s3x_lpm.o
                0x00000000000046cc                S3x_Pre_Lpm
 .text.S3x_Post_Lpm
                0x00000000000046ec       0x18 /mnt/d/repos/ClimateChangeChallenge/qorc-sdk/qf_apps/qf_ssi_ai_app_voltage_sens/GCC_Project/output/s3x_lpm.o
                0x00000000000046ec                S3x_Post_Lpm
 .text.S3x_Lpm_Handler
                0x0000000000004704      0x28c /mnt/d/repos/ClimateChangeChallenge/qorc-sdk/qf_apps/qf_ssi_ai_app_voltage_sens/GCC_Project/output/s3x_lpm.o
                0x0000000000004704                S3x_Lpm_Handler
 .text.s3x_get_pi
                0x0000000000004990       0x20 /mnt/d/repos/ClimateChangeChallenge/qorc-sdk/qf_apps/qf_ssi_ai_app_voltage_sens/GCC_Project/output/s3x_pi.o
                0x0000000000004990                s3x_get_pi
 .text.s3x_get_pi_gindex
                0x00000000000049b0       0x14 /mnt/d/repos/ClimateChangeChallenge/qorc-sdk/qf_apps/qf_ssi_ai_app_voltage_sens/GCC_Project/output/s3x_pi.o
                0x00000000000049b0                s3x_get_pi_gindex
 .text.s3x_pi_get_st
                0x00000000000049c4       0x24 /mnt/d/repos/ClimateChangeChallenge/qorc-sdk/qf_apps/qf_ssi_ai_app_voltage_sens/GCC_Project/output/s3x_pi.o
                0x00000000000049c4                s3x_pi_get_st
 .text.s3x_pi_set_cfg_st
                0x00000000000049e8       0x94 /mnt/d/repos/ClimateChangeChallenge/qorc-sdk/qf_apps/qf_ssi_ai_app_voltage_sens/GCC_Project/output/s3x_pi.o
                0x00000000000049e8                s3x_pi_set_cfg_st
 .text.s3x_pi_set_active_st
                0x0000000000004a7c       0xa8 /mnt/d/repos/ClimateChangeChallenge/qorc-sdk/qf_apps/qf_ssi_ai_app_voltage_sens/GCC_Project/output/s3x_pi.o
                0x0000000000004a7c                s3x_pi_set_active_st
 .text.s3x_pi_get_clkg_st
                0x0000000000004b24       0x36 /mnt/d/repos/ClimateChangeChallenge/qorc-sdk/qf_apps/qf_ssi_ai_app_voltage_sens/GCC_Project/output/s3x_pi.o
                0x0000000000004b24                s3x_pi_get_clkg_st
 .text.s3x_pi_set_clkg_st
                0x0000000000004b5a       0x26 /mnt/d/repos/ClimateChangeChallenge/qorc-sdk/qf_apps/qf_ssi_ai_app_voltage_sens/GCC_Project/output/s3x_pi.o
                0x0000000000004b5a                s3x_pi_set_clkg_st
 .text.s3x_set_pi_state
                0x0000000000004b80        0xc /mnt/d/repos/ClimateChangeChallenge/qorc-sdk/qf_apps/qf_ssi_ai_app_voltage_sens/GCC_Project/output/s3x_pi.o
                0x0000000000004b80                s3x_set_pi_state
 .text.s3x_get_pi_init_state
                0x0000000000004b8c       0x18 /mnt/d/repos/ClimateChangeChallenge/qorc-sdk/qf_apps/qf_ssi_ai_app_voltage_sens/GCC_Project/output/s3x_pi.o
                0x0000000000004b8c                s3x_get_pi_init_state
 .text.S3x_pi_init
                0x0000000000004ba4       0x20 /mnt/d/repos/ClimateChangeChallenge/qorc-sdk/qf_apps/qf_ssi_ai_app_voltage_sens/GCC_Project/output/s3x_pi.o
                0x0000000000004ba4                S3x_pi_init
 .text.S3x_pwrcfg_init
                0x0000000000004bc4       0x2c /mnt/d/repos/ClimateChangeChallenge/qorc-sdk/qf_apps/qf_ssi_ai_app_voltage_sens/GCC_Project/output/s3x_pwrcfg.o
                0x0000000000004bc4                S3x_pwrcfg_init
 .text.s3x_sram_in_lpm
                0x0000000000004bf0       0x1c /mnt/d/repos/ClimateChangeChallenge/qorc-sdk/qf_apps/qf_ssi_ai_app_voltage_sens/GCC_Project/output/s3x_pwrcfg.o
                0x0000000000004bf0                s3x_sram_in_lpm
 .text.S3x_get_qos_rate
                0x0000000000004c0c       0x38 /mnt/d/repos/ClimateChangeChallenge/qorc-sdk/qf_apps/qf_ssi_ai_app_voltage_sens/GCC_Project/output/s3x_qos.o
                0x0000000000004c0c                S3x_get_qos_rate
 .text.save_assert_info
                0x0000000000004c44       0x74 /mnt/d/repos/ClimateChangeChallenge/qorc-sdk/qf_apps/qf_ssi_ai_app_voltage_sens/GCC_Project/output/sec_debug.o
                0x0000000000004c44                save_assert_info
 .text.invoke_soft_fault
                0x0000000000004cb8       0x20 /mnt/d/repos/ClimateChangeChallenge/qorc-sdk/qf_apps/qf_ssi_ai_app_voltage_sens/GCC_Project/output/sec_debug.o
                0x0000000000004cb8                invoke_soft_fault
 .text._Z37sensor_ssss_livestream_data_processorP16st_QAI_DataBlockS0_PS0_PFviiPviE
                0x0000000000004cd8       0x40 /mnt/d/repos/ClimateChangeChallenge/qorc-sdk/qf_apps/qf_ssi_ai_app_voltage_sens/GCC_Project/output/sensor_ssss.o
                0x0000000000004cd8                sensor_ssss_livestream_data_processor(st_QAI_DataBlock*, st_QAI_DataBlock*, st_QAI_DataBlock**, void (*)(int, int, void*, int))
 .text._Z29sensor_ssss_livestream_configPv
                0x0000000000004d18        0x2 /mnt/d/repos/ClimateChangeChallenge/qorc-sdk/qf_apps/qf_ssi_ai_app_voltage_sens/GCC_Project/output/sensor_ssss.o
                0x0000000000004d18                sensor_ssss_livestream_config(void*)
 .text._Z28sensor_ssss_livestream_startv
                0x0000000000004d1a        0x4 /mnt/d/repos/ClimateChangeChallenge/qorc-sdk/qf_apps/qf_ssi_ai_app_voltage_sens/GCC_Project/output/sensor_ssss.o
                0x0000000000004d1a                sensor_ssss_livestream_start()
 .text._Z27sensor_ssss_livestream_stopv
                0x0000000000004d1e        0x4 /mnt/d/repos/ClimateChangeChallenge/qorc-sdk/qf_apps/qf_ssi_ai_app_voltage_sens/GCC_Project/output/sensor_ssss.o
                0x0000000000004d1e                sensor_ssss_livestream_stop()
 *fill*         0x0000000000004d22        0x2 
 .text.sensor_ssss_acquisition_buffer_ready
                0x0000000000004d24       0x60 /mnt/d/repos/ClimateChangeChallenge/qorc-sdk/qf_apps/qf_ssi_ai_app_voltage_sens/GCC_Project/output/sensor_ssss.o
                0x0000000000004d24                sensor_ssss_acquisition_buffer_ready
 .text.sensor_ssss_acquisition_read_callback
                0x0000000000004d84       0x5c /mnt/d/repos/ClimateChangeChallenge/qorc-sdk/qf_apps/qf_ssi_ai_app_voltage_sens/GCC_Project/output/sensor_ssss.o
                0x0000000000004d84                sensor_ssss_acquisition_read_callback
 .text.sensor_ssss_dataTimer_Callback
                0x0000000000004de0        0x4 /mnt/d/repos/ClimateChangeChallenge/qorc-sdk/qf_apps/qf_ssi_ai_app_voltage_sens/GCC_Project/output/sensor_ssss.o
                0x0000000000004de0                sensor_ssss_dataTimer_Callback
 .text.sensor_ssss_dataTimerStart
                0x0000000000004de4       0x64 /mnt/d/repos/ClimateChangeChallenge/qorc-sdk/qf_apps/qf_ssi_ai_app_voltage_sens/GCC_Project/output/sensor_ssss.o
                0x0000000000004de4                sensor_ssss_dataTimerStart
 .text.sensor_ssss_dataTimerStop
                0x0000000000004e48       0x20 /mnt/d/repos/ClimateChangeChallenge/qorc-sdk/qf_apps/qf_ssi_ai_app_voltage_sens/GCC_Project/output/sensor_ssss.o
                0x0000000000004e48                sensor_ssss_dataTimerStop
 .text.sensor_ssss_startstop
                0x0000000000004e68       0x2c /mnt/d/repos/ClimateChangeChallenge/qorc-sdk/qf_apps/qf_ssi_ai_app_voltage_sens/GCC_Project/output/sensor_ssss.o
                0x0000000000004e68                sensor_ssss_startstop
 .text.sensor_ssss_configure
                0x0000000000004e94       0x4c /mnt/d/repos/ClimateChangeChallenge/qorc-sdk/qf_apps/qf_ssi_ai_app_voltage_sens/GCC_Project/output/sensor_ssss.o
                0x0000000000004e94                sensor_ssss_configure
 .text.sensor_ssss_set_first_data_block
                0x0000000000004ee0       0x54 /mnt/d/repos/ClimateChangeChallenge/qorc-sdk/qf_apps/qf_ssi_ai_app_voltage_sens/GCC_Project/output/sensor_ssss.o
                0x0000000000004ee0                sensor_ssss_set_first_data_block
 .text.sensor_ssss_block_processor
                0x0000000000004f34       0x58 /mnt/d/repos/ClimateChangeChallenge/qorc-sdk/qf_apps/qf_ssi_ai_app_voltage_sens/GCC_Project/output/sensor_ssss.o
                0x0000000000004f34                sensor_ssss_block_processor
 .text.startup._GLOBAL__sub_I_sensor_rate_debug_gpio_val
                0x0000000000004f8c       0x30 /mnt/d/repos/ClimateChangeChallenge/qorc-sdk/qf_apps/qf_ssi_ai_app_voltage_sens/GCC_Project/output/sensor_ssss.o
 .text.ssiTaskHandler
                0x0000000000004fbc       0xd8 /mnt/d/repos/ClimateChangeChallenge/qorc-sdk/qf_apps/qf_ssi_ai_app_voltage_sens/GCC_Project/output/ssi_comms.o
                0x0000000000004fbc                ssiTaskHandler
 .text.ssi_publish_sensor_data
                0x0000000000005094       0x18 /mnt/d/repos/ClimateChangeChallenge/qorc-sdk/qf_apps/qf_ssi_ai_app_voltage_sens/GCC_Project/output/ssi_comms.o
                0x0000000000005094                ssi_publish_sensor_data
 .text.StartSimpleStreamingInterfaceTask
                0x00000000000050ac       0x54 /mnt/d/repos/ClimateChangeChallenge/qorc-sdk/qf_apps/qf_ssi_ai_app_voltage_sens/GCC_Project/output/ssi_comms.o
                0x00000000000050ac                StartSimpleStreamingInterfaceTask
 .text.Reset_Handler
                0x0000000000005100       0x2c /mnt/d/repos/ClimateChangeChallenge/qorc-sdk/qf_apps/qf_ssi_ai_app_voltage_sens/GCC_Project/output/startup_EOSS3B_GCC.o
                0x0000000000005100                Reset_Handler
 .text.__semihost_call
                0x000000000000512c        0x6 /mnt/d/repos/ClimateChangeChallenge/qorc-sdk/qf_apps/qf_ssi_ai_app_voltage_sens/GCC_Project/output/startup_EOSS3B_GCC.o
                0x000000000000512c                __semihost_call
 *fill*         0x0000000000005132        0x2 
 .text.prvGetExpectedIdleTime
                0x0000000000005134       0x3c /mnt/d/repos/ClimateChangeChallenge/qorc-sdk/qf_apps/qf_ssi_ai_app_voltage_sens/GCC_Project/output/tasks.o
 .text.prvResetNextTaskUnblockTime
                0x0000000000005170       0x24 /mnt/d/repos/ClimateChangeChallenge/qorc-sdk/qf_apps/qf_ssi_ai_app_voltage_sens/GCC_Project/output/tasks.o
 .text.prvAddCurrentTaskToDelayedList
                0x0000000000005194       0x8c /mnt/d/repos/ClimateChangeChallenge/qorc-sdk/qf_apps/qf_ssi_ai_app_voltage_sens/GCC_Project/output/tasks.o
 .text.xTaskCreate
                0x0000000000005220      0x1e0 /mnt/d/repos/ClimateChangeChallenge/qorc-sdk/qf_apps/qf_ssi_ai_app_voltage_sens/GCC_Project/output/tasks.o
                0x0000000000005220                xTaskCreate
 .text.vTaskStartScheduler
                0x0000000000005400       0x98 /mnt/d/repos/ClimateChangeChallenge/qorc-sdk/qf_apps/qf_ssi_ai_app_voltage_sens/GCC_Project/output/tasks.o
                0x0000000000005400                vTaskStartScheduler
 .text.vTaskSuspendAll
                0x0000000000005498       0x10 /mnt/d/repos/ClimateChangeChallenge/qorc-sdk/qf_apps/qf_ssi_ai_app_voltage_sens/GCC_Project/output/tasks.o
                0x0000000000005498                vTaskSuspendAll
 .text.xTaskGetTickCount
                0x00000000000054a8        0xc /mnt/d/repos/ClimateChangeChallenge/qorc-sdk/qf_apps/qf_ssi_ai_app_voltage_sens/GCC_Project/output/tasks.o
                0x00000000000054a8                xTaskGetTickCount
 .text.xTaskGetTickCountFromISR
                0x00000000000054b4       0x10 /mnt/d/repos/ClimateChangeChallenge/qorc-sdk/qf_apps/qf_ssi_ai_app_voltage_sens/GCC_Project/output/tasks.o
                0x00000000000054b4                xTaskGetTickCountFromISR
 .text.vTaskStepTick
                0x00000000000054c4       0x44 /mnt/d/repos/ClimateChangeChallenge/qorc-sdk/qf_apps/qf_ssi_ai_app_voltage_sens/GCC_Project/output/tasks.o
                0x00000000000054c4                vTaskStepTick
 .text.xTaskIncrementTick
                0x0000000000005508      0x14c /mnt/d/repos/ClimateChangeChallenge/qorc-sdk/qf_apps/qf_ssi_ai_app_voltage_sens/GCC_Project/output/tasks.o
                0x0000000000005508                xTaskIncrementTick
 .text.xTaskResumeAll
                0x0000000000005654      0x100 /mnt/d/repos/ClimateChangeChallenge/qorc-sdk/qf_apps/qf_ssi_ai_app_voltage_sens/GCC_Project/output/tasks.o
                0x0000000000005654                xTaskResumeAll
 .text.vTaskDelay
                0x0000000000005754       0x60 /mnt/d/repos/ClimateChangeChallenge/qorc-sdk/qf_apps/qf_ssi_ai_app_voltage_sens/GCC_Project/output/tasks.o
                0x0000000000005754                vTaskDelay
 .text.prvIdleTask
                0x00000000000057b4       0xc4 /mnt/d/repos/ClimateChangeChallenge/qorc-sdk/qf_apps/qf_ssi_ai_app_voltage_sens/GCC_Project/output/tasks.o
 .text.vTaskSwitchContext
                0x0000000000005878       0xb8 /mnt/d/repos/ClimateChangeChallenge/qorc-sdk/qf_apps/qf_ssi_ai_app_voltage_sens/GCC_Project/output/tasks.o
                0x0000000000005878                vTaskSwitchContext
 .text.vTaskPlaceOnEventList
                0x0000000000005930       0x48 /mnt/d/repos/ClimateChangeChallenge/qorc-sdk/qf_apps/qf_ssi_ai_app_voltage_sens/GCC_Project/output/tasks.o
                0x0000000000005930                vTaskPlaceOnEventList
 .text.vTaskPlaceOnEventListRestricted
                0x0000000000005978       0x50 /mnt/d/repos/ClimateChangeChallenge/qorc-sdk/qf_apps/qf_ssi_ai_app_voltage_sens/GCC_Project/output/tasks.o
                0x0000000000005978                vTaskPlaceOnEventListRestricted
 .text.xTaskRemoveFromEventList
                0x00000000000059c8       0x9c /mnt/d/repos/ClimateChangeChallenge/qorc-sdk/qf_apps/qf_ssi_ai_app_voltage_sens/GCC_Project/output/tasks.o
                0x00000000000059c8                xTaskRemoveFromEventList
 .text.vTaskInternalSetTimeOutState
                0x0000000000005a64       0x18 /mnt/d/repos/ClimateChangeChallenge/qorc-sdk/qf_apps/qf_ssi_ai_app_voltage_sens/GCC_Project/output/tasks.o
                0x0000000000005a64                vTaskInternalSetTimeOutState
 .text.xTaskCheckForTimeOut
                0x0000000000005a7c       0x94 /mnt/d/repos/ClimateChangeChallenge/qorc-sdk/qf_apps/qf_ssi_ai_app_voltage_sens/GCC_Project/output/tasks.o
                0x0000000000005a7c                xTaskCheckForTimeOut
 .text.vTaskMissedYield
                0x0000000000005b10        0xc /mnt/d/repos/ClimateChangeChallenge/qorc-sdk/qf_apps/qf_ssi_ai_app_voltage_sens/GCC_Project/output/tasks.o
                0x0000000000005b10                vTaskMissedYield
 .text.uxTaskGetTCBNumber
                0x0000000000005b1c       0x14 /mnt/d/repos/ClimateChangeChallenge/qorc-sdk/qf_apps/qf_ssi_ai_app_voltage_sens/GCC_Project/output/tasks.o
                0x0000000000005b1c                uxTaskGetTCBNumber
 .text.eTaskConfirmSleepModeStatus