Archive member included to satisfy reference by file (symbol)

/mnt/d/repos/ClimateChangeChallenge/qorc-sdk/qf_apps/qf_ssi_ai_app/knowledgepack/sensiml/libsensiml.a(kb.o)
                              /mnt/d/repos/ClimateChangeChallenge/qorc-sdk/qf_apps/qf_ssi_ai_app/GCC_Project/output/sml_recognition_run.o (kb_reset_model)
/mnt/d/repos/ClimateChangeChallenge/qorc-sdk/qf_apps/qf_ssi_ai_app/knowledgepack/sensiml/libsensiml.a(tree_ensemble.o)
                              /mnt/d/repos/ClimateChangeChallenge/qorc-sdk/qf_apps/qf_ssi_ai_app/knowledgepack/sensiml/libsensiml.a(kb.o) (tree_ensemble_init)
/mnt/d/repos/ClimateChangeChallenge/qorc-sdk/qf_apps/qf_ssi_ai_app/knowledgepack/sensiml/libsensiml.a(tree_ensemble_trained_models.o)
                              /mnt/d/repos/ClimateChangeChallenge/qorc-sdk/qf_apps/qf_ssi_ai_app/knowledgepack/sensiml/libsensiml.a(kb.o) (tree_ensemble_classifier_rows)
/mnt/d/repos/ClimateChangeChallenge/qorc-sdk/qf_apps/qf_ssi_ai_app/knowledgepack/sensiml/libsensiml.a(sorted_copy.o)
                              /mnt/d/repos/ClimateChangeChallenge/qorc-sdk/qf_apps/qf_ssi_ai_app/knowledgepack/sensiml/libsensiml.a(kb.o) (sorted_copy)
/mnt/d/repos/ClimateChangeChallenge/qorc-sdk/qf_apps/qf_ssi_ai_app/knowledgepack/sensiml/libsensiml.a(kb_pipeline.o)
                              /mnt/d/repos/ClimateChangeChallenge/qorc-sdk/qf_apps/qf_ssi_ai_app/knowledgepack/sensiml/libsensiml.a(kb.o) (KB_data_streaming_slide_rank_0)
/mnt/d/repos/ClimateChangeChallenge/qorc-sdk/qf_apps/qf_ssi_ai_app/knowledgepack/sensiml/libsensiml.a(sg_windowing.o)
                              /mnt/d/repos/ClimateChangeChallenge/qorc-sdk/qf_apps/qf_ssi_ai_app/knowledgepack/sensiml/libsensiml.a(kb_pipeline.o) (tr_windowing)
/mnt/d/repos/ClimateChangeChallenge/qorc-sdk/qf_apps/qf_ssi_ai_app/knowledgepack/sensiml/libsensiml.a(save_sensor_data.o)
                              /mnt/d/repos/ClimateChangeChallenge/qorc-sdk/qf_apps/qf_ssi_ai_app/knowledgepack/sensiml/libsensiml.a(kb_pipeline.o) (saveSensorData)
/mnt/d/repos/ClimateChangeChallenge/qorc-sdk/qf_apps/qf_ssi_ai_app/knowledgepack/sensiml/libsensiml.a(sortarray.o)
                              /mnt/d/repos/ClimateChangeChallenge/qorc-sdk/qf_apps/qf_ssi_ai_app/knowledgepack/sensiml/libsensiml.a(sorted_copy.o) (sortarray)
/mnt/d/repos/ClimateChangeChallenge/qorc-sdk/qf_apps/qf_ssi_ai_app/knowledgepack/sensiml/libsensiml.a(rb.o)
                              /mnt/d/repos/ClimateChangeChallenge/qorc-sdk/qf_apps/qf_ssi_ai_app/knowledgepack/sensiml/libsensiml.a(kb.o) (next_pow_2)
/mnt/d/repos/ClimateChangeChallenge/qorc-sdk/qf_apps/qf_ssi_ai_app/knowledgepack/sensiml/libsensiml.a(fg_roc_mean_crossing_rate.o)
                              /mnt/d/repos/ClimateChangeChallenge/qorc-sdk/qf_apps/qf_ssi_ai_app/knowledgepack/sensiml/libsensiml.a(kb_pipeline.o) (mean_crossing_rate)
/mnt/d/repos/ClimateChangeChallenge/qorc-sdk/qf_apps/qf_ssi_ai_app/knowledgepack/sensiml/libsensiml.a(fg_amplitude_global_p2p_low_frequency.o)
                              /mnt/d/repos/ClimateChangeChallenge/qorc-sdk/qf_apps/qf_ssi_ai_app/knowledgepack/sensiml/libsensiml.a(kb_pipeline.o) (global_p2p_low_frequency)
/mnt/d/repos/ClimateChangeChallenge/qorc-sdk/qf_apps/qf_ssi_ai_app/knowledgepack/sensiml/libsensiml.a(fg_stats_minimum.o)
                              /mnt/d/repos/ClimateChangeChallenge/qorc-sdk/qf_apps/qf_ssi_ai_app/knowledgepack/sensiml/libsensiml.a(kb_pipeline.o) (stats_minimum)
/mnt/d/repos/ClimateChangeChallenge/qorc-sdk/qf_apps/qf_ssi_ai_app/knowledgepack/sensiml/libsensiml.a(fg_stats_stdev.o)
                              /mnt/d/repos/ClimateChangeChallenge/qorc-sdk/qf_apps/qf_ssi_ai_app/knowledgepack/sensiml/libsensiml.a(kb_pipeline.o) (stats_stdev)
/mnt/d/repos/ClimateChangeChallenge/qorc-sdk/qf_apps/qf_ssi_ai_app/knowledgepack/sensiml/libsensiml.a(fg_amplitude_peak_to_peak.o)
                              /mnt/d/repos/ClimateChangeChallenge/qorc-sdk/qf_apps/qf_ssi_ai_app/knowledgepack/sensiml/libsensiml.a(kb_pipeline.o) (peak_to_peak)
/mnt/d/repos/ClimateChangeChallenge/qorc-sdk/qf_apps/qf_ssi_ai_app/knowledgepack/sensiml/libsensiml.a(fg_stats_maximum.o)
                              /mnt/d/repos/ClimateChangeChallenge/qorc-sdk/qf_apps/qf_ssi_ai_app/knowledgepack/sensiml/libsensiml.a(kb_pipeline.o) (stats_maximum)
/mnt/d/repos/ClimateChangeChallenge/qorc-sdk/qf_apps/qf_ssi_ai_app/knowledgepack/sensiml/libsensiml.a(fg_amplitude_max_p2p_half_high_frequency.o)
                              /mnt/d/repos/ClimateChangeChallenge/qorc-sdk/qf_apps/qf_ssi_ai_app/knowledgepack/sensiml/libsensiml.a(kb_pipeline.o) (max_p2p_half_high_frequency)
/mnt/d/repos/ClimateChangeChallenge/qorc-sdk/qf_apps/qf_ssi_ai_app/knowledgepack/sensiml/libsensiml.a(fg_stats_pct100.o)
                              /mnt/d/repos/ClimateChangeChallenge/qorc-sdk/qf_apps/qf_ssi_ai_app/knowledgepack/sensiml/libsensiml.a(kb_pipeline.o) (stats_pct100)
[...]
Memory Configuration

Name             Origin             Length             Attributes
rom              0x0000000000000000 0x000000000002c000 xr
ram              0x000000002002c000 0x000000000003c800 xrw
spiram           0x0000000020063800 0x0000000000000800 rw
HWA              0x0000000020064000 0x0000000000018000 rw
shm              0x000000002007c000 0x0000000000004000
*default*        0x0000000000000000 0xffffffffffffffff

Linker script and memory map

LOAD /usr/share/gcc-arm-none-eabi-9-2020-q2-update/bin/../lib/gcc/arm-none-eabi/9.3.1/thumb/v7e-m+fp/hard/crti.o
LOAD /usr/share/gcc-arm-none-eabi-9-2020-q2-update/bin/../lib/gcc/arm-none-eabi/9.3.1/thumb/v7e-m+fp/hard/crtbegin.o
LOAD /usr/share/gcc-arm-none-eabi-9-2020-q2-update/bin/../lib/gcc/arm-none-eabi/9.3.1/../../../../arm-none-eabi/lib/thumb/v7e-m+fp/hard/crt0.o
LOAD /mnt/d/repos/ClimateChangeChallenge/qorc-sdk/qf_apps/qf_ssi_ai_app/GCC_Project/output/MQTTSNConnectClient.o
LOAD /mnt/d/repos/ClimateChangeChallenge/qorc-sdk/qf_apps/qf_ssi_ai_app/GCC_Project/output/MQTTSNConnectServer.o
LOAD /mnt/d/repos/ClimateChangeChallenge/qorc-sdk/qf_apps/qf_ssi_ai_app/GCC_Project/output/MQTTSNDeserializePublish.o
LOAD /mnt/d/repos/ClimateChangeChallenge/qorc-sdk/qf_apps/qf_ssi_ai_app/GCC_Project/output/MQTTSNPacket.o
LOAD /mnt/d/repos/ClimateChangeChallenge/qorc-sdk/qf_apps/qf_ssi_ai_app/GCC_Project/output/MQTTSNSearchClient.o
LOAD /mnt/d/repos/ClimateChangeChallenge/qorc-sdk/qf_apps/qf_ssi_ai_app/GCC_Project/output/MQTTSNSerializePublish.o
LOAD /mnt/d/repos/ClimateChangeChallenge/qorc-sdk/qf_apps/qf_ssi_ai_app/GCC_Project/output/MQTTSNSubscribeClient.o
LOAD /mnt/d/repos/ClimateChangeChallenge/qorc-sdk/qf_apps/qf_ssi_ai_app/GCC_Project/output/MQTTSNUnsubscribeClient.o
LOAD /mnt/d/repos/ClimateChangeChallenge/qorc-sdk/qf_apps/qf_ssi_ai_app/GCC_Project/output/MajorTopicDispatch.o
LOAD /mnt/d/repos/ClimateChangeChallenge/qorc-sdk/qf_apps/qf_ssi_ai_app/GCC_Project/output/MinorTopicDispatch_Collect.o
LOAD /mnt/d/repos/ClimateChangeChallenge/qorc-sdk/qf_apps/qf_ssi_ai_app/GCC_Project/output/MinorTopicDispatch_Live.o
LOAD /mnt/d/repos/ClimateChangeChallenge/qorc-sdk/qf_apps/qf_ssi_ai_app/GCC_Project/output/MinorTopicDispatch_Recog.o
LOAD /mnt/d/repos/ClimateChangeChallenge/qorc-sdk/qf_apps/qf_ssi_ai_app/GCC_Project/output/MinorTopicDispatch_Sensor.o
LOAD /mnt/d/repos/ClimateChangeChallenge/qorc-sdk/qf_apps/qf_ssi_ai_app/GCC_Project/output/MinorTopicDispatch_Storage.o
LOAD /mnt/d/repos/ClimateChangeChallenge/qorc-sdk/qf_apps/qf_ssi_ai_app/GCC_Project/output/MinorTopicDispatch_System.o
LOAD /mnt/d/repos/ClimateChangeChallenge/qorc-sdk/qf_apps/qf_ssi_ai_app/GCC_Project/output/Mqttsn_App.o
LOAD /mnt/d/repos/ClimateChangeChallenge/qorc-sdk/qf_apps/qf_ssi_ai_app/GCC_Project/output/Mqttsn_CliCmds.o
LOAD /mnt/d/repos/ClimateChangeChallenge/qorc-sdk/qf_apps/qf_ssi_ai_app/GCC_Project/output/Mqttsn_MsgHandler.o
LOAD /mnt/d/repos/ClimateChangeChallenge/qorc-sdk/qf_apps/qf_ssi_ai_app/GCC_Project/output/Mqttsn_Topics.o
LOAD /mnt/d/repos/ClimateChangeChallenge/qorc-sdk/qf_apps/qf_ssi_ai_app/GCC_Project/output/Wire.o
LOAD /mnt/d/repos/ClimateChangeChallenge/qorc-sdk/qf_apps/qf_ssi_ai_app/GCC_Project/output/battery_level_monitor.o
LOAD /mnt/d/repos/ClimateChangeChallenge/qorc-sdk/qf_apps/qf_ssi_ai_app/GCC_Project/output/c_lib_retarget.o
LOAD /mnt/d/repos/ClimateChangeChallenge/qorc-sdk/qf_apps/qf_ssi_ai_app/GCC_Project/output/circularBuffQueue.o
LOAD /mnt/d/repos/ClimateChangeChallenge/qorc-sdk/qf_apps/qf_ssi_ai_app/GCC_Project/output/cli_args.o
LOAD /mnt/d/repos/ClimateChangeChallenge/qorc-sdk/qf_apps/qf_ssi_ai_app/GCC_Project/output/cli_hexdump.o
LOAD /mnt/d/repos/ClimateChangeChallenge/qorc-sdk/qf_apps/qf_ssi_ai_app/GCC_Project/output/cli_io.o
LOAD /mnt/d/repos/ClimateChangeChallenge/qorc-sdk/qf_apps/qf_ssi_ai_app/GCC_Project/output/cli_loop.o
LOAD /mnt/d/repos/ClimateChangeChallenge/qorc-sdk/qf_apps/qf_ssi_ai_app/GCC_Project/output/cli_misc.o
LOAD /mnt/d/repos/ClimateChangeChallenge/qorc-sdk/qf_apps/qf_ssi_ai_app/GCC_Project/output/cli_platform.o
LOAD /mnt/d/repos/ClimateChangeChallenge/qorc-sdk/qf_apps/qf_ssi_ai_app/GCC_Project/output/cli_stdcmds.o
LOAD /mnt/d/repos/ClimateChangeChallenge/qorc-sdk/qf_apps/qf_ssi_ai_app/GCC_Project/output/crc16.o
LOAD /mnt/d/repos/ClimateChangeChallenge/qorc-sdk/qf_apps/qf_ssi_ai_app/GCC_Project/output/crc32.o
LOAD /mnt/d/repos/ClimateChangeChallenge/qorc-sdk/qf_apps/qf_ssi_ai_app/GCC_Project/output/croutine.o
LOAD /mnt/d/repos/ClimateChangeChallenge/qorc-sdk/qf_apps/qf_ssi_ai_app/GCC_Project/output/datablk_mgr.o
LOAD /mnt/d/repos/ClimateChangeChallenge/qorc-sdk/qf_apps/qf_ssi_ai_app/GCC_Project/output/datablk_processor.o
LOAD /mnt/d/repos/ClimateChangeChallenge/qorc-sdk/qf_apps/qf_ssi_ai_app/GCC_Project/output/datasave.o
LOAD /mnt/d/repos/ClimateChangeChallenge/qorc-sdk/qf_apps/qf_ssi_ai_app/GCC_Project/output/dbg_bufferedprinttask.o
LOAD /mnt/d/repos/ClimateChangeChallenge/qorc-sdk/qf_apps/qf_ssi_ai_app/GCC_Project/output/dbg_queue_monitor.o
LOAD /mnt/d/repos/ClimateChangeChallenge/qorc-sdk/qf_apps/qf_ssi_ai_app/GCC_Project/output/dbg_uart.o
LOAD /mnt/d/repos/ClimateChangeChallenge/qorc-sdk/qf_apps/qf_ssi_ai_app/GCC_Project/output/dbgtrace.o
LOAD /mnt/d/repos/ClimateChangeChallenge/qorc-sdk/qf_apps/qf_ssi_ai_app/GCC_Project/output/eoss3_hal_adc.o
LOAD /mnt/d/repos/ClimateChangeChallenge/qorc-sdk/qf_apps/qf_ssi_ai_app/GCC_Project/output/eoss3_hal_audio.o
LOAD /mnt/d/repos/ClimateChangeChallenge/qorc-sdk/qf_apps/qf_ssi_ai_app/GCC_Project/output/eoss3_hal_fpga_usbserial.o
LOAD /mnt/d/repos/ClimateChangeChallenge/qorc-sdk/qf_apps/qf_ssi_ai_app/GCC_Project/output/eoss3_hal_gpio.o
LOAD /mnt/d/repos/ClimateChangeChallenge/qorc-sdk/qf_apps/qf_ssi_ai_app/GCC_Project/output/eoss3_hal_i2c.o
LOAD /mnt/d/repos/ClimateChangeChallenge/qorc-sdk/qf_apps/qf_ssi_ai_app/GCC_Project/output/eoss3_hal_i2s.o
LOAD /mnt/d/repos/ClimateChangeChallenge/qorc-sdk/qf_apps/qf_ssi_ai_app/GCC_Project/output/eoss3_hal_i2s_slave_assp.o
LOAD /mnt/d/repos/ClimateChangeChallenge/qorc-sdk/qf_apps/qf_ssi_ai_app/GCC_Project/output/eoss3_hal_pad_config.o
LOAD /mnt/d/repos/ClimateChangeChallenge/qorc-sdk/qf_apps/qf_ssi_ai_app/GCC_Project/output/eoss3_hal_pkfb.o
LOAD /mnt/d/repos/ClimateChangeChallenge/qorc-sdk/qf_apps/qf_ssi_ai_app/GCC_Project/output/eoss3_hal_rtc.o
LOAD /mnt/d/repos/ClimateChangeChallenge/qorc-sdk/qf_apps/qf_ssi_ai_app/GCC_Project/output/eoss3_hal_sdma.o
LOAD /mnt/d/repos/ClimateChangeChallenge/qorc-sdk/qf_apps/qf_ssi_ai_app/GCC_Project/output/eoss3_hal_spi.o
LOAD /mnt/d/repos/ClimateChangeChallenge/qorc-sdk/qf_apps/qf_ssi_ai_app/GCC_Project/output/eoss3_hal_timer.o
LOAD /mnt/d/repos/ClimateChangeChallenge/qorc-sdk/qf_apps/qf_ssi_ai_app/GCC_Project/output/eoss3_hal_uart.o
LOAD /mnt/d/repos/ClimateChangeChallenge/qorc-sdk/qf_apps/qf_ssi_ai_app/GCC_Project/output/eoss3_hal_wb.o
LOAD /mnt/d/repos/ClimateChangeChallenge/qorc-sdk/qf_apps/qf_ssi_ai_app/GCC_Project/output/eoss3_hal_wdt.o
LOAD /mnt/d/repos/ClimateChangeChallenge/qorc-sdk/qf_apps/qf_ssi_ai_app/GCC_Project/output/event_groups.o
LOAD /mnt/d/repos/ClimateChangeChallenge/qorc-sdk/qf_apps/qf_ssi_ai_app/GCC_Project/output/exceptions.o
LOAD /mnt/d/repos/ClimateChangeChallenge/qorc-sdk/qf_apps/qf_ssi_ai_app/GCC_Project/output/ff.o
LOAD /mnt/d/repos/ClimateChangeChallenge/qorc-sdk/qf_apps/qf_ssi_ai_app/GCC_Project/output/ffunicode.o
LOAD /mnt/d/repos/ClimateChangeChallenge/qorc-sdk/qf_apps/qf_ssi_ai_app/GCC_Project/output/fpga_loader.o
LOAD /mnt/d/repos/ClimateChangeChallenge/qorc-sdk/qf_apps/qf_ssi_ai_app/GCC_Project/output/freertos_static_memory.o
LOAD /mnt/d/repos/ClimateChangeChallenge/qorc-sdk/qf_apps/qf_ssi_ai_app/GCC_Project/output/heap_4.o
LOAD /mnt/d/repos/ClimateChangeChallenge/qorc-sdk/qf_apps/qf_ssi_ai_app/GCC_Project/output/hearable_pwrcfg.o
LOAD /mnt/d/repos/ClimateChangeChallenge/qorc-sdk/qf_apps/qf_ssi_ai_app/GCC_Project/output/leds.o
LOAD /mnt/d/repos/ClimateChangeChallenge/qorc-sdk/qf_apps/qf_ssi_ai_app/GCC_Project/output/list.o
LOAD /mnt/d/repos/ClimateChangeChallenge/qorc-sdk/qf_apps/qf_ssi_ai_app/GCC_Project/output/main.o
LOAD /mnt/d/repos/ClimateChangeChallenge/qorc-sdk/qf_apps/qf_ssi_ai_app/GCC_Project/output/main_dbg_cli_menu.o
LOAD /mnt/d/repos/ClimateChangeChallenge/qorc-sdk/qf_apps/qf_ssi_ai_app/GCC_Project/output/mc3635.o
LOAD /mnt/d/repos/ClimateChangeChallenge/qorc-sdk/qf_apps/qf_ssi_ai_app/GCC_Project/output/mc3635_wire.o
LOAD /mnt/d/repos/ClimateChangeChallenge/qorc-sdk/qf_apps/qf_ssi_ai_app/GCC_Project/output/micro_tick64.o
LOAD /mnt/d/repos/ClimateChangeChallenge/qorc-sdk/qf_apps/qf_ssi_ai_app/GCC_Project/output/mmc_s3.o
LOAD /mnt/d/repos/ClimateChangeChallenge/qorc-sdk/qf_apps/qf_ssi_ai_app/GCC_Project/output/pincfg_table.o
LOAD /mnt/d/repos/ClimateChangeChallenge/qorc-sdk/qf_apps/qf_ssi_ai_app/GCC_Project/output/port.o
LOAD /mnt/d/repos/ClimateChangeChallenge/qorc-sdk/qf_apps/qf_ssi_ai_app/GCC_Project/output/qf_baremetalsetup.o
LOAD /mnt/d/repos/ClimateChangeChallenge/qorc-sdk/qf_apps/qf_ssi_ai_app/GCC_Project/output/qf_hardwaresetup.o
LOAD /mnt/d/repos/ClimateChangeChallenge/qorc-sdk/qf_apps/qf_ssi_ai_app/GCC_Project/output/ql_base64.o
LOAD /mnt/d/repos/ClimateChangeChallenge/qorc-sdk/qf_apps/qf_ssi_ai_app/GCC_Project/output/ql_stackwatermark.o
LOAD /mnt/d/repos/ClimateChangeChallenge/qorc-sdk/qf_apps/qf_ssi_ai_app/GCC_Project/output/ql_test_signals.o
LOAD /mnt/d/repos/ClimateChangeChallenge/qorc-sdk/qf_apps/qf_ssi_ai_app/GCC_Project/output/ql_time.o
LOAD /mnt/d/repos/ClimateChangeChallenge/qorc-sdk/qf_apps/qf_ssi_ai_app/GCC_Project/output/queue.o
LOAD /mnt/d/repos/ClimateChangeChallenge/qorc-sdk/qf_apps/qf_ssi_ai_app/GCC_Project/output/riff_block_pool.o
LOAD /mnt/d/repos/ClimateChangeChallenge/qorc-sdk/qf_apps/qf_ssi_ai_app/GCC_Project/output/riff_file.o
LOAD /mnt/d/repos/ClimateChangeChallenge/qorc-sdk/qf_apps/qf_ssi_ai_app/GCC_Project/output/riff_file_fatfs.o
LOAD /mnt/d/repos/ClimateChangeChallenge/qorc-sdk/qf_apps/qf_ssi_ai_app/GCC_Project/output/riff_file_freertos_fat.o
LOAD /mnt/d/repos/ClimateChangeChallenge/qorc-sdk/qf_apps/qf_ssi_ai_app/GCC_Project/output/riff_misc.o
LOAD /mnt/d/repos/ClimateChangeChallenge/qorc-sdk/qf_apps/qf_ssi_ai_app/GCC_Project/output/riff_writer.o
LOAD /mnt/d/repos/ClimateChangeChallenge/qorc-sdk/qf_apps/qf_ssi_ai_app/GCC_Project/output/s3x_clock.o
LOAD /mnt/d/repos/ClimateChangeChallenge/qorc-sdk/qf_apps/qf_ssi_ai_app/GCC_Project/output/s3x_clock_hal.o
LOAD /mnt/d/repos/ClimateChangeChallenge/qorc-sdk/qf_apps/qf_ssi_ai_app/GCC_Project/output/s3x_cpuload.o
LOAD /mnt/d/repos/ClimateChangeChallenge/qorc-sdk/qf_apps/qf_ssi_ai_app/GCC_Project/output/s3x_dfs.o
LOAD /mnt/d/repos/ClimateChangeChallenge/qorc-sdk/qf_apps/qf_ssi_ai_app/GCC_Project/output/s3x_lpm.o
LOAD /mnt/d/repos/ClimateChangeChallenge/qorc-sdk/qf_apps/qf_ssi_ai_app/GCC_Project/output/s3x_pi.o
LOAD /mnt/d/repos/ClimateChangeChallenge/qorc-sdk/qf_apps/qf_ssi_ai_app/GCC_Project/output/s3x_pwrcfg.o
LOAD /mnt/d/repos/ClimateChangeChallenge/qorc-sdk/qf_apps/qf_ssi_ai_app/GCC_Project/output/s3x_qos.o
LOAD /mnt/d/repos/ClimateChangeChallenge/qorc-sdk/qf_apps/qf_ssi_ai_app/GCC_Project/output/sec_debug.o
LOAD /mnt/d/repos/ClimateChangeChallenge/qorc-sdk/qf_apps/qf_ssi_ai_app/GCC_Project/output/sensor_audio_acquisition.o
LOAD /mnt/d/repos/ClimateChangeChallenge/qorc-sdk/qf_apps/qf_ssi_ai_app/GCC_Project/output/sensor_audio_acquisition_test.o
LOAD /mnt/d/repos/ClimateChangeChallenge/qorc-sdk/qf_apps/qf_ssi_ai_app/GCC_Project/output/sensor_audio_config.o
LOAD /mnt/d/repos/ClimateChangeChallenge/qorc-sdk/qf_apps/qf_ssi_ai_app/GCC_Project/output/sensor_audio_process.o
LOAD /mnt/d/repos/ClimateChangeChallenge/qorc-sdk/qf_apps/qf_ssi_ai_app/GCC_Project/output/sensor_ssss.o
LOAD /mnt/d/repos/ClimateChangeChallenge/qorc-sdk/qf_apps/qf_ssi_ai_app/GCC_Project/output/sml_output.o
LOAD /mnt/d/repos/ClimateChangeChallenge/qorc-sdk/qf_apps/qf_ssi_ai_app/GCC_Project/output/sml_recognition_run.o
LOAD /mnt/d/repos/ClimateChangeChallenge/qorc-sdk/qf_apps/qf_ssi_ai_app/GCC_Project/output/spi_flash.o
LOAD /mnt/d/repos/ClimateChangeChallenge/qorc-sdk/qf_apps/qf_ssi_ai_app/GCC_Project/output/ssi_comms.o
LOAD /mnt/d/repos/ClimateChangeChallenge/qorc-sdk/qf_apps/qf_ssi_ai_app/GCC_Project/output/startup_EOSS3B_GCC.o
LOAD /mnt/d/repos/ClimateChangeChallenge/qorc-sdk/qf_apps/qf_ssi_ai_app/GCC_Project/output/stream_buffer.o
LOAD /mnt/d/repos/ClimateChangeChallenge/qorc-sdk/qf_apps/qf_ssi_ai_app/GCC_Project/output/tasks.o
LOAD /mnt/d/repos/ClimateChangeChallenge/qorc-sdk/qf_apps/qf_ssi_ai_app/GCC_Project/output/timers.o
LOAD /mnt/d/repos/ClimateChangeChallenge/qorc-sdk/qf_apps/qf_ssi_ai_app/GCC_Project/output/usb2serial.o
LOAD /mnt/d/repos/ClimateChangeChallenge/qorc-sdk/qf_apps/qf_ssi_ai_app/GCC_Project/output/vectors_CM4F_gcc.o
LOAD /mnt/d/repos/ClimateChangeChallenge/qorc-sdk/qf_apps/qf_ssi_ai_app/GCC_Project/output/watchdog.o
LOAD /mnt/d/repos/ClimateChangeChallenge/qorc-sdk/qf_apps/qf_ssi_ai_app/knowledgepack/sensiml/libsensiml.a
LOAD /mnt/d/repos/ClimateChangeChallenge/qorc-sdk/qf_apps/qf_ssi_ai_app/GCC_Project/../../../Libraries/CMSIS/lib/GCC/libarm_cortexM4lf_math.a
LOAD /usr/share/gcc-arm-none-eabi-9-2020-q2-update/bin/../lib/gcc/arm-none-eabi/9.3.1/../../../../arm-none-eabi/lib/thumb/v7e-m+fp/hard/libstdc++_nano.a
LOAD /usr/share/gcc-arm-none-eabi-9-2020-q2-update/bin/../lib/gcc/arm-none-eabi/9.3.1/../../../../arm-none-eabi/lib/thumb/v7e-m+fp/hard/libm.a
START GROUP
LOAD /usr/share/gcc-arm-none-eabi-9-2020-q2-update/bin/../lib/gcc/arm-none-eabi/9.3.1/thumb/v7e-m+fp/hard/libgcc.a
LOAD /usr/share/gcc-arm-none-eabi-9-2020-q2-update/bin/../lib/gcc/arm-none-eabi/9.3.1/../../../../arm-none-eabi/lib/thumb/v7e-m+fp/hard/libg_nano.a
LOAD /usr/share/gcc-arm-none-eabi-9-2020-q2-update/bin/../lib/gcc/arm-none-eabi/9.3.1/../../../../arm-none-eabi/lib/thumb/v7e-m+fp/hard/libc_nano.a
END GROUP
START GROUP
LOAD /usr/share/gcc-arm-none-eabi-9-2020-q2-update/bin/../lib/gcc/arm-none-eabi/9.3.1/thumb/v7e-m+fp/hard/libgcc.a
LOAD /usr/share/gcc-arm-none-eabi-9-2020-q2-update/bin/../lib/gcc/arm-none-eabi/9.3.1/../../../../arm-none-eabi/lib/thumb/v7e-m+fp/hard/libc_nano.a
LOAD /usr/share/gcc-arm-none-eabi-9-2020-q2-update/bin/../lib/gcc/arm-none-eabi/9.3.1/../../../../arm-none-eabi/lib/thumb/v7e-m+fp/hard/libnosys.a
END GROUP
START GROUP
LOAD /usr/share/gcc-arm-none-eabi-9-2020-q2-update/bin/../lib/gcc/arm-none-eabi/9.3.1/thumb/v7e-m+fp/hard/libgcc.a
LOAD /usr/share/gcc-arm-none-eabi-9-2020-q2-update/bin/../lib/gcc/arm-none-eabi/9.3.1/../../../../arm-none-eabi/lib/thumb/v7e-m+fp/hard/libc_nano.a
LOAD /usr/share/gcc-arm-none-eabi-9-2020-q2-update/bin/../lib/gcc/arm-none-eabi/9.3.1/../../../../arm-none-eabi/lib/thumb/v7e-m+fp/hard/libnosys.a
END GROUP
LOAD /usr/share/gcc-arm-none-eabi-9-2020-q2-update/bin/../lib/gcc/arm-none-eabi/9.3.1/thumb/v7e-m+fp/hard/crtend.o
LOAD /usr/share/gcc-arm-none-eabi-9-2020-q2-update/bin/../lib/gcc/arm-none-eabi/9.3.1/thumb/v7e-m+fp/hard/crtn.o

.text           0x0000000000000000    0x1cd8f
 *(.isr_vector)
 .isr_vector    0x0000000000000000      0x124 /mnt/d/repos/ClimateChangeChallenge/qorc-sdk/qf_apps/qf_ssi_ai_app/GCC_Project/output/vectors_CM4F_gcc.o
                0x0000000000000000                __Vectors
 *(.text*)
 .text          0x0000000000000124       0x40 /usr/share/gcc-arm-none-eabi-9-2020-q2-update/bin/../lib/gcc/arm-none-eabi/9.3.1/thumb/v7e-m+fp/hard/crtbegin.o
 .text          0x0000000000000164       0x7c /usr/share/gcc-arm-none-eabi-9-2020-q2-update/bin/../lib/gcc/arm-none-eabi/9.3.1/../../../../arm-none-eabi/lib/thumb/v7e-m+fp/hard/crt0.o
                0x0000000000000164                _stack_init
                0x000000000000016c                _mainCRTStartup
                0x000000000000016c                _start
 .text._ZN7TwoWire17beginTransmissionEi
                0x00000000000001e0       0x1c /mnt/d/repos/ClimateChangeChallenge/qorc-sdk/qf_apps/qf_ssi_ai_app/GCC_Project/output/Wire.o
                0x00000000000001e0                TwoWire::beginTransmission(int)
 .text._ZN7TwoWire15endTransmissionEi
                0x00000000000001fc       0x28 /mnt/d/repos/ClimateChangeChallenge/qorc-sdk/qf_apps/qf_ssi_ai_app/GCC_Project/output/Wire.o
                0x00000000000001fc                TwoWire::endTransmission(int)
 .text._ZN7TwoWire15endTransmissionEv
                0x0000000000000224        0x6 /mnt/d/repos/ClimateChangeChallenge/qorc-sdk/qf_apps/qf_ssi_ai_app/GCC_Project/output/Wire.o
                0x0000000000000224                TwoWire::endTransmission()
 *fill*         0x000000000000022a        0x2 
 .text._ZN7TwoWire11requestFromEiib
                0x000000000000022c       0x28 /mnt/d/repos/ClimateChangeChallenge/qorc-sdk/qf_apps/qf_ssi_ai_app/GCC_Project/output/Wire.o
                0x000000000000022c                TwoWire::requestFrom(int, int, bool)
 .text._ZN7TwoWire11requestFromEii
                0x0000000000000254        0x6 /mnt/d/repos/ClimateChangeChallenge/qorc-sdk/qf_apps/qf_ssi_ai_app/GCC_Project/output/Wire.o
                0x0000000000000254                TwoWire::requestFrom(int, int)
 *fill*         0x000000000000025a        0x2 
 .text._ZN7TwoWire5writeEPKhi
                0x000000000000025c       0x38 /mnt/d/repos/ClimateChangeChallenge/qorc-sdk/qf_apps/qf_ssi_ai_app/GCC_Project/output/Wire.o
                0x000000000000025c                TwoWire::write(unsigned char const*, int)
 .text._ZN7TwoWire5writeEh
                0x0000000000000294       0x16 /mnt/d/repos/ClimateChangeChallenge/qorc-sdk/qf_apps/qf_ssi_ai_app/GCC_Project/output/Wire.o
                0x0000000000000294                TwoWire::write(unsigned char)
 *fill*         0x00000000000002aa        0x2 
 .text._ZN7TwoWire9availableEv
                0x00000000000002ac        0xc /mnt/d/repos/ClimateChangeChallenge/qorc-sdk/qf_apps/qf_ssi_ai_app/GCC_Project/output/Wire.o
                0x00000000000002ac                TwoWire::available()
 .text._ZN7TwoWire4readEv
                0x00000000000002b8       0x2c /mnt/d/repos/ClimateChangeChallenge/qorc-sdk/qf_apps/qf_ssi_ai_app/GCC_Project/output/Wire.o
                0x00000000000002b8                TwoWire::read()
 .text._write   0x00000000000002e4        0xe /mnt/d/repos/ClimateChangeChallenge/qorc-sdk/qf_apps/qf_ssi_ai_app/GCC_Project/output/c_lib_retarget.o
                0x00000000000002e4                _write
 .text._close   0x00000000000002f2        0x6 /mnt/d/repos/ClimateChangeChallenge/qorc-sdk/qf_apps/qf_ssi_ai_app/GCC_Project/output/c_lib_retarget.o
                0x00000000000002f2                _close
 .text._lseek   0x00000000000002f8        0x4 /mnt/d/repos/ClimateChangeChallenge/qorc-sdk/qf_apps/qf_ssi_ai_app/GCC_Project/output/c_lib_retarget.o
                0x00000000000002f8                _lseek
 .text._read    0x00000000000002fc        0x4 /mnt/d/repos/ClimateChangeChallenge/qorc-sdk/qf_apps/qf_ssi_ai_app/GCC_Project/output/c_lib_retarget.o
                0x00000000000002fc                _read
 .text.datablk_mgr_acquire_common
                0x0000000000000300       0x84 /mnt/d/repos/ClimateChangeChallenge/qorc-sdk/qf_apps/qf_ssi_ai_app/GCC_Project/output/datablk_mgr.o
 .text.datablk_mgr_init
                0x0000000000000384       0xd8 /mnt/d/repos/ClimateChangeChallenge/qorc-sdk/qf_apps/qf_ssi_ai_app/GCC_Project/output/datablk_mgr.o
                0x0000000000000384                datablk_mgr_init
 .text.datablk_mgr_acquire
                0x000000000000045c        0x6 /mnt/d/repos/ClimateChangeChallenge/qorc-sdk/qf_apps/qf_ssi_ai_app/GCC_Project/output/datablk_mgr.o
                0x000000000000045c                datablk_mgr_acquire
 .text.datablk_mgr_acquireFromISR
                0x0000000000000462        0x8 /mnt/d/repos/ClimateChangeChallenge/qorc-sdk/qf_apps/qf_ssi_ai_app/GCC_Project/output/datablk_mgr.o
                0x0000000000000462                datablk_mgr_acquireFromISR
 .text.datablk_mgr_usecount_increment
                0x000000000000046a       0x18 /mnt/d/repos/ClimateChangeChallenge/qorc-sdk/qf_apps/qf_ssi_ai_app/GCC_Project/output/datablk_mgr.o
                0x000000000000046a                datablk_mgr_usecount_increment
 .text.datablk_mgr_validity_check
                0x0000000000000482       0x1a /mnt/d/repos/ClimateChangeChallenge/qorc-sdk/qf_apps/qf_ssi_ai_app/GCC_Project/output/datablk_mgr.o
                0x0000000000000482                datablk_mgr_validity_check
 .text.datablk_mgr_release_common
                0x000000000000049c       0x8c /mnt/d/repos/ClimateChangeChallenge/qorc-sdk/qf_apps/qf_ssi_ai_app/GCC_Project/output/datablk_mgr.o
                0x000000000000049c                datablk_mgr_release_common
 .text.datablk_mgr_release
                0x0000000000000528        0x6 /mnt/d/repos/ClimateChangeChallenge/qorc-sdk/qf_apps/qf_ssi_ai_app/GCC_Project/output/datablk_mgr.o
                0x0000000000000528                datablk_mgr_release
 *fill*         0x000000000000052e        0x2 
 .text.datablk_mgr_WriteDataBufferToQueues
                0x0000000000000530       0x70 /mnt/d/repos/ClimateChangeChallenge/qorc-sdk/qf_apps/qf_ssi_ai_app/GCC_Project/output/datablk_mgr.o
                0x0000000000000530                datablk_mgr_WriteDataBufferToQueues
 .text.datablk_mgr_WriteDataBufferToQueuesFromISR
                0x00000000000005a0       0x60 /mnt/d/repos/ClimateChangeChallenge/qorc-sdk/qf_apps/qf_ssi_ai_app/GCC_Project/output/datablk_mgr.o
                0x00000000000005a0                datablk_mgr_WriteDataBufferToQueuesFromISR
 .text.datablk_processor_task
                0x0000000000000600      0x118 /mnt/d/repos/ClimateChangeChallenge/qorc-sdk/qf_apps/qf_ssi_ai_app/GCC_Project/output/datablk_processor.o
 .text.datablk_pe_process_bypass_func
                0x0000000000000718       0x18 /mnt/d/repos/ClimateChangeChallenge/qorc-sdk/qf_apps/qf_ssi_ai_app/GCC_Project/output/datablk_processor.o
 .text.datablk_processor_task_setup
                0x0000000000000730       0x48 /mnt/d/repos/ClimateChangeChallenge/qorc-sdk/qf_apps/qf_ssi_ai_app/GCC_Project/output/datablk_processor.o
                0x0000000000000730                datablk_processor_task_setup
 .text.__debug_lockup
                0x0000000000000778       0x14 /mnt/d/repos/ClimateChangeChallenge/qorc-sdk/qf_apps/qf_ssi_ai_app/GCC_Project/output/dbg_uart.o
 .text._semihost_write
                0x000000000000078c       0x54 /mnt/d/repos/ClimateChangeChallenge/qorc-sdk/qf_apps/qf_ssi_ai_app/GCC_Project/output/dbg_uart.o
                0x000000000000078c                _semihost_write
 .text.dbg_ch_raw
                0x00000000000007e0       0x74 /mnt/d/repos/ClimateChangeChallenge/qorc-sdk/qf_apps/qf_ssi_ai_app/GCC_Project/output/dbg_uart.o
                0x00000000000007e0                dbg_ch_raw
 .text.dbg_nl   0x0000000000000854       0x12 /mnt/d/repos/ClimateChangeChallenge/qorc-sdk/qf_apps/qf_ssi_ai_app/GCC_Project/output/dbg_uart.o
                0x0000000000000854                dbg_nl
 .text.dbg_ch   0x0000000000000866        0xc /mnt/d/repos/ClimateChangeChallenge/qorc-sdk/qf_apps/qf_ssi_ai_app/GCC_Project/output/dbg_uart.o
                0x0000000000000866                dbg_ch
 .text.dbg_hex4
                0x0000000000000872       0x14 /mnt/d/repos/ClimateChangeChallenge/qorc-sdk/qf_apps/qf_ssi_ai_app/GCC_Project/output/dbg_uart.o
 .text.dbg_hex8
                0x0000000000000886       0x14 /mnt/d/repos/ClimateChangeChallenge/qorc-sdk/qf_apps/qf_ssi_ai_app/GCC_Project/output/dbg_uart.o
                0x0000000000000886                dbg_hex8
 .text.dbg_hex16
                0x000000000000089a       0x14 /mnt/d/repos/ClimateChangeChallenge/qorc-sdk/qf_apps/qf_ssi_ai_app/GCC_Project/output/dbg_uart.o
                0x000000000000089a                dbg_hex16
 .text.dbg_hex32
                0x00000000000008ae       0x14 /mnt/d/repos/ClimateChangeChallenge/qorc-sdk/qf_apps/qf_ssi_ai_app/GCC_Project/output/dbg_uart.o
                0x00000000000008ae                dbg_hex32
 .text._dbg_int
                0x00000000000008c2       0x20 /mnt/d/repos/ClimateChangeChallenge/qorc-sdk/qf_apps/qf_ssi_ai_app/GCC_Project/output/dbg_uart.o
 .text.dbg_memdumpx
                0x00000000000008e2       0xea /mnt/d/repos/ClimateChangeChallenge/qorc-sdk/qf_apps/qf_ssi_ai_app/GCC_Project/output/dbg_uart.o
 .text.dbg_str  0x00000000000009cc       0x84 /mnt/d/repos/ClimateChangeChallenge/qorc-sdk/qf_apps/qf_ssi_ai_app/GCC_Project/output/dbg_uart.o
                0x00000000000009cc                dbg_str
 .text._dbg_str_xxx
                0x0000000000000a50       0x16 /mnt/d/repos/ClimateChangeChallenge/qorc-sdk/qf_apps/qf_ssi_ai_app/GCC_Project/output/dbg_uart.o
 .text.dbg_str_hexXX
                0x0000000000000a66       0x22 /mnt/d/repos/ClimateChangeChallenge/qorc-sdk/qf_apps/qf_ssi_ai_app/GCC_Project/output/dbg_uart.o
 .text.dbg_int  0x0000000000000a88       0x24 /mnt/d/repos/ClimateChangeChallenge/qorc-sdk/qf_apps/qf_ssi_ai_app/GCC_Project/output/dbg_uart.o
                0x0000000000000a88                dbg_int
 .text.dbg_str_str
                0x0000000000000aac       0x16 /mnt/d/repos/ClimateChangeChallenge/qorc-sdk/qf_apps/qf_ssi_ai_app/GCC_Project/output/dbg_uart.o
                0x0000000000000aac                dbg_str_str
 .text.dbg_str_int
                0x0000000000000ac2       0x16 /mnt/d/repos/ClimateChangeChallenge/qorc-sdk/qf_apps/qf_ssi_ai_app/GCC_Project/output/dbg_uart.o
                0x0000000000000ac2                dbg_str_int
 .text.dbg_str_int_noln
                0x0000000000000ad8       0x12 /mnt/d/repos/ClimateChangeChallenge/qorc-sdk/qf_apps/qf_ssi_ai_app/GCC_Project/output/dbg_uart.o
                0x0000000000000ad8                dbg_str_int_noln
 *fill*         0x0000000000000aea        0x2 
 .text.dbg_str_hex32
                0x0000000000000aec        0xc /mnt/d/repos/ClimateChangeChallenge/qorc-sdk/qf_apps/qf_ssi_ai_app/GCC_Project/output/dbg_uart.o
                0x0000000000000aec                dbg_str_hex32
 .text.dbg_fatal_error
                0x0000000000000af8       0x12 /mnt/d/repos/ClimateChangeChallenge/qorc-sdk/qf_apps/qf_ssi_ai_app/GCC_Project/output/dbg_uart.o
                0x0000000000000af8                dbg_fatal_error
 .text.dbg_fatal_error_int
                0x0000000000000b0a        0xe /mnt/d/repos/ClimateChangeChallenge/qorc-sdk/qf_apps/qf_ssi_ai_app/GCC_Project/output/dbg_uart.o
                0x0000000000000b0a                dbg_fatal_error_int
 .text.dbg_memdump32
                0x0000000000000b18       0x1e /mnt/d/repos/ClimateChangeChallenge/qorc-sdk/qf_apps/qf_ssi_ai_app/GCC_Project/output/dbg_uart.o
                0x0000000000000b18                dbg_memdump32
 *fill*         0x0000000000000b36        0x2 
 .text.onDmac0BlockDone
                0x0000000000000b38       0x20 /mnt/d/repos/ClimateChangeChallenge/qorc-sdk/qf_apps/qf_ssi_ai_app/GCC_Project/output/eoss3_hal_audio.o
                0x0000000000000b38                onDmac0BlockDone
 .text.onDmac0BufferDone
                0x0000000000000b58       0x20 /mnt/d/repos/ClimateChangeChallenge/qorc-sdk/qf_apps/qf_ssi_ai_app/GCC_Project/output/eoss3_hal_audio.o
                0x0000000000000b58                onDmac0BufferDone
 .text.audio_isr_onDmac0BufferDone
                0x0000000000000b78       0xc8 /mnt/d/repos/ClimateChangeChallenge/qorc-sdk/qf_apps/qf_ssi_ai_app/GCC_Project/output/eoss3_hal_audio.o
                0x0000000000000b78                audio_isr_onDmac0BufferDone
 .text.HAL_usbserial_init_common
                0x0000000000000c40      0x108 /mnt/d/repos/ClimateChangeChallenge/qorc-sdk/qf_apps/qf_ssi_ai_app/GCC_Project/output/eoss3_hal_fpga_usbserial.o
 .text.HAL_usbserial_isrfunc
                0x0000000000000d48       0x4c /mnt/d/repos/ClimateChangeChallenge/qorc-sdk/qf_apps/qf_ssi_ai_app/GCC_Project/output/eoss3_hal_fpga_usbserial.o
 .text.HAL_usbserial_init2
                0x0000000000000d94        0x8 /mnt/d/repos/ClimateChangeChallenge/qorc-sdk/qf_apps/qf_ssi_ai_app/GCC_Project/output/eoss3_hal_fpga_usbserial.o
                0x0000000000000d94                HAL_usbserial_init2
 .text.HAL_usbserial_init
                0x0000000000000d9c        0xa /mnt/d/repos/ClimateChangeChallenge/qorc-sdk/qf_apps/qf_ssi_ai_app/GCC_Project/output/eoss3_hal_fpga_usbserial.o
                0x0000000000000d9c                HAL_usbserial_init
 *fill*         0x0000000000000da6        0x2 
 .text.HAL_usbserial_getc
                0x0000000000000da8       0x18 /mnt/d/repos/ClimateChangeChallenge/qorc-sdk/qf_apps/qf_ssi_ai_app/GCC_Project/output/eoss3_hal_fpga_usbserial.o
                0x0000000000000da8                HAL_usbserial_getc
 .text.HAL_usbserial_putc
                0x0000000000000dc0       0x20 /mnt/d/repos/ClimateChangeChallenge/qorc-sdk/qf_apps/qf_ssi_ai_app/GCC_Project/output/eoss3_hal_fpga_usbserial.o
                0x0000000000000dc0                HAL_usbserial_putc
 .text.HAL_usbserial_dataavailable
                0x0000000000000de0       0x10 /mnt/d/repos/ClimateChangeChallenge/qorc-sdk/qf_apps/qf_ssi_ai_app/GCC_Project/output/eoss3_hal_fpga_usbserial.o
                0x0000000000000de0                HAL_usbserial_dataavailable
 .text.HAL_GPIO_Write
                0x0000000000000df0       0x28 /mnt/d/repos/ClimateChangeChallenge/qorc-sdk/qf_apps/qf_ssi_ai_app/GCC_Project/output/eoss3_hal_gpio.o
                0x0000000000000df0                HAL_GPIO_Write
 .text.HAL_I2C_SetClockFreq
                0x0000000000000e18       0x80 /mnt/d/repos/ClimateChangeChallenge/qorc-sdk/qf_apps/qf_ssi_ai_app/GCC_Project/output/eoss3_hal_i2c.o
                0x0000000000000e18                HAL_I2C_SetClockFreq
 .text.HAL_I2C_Init
                0x0000000000000e98       0x68 /mnt/d/repos/ClimateChangeChallenge/qorc-sdk/qf_apps/qf_ssi_ai_app/GCC_Project/output/eoss3_hal_i2c.o
                0x0000000000000e98                HAL_I2C_Init
 .text.HAL_I2C_ReadRawData
                0x0000000000000f00       0xec /mnt/d/repos/ClimateChangeChallenge/qorc-sdk/qf_apps/qf_ssi_ai_app/GCC_Project/output/eoss3_hal_i2c.o
                0x0000000000000f00                HAL_I2C_ReadRawData
 .text.HAL_I2C_WriteRawData
                0x0000000000000fec      0x100 /mnt/d/repos/ClimateChangeChallenge/qorc-sdk/qf_apps/qf_ssi_ai_app/GCC_Project/output/eoss3_hal_i2c.o
                0x0000000000000fec                HAL_I2C_WriteRawData
 .text.HAL_PAD_Config
                0x00000000000010ec      0x190 /mnt/d/repos/ClimateChangeChallenge/qorc-sdk/qf_apps/qf_ssi_ai_app/GCC_Project/output/eoss3_hal_pad_config.o
                0x00000000000010ec                HAL_PAD_Config
 .text.configure_s3_pads
                0x000000000000127c       0x1a /mnt/d/repos/ClimateChangeChallenge/qorc-sdk/qf_apps/qf_ssi_ai_app/GCC_Project/output/eoss3_hal_pad_config.o
                0x000000000000127c                configure_s3_pads
 *fill*         0x0000000000001296        0x2 
 .text.eoss3_rtc_enable_irq
                0x0000000000001298       0x28 /mnt/d/repos/ClimateChangeChallenge/qorc-sdk/qf_apps/qf_ssi_ai_app/GCC_Project/output/eoss3_hal_rtc.o
 .text.write_rtc_reg
                0x00000000000012c0       0x18 /mnt/d/repos/ClimateChangeChallenge/qorc-sdk/qf_apps/qf_ssi_ai_app/GCC_Project/output/eoss3_hal_rtc.o
 .text.__rtc_setup_alarm.isra.0
                0x00000000000012d8       0x44 /mnt/d/repos/ClimateChangeChallenge/qorc-sdk/qf_apps/qf_ssi_ai_app/GCC_Project/output/eoss3_hal_rtc.o
 .text.HAL_RTC_ISR
                0x000000000000131c       0x24 /mnt/d/repos/ClimateChangeChallenge/qorc-sdk/qf_apps/qf_ssi_ai_app/GCC_Project/output/eoss3_hal_rtc.o
                0x000000000000131c                HAL_RTC_ISR
 .text.unlock_spi1_bus
                0x0000000000001340       0x58 /mnt/d/repos/ClimateChangeChallenge/qorc-sdk/qf_apps/qf_ssi_ai_app/GCC_Project/output/eoss3_hal_spi.o
                0x0000000000001340                unlock_spi1_bus
 .text.SPI_DMA_Complete
                0x0000000000001398       0x88 /mnt/d/repos/ClimateChangeChallenge/qorc-sdk/qf_apps/qf_ssi_ai_app/GCC_Project/output/eoss3_hal_spi.o
                0x0000000000001398                SPI_DMA_Complete
 .text.HAL_SPI_IRQHandler
                0x0000000000001420       0x6c /mnt/d/repos/ClimateChangeChallenge/qorc-sdk/qf_apps/qf_ssi_ai_app/GCC_Project/output/eoss3_hal_spi.o
                0x0000000000001420                HAL_SPI_IRQHandler
 .text.HAL_Delay_Init
                0x000000000000148c       0x54 /mnt/d/repos/ClimateChangeChallenge/qorc-sdk/qf_apps/qf_ssi_ai_app/GCC_Project/output/eoss3_hal_timer.o
                0x000000000000148c                HAL_Delay_Init
 .text.HAL_DelayUSec
                0x00000000000014e0       0x28 /mnt/d/repos/ClimateChangeChallenge/qorc-sdk/qf_apps/qf_ssi_ai_app/GCC_Project/output/eoss3_hal_timer.o
                0x00000000000014e0                HAL_DelayUSec
 .text.HAL_Timer_ISR
                0x0000000000001508       0x88 /mnt/d/repos/ClimateChangeChallenge/qorc-sdk/qf_apps/qf_ssi_ai_app/GCC_Project/output/eoss3_hal_timer.o
                0x0000000000001508                HAL_Timer_ISR
 .text.uart_baud_rate
                0x0000000000001590       0x60 /mnt/d/repos/ClimateChangeChallenge/qorc-sdk/qf_apps/qf_ssi_ai_app/GCC_Project/output/eoss3_hal_uart.o
 .text.is_hw_uart_enabled
                0x00000000000015f0       0x20 /mnt/d/repos/ClimateChangeChallenge/qorc-sdk/qf_apps/qf_ssi_ai_app/GCC_Project/output/eoss3_hal_uart.o
 .text.uart_disable
                0x0000000000001610       0x1c /mnt/d/repos/ClimateChangeChallenge/qorc-sdk/qf_apps/qf_ssi_ai_app/GCC_Project/output/eoss3_hal_uart.o
 .text.uart_lpm_callback
                0x000000000000162c       0x70 /mnt/d/repos/ClimateChangeChallenge/qorc-sdk/qf_apps/qf_ssi_ai_app/GCC_Project/output/eoss3_hal_uart.o
 .text.uart_init
                0x000000000000169c      0x17c /mnt/d/repos/ClimateChangeChallenge/qorc-sdk/qf_apps/qf_ssi_ai_app/GCC_Project/output/eoss3_hal_uart.o
                0x000000000000169c                uart_init
 .text.uart_isr_handler
                0x0000000000001818       0x84 /mnt/d/repos/ClimateChangeChallenge/qorc-sdk/qf_apps/qf_ssi_ai_app/GCC_Project/output/eoss3_hal_uart.o
                0x0000000000001818                uart_isr_handler
 .text.uart_tx_raw
                0x000000000000189c       0x48 /mnt/d/repos/ClimateChangeChallenge/qorc-sdk/qf_apps/qf_ssi_ai_app/GCC_Project/output/eoss3_hal_uart.o
                0x000000000000189c                uart_tx_raw
 .text.uart_tx  0x00000000000018e4       0x1c /mnt/d/repos/ClimateChangeChallenge/qorc-sdk/qf_apps/qf_ssi_ai_app/GCC_Project/output/eoss3_hal_uart.o
                0x00000000000018e4                uart_tx
 .text.uart_tx_buf
                0x0000000000001900       0x1a /mnt/d/repos/ClimateChangeChallenge/qorc-sdk/qf_apps/qf_ssi_ai_app/GCC_Project/output/eoss3_hal_uart.o
                0x0000000000001900                uart_tx_buf
 .text.uart_tx_raw_buf
                0x000000000000191a       0x1a /mnt/d/repos/ClimateChangeChallenge/qorc-sdk/qf_apps/qf_ssi_ai_app/GCC_Project/output/eoss3_hal_uart.o
                0x000000000000191a                uart_tx_raw_buf
 .text.uart_rx_available
                0x0000000000001934       0x40 /mnt/d/repos/ClimateChangeChallenge/qorc-sdk/qf_apps/qf_ssi_ai_app/GCC_Project/output/eoss3_hal_uart.o
                0x0000000000001934                uart_rx_available
 .text.uart_rx  0x0000000000001974       0x6c /mnt/d/repos/ClimateChangeChallenge/qorc-sdk/qf_apps/qf_ssi_ai_app/GCC_Project/output/eoss3_hal_uart.o
                0x0000000000001974                uart_rx
 .text.uart_rx_raw_buf
                0x00000000000019e0       0x1e /mnt/d/repos/ClimateChangeChallenge/qorc-sdk/qf_apps/qf_ssi_ai_app/GCC_Project/output/eoss3_hal_uart.o
                0x00000000000019e0                uart_rx_raw_buf
 *fill*         0x00000000000019fe        0x2 
 .text.HAL_WB_Transmit
                0x0000000000001a00       0x3c /mnt/d/repos/ClimateChangeChallenge/qorc-sdk/qf_apps/qf_ssi_ai_app/GCC_Project/output/eoss3_hal_wb.o
                0x0000000000001a00                HAL_WB_Transmit
 .text.HAL_WB_Receive
                0x0000000000001a3c       0x44 /mnt/d/repos/ClimateChangeChallenge/qorc-sdk/qf_apps/qf_ssi_ai_app/GCC_Project/output/eoss3_hal_wb.o
                0x0000000000001a3c                HAL_WB_Receive
 .text.HAL_WB_Init
                0x0000000000001a80      0x10c /mnt/d/repos/ClimateChangeChallenge/qorc-sdk/qf_apps/qf_ssi_ai_app/GCC_Project/output/eoss3_hal_wb.o
                0x0000000000001a80                HAL_WB_Init
 .text.WDT_ISR  0x0000000000001b8c       0x8c /mnt/d/repos/ClimateChangeChallenge/qorc-sdk/qf_apps/qf_ssi_ai_app/GCC_Project/output/eoss3_hal_wdt.o
                0x0000000000001b8c                WDT_ISR
 .text.spurious_interrupt
                0x0000000000001c18        0xc /mnt/d/repos/ClimateChangeChallenge/qorc-sdk/qf_apps/qf_ssi_ai_app/GCC_Project/output/exceptions.o
 .text.prvGetRegistersFromStack
                0x0000000000001c24       0xf0 /mnt/d/repos/ClimateChangeChallenge/qorc-sdk/qf_apps/qf_ssi_ai_app/GCC_Project/output/exceptions.o
                0x0000000000001c24                prvGetRegistersFromStack
 .text.HardFault_Handler
                0x0000000000001d14       0x16 /mnt/d/repos/ClimateChangeChallenge/qorc-sdk/qf_apps/qf_ssi_ai_app/GCC_Project/output/exceptions.o
                0x0000000000001d14                HardFault_Handler
 .text.NMI_Handler
                0x0000000000001d2a        0x6 /mnt/d/repos/ClimateChangeChallenge/qorc-sdk/qf_apps/qf_ssi_ai_app/GCC_Project/output/exceptions.o
                0x0000000000001d2a                NMI_Handler
 .text.MemManage_Handler
                0x0000000000001d30        0x6 /mnt/d/repos/ClimateChangeChallenge/qorc-sdk/qf_apps/qf_ssi_ai_app/GCC_Project/output/exceptions.o
                0x0000000000001d30                MemManage_Handler
 .text.BusFault_Handler
                0x0000000000001d36        0x6 /mnt/d/repos/ClimateChangeChallenge/qorc-sdk/qf_apps/qf_ssi_ai_app/GCC_Project/output/exceptions.o
                0x0000000000001d36                BusFault_Handler
 .text.UsageFault_Handler
                0x0000000000001d3c        0x6 /mnt/d/repos/ClimateChangeChallenge/qorc-sdk/qf_apps/qf_ssi_ai_app/GCC_Project/output/exceptions.o
                0x0000000000001d3c                UsageFault_Handler
 .text.DebugMon_Handler
                0x0000000000001d42        0x6 /mnt/d/repos/ClimateChangeChallenge/qorc-sdk/qf_apps/qf_ssi_ai_app/GCC_Project/output/exceptions.o
                0x0000000000001d42                DebugMon_Handler
 .text.Uart_Handler
                0x0000000000001d48       0x50 /mnt/d/repos/ClimateChangeChallenge/qorc-sdk/qf_apps/qf_ssi_ai_app/GCC_Project/output/exceptions.o
                0x0000000000001d48                Uart_Handler
 .text.Timer_Handler
                0x0000000000001d98       0x24 /mnt/d/repos/ClimateChangeChallenge/qorc-sdk/qf_apps/qf_ssi_ai_app/GCC_Project/output/exceptions.o
                0x0000000000001d98                Timer_Handler
 .text.CpuWdtInt_Handler
                0x0000000000001dbc       0x24 /mnt/d/repos/ClimateChangeChallenge/qorc-sdk/qf_apps/qf_ssi_ai_app/GCC_Project/output/exceptions.o
                0x0000000000001dbc                CpuWdtInt_Handler
 .text.CpuWdtRst_Handler
                0x0000000000001de0        0x6 /mnt/d/repos/ClimateChangeChallenge/qorc-sdk/qf_apps/qf_ssi_ai_app/GCC_Project/output/exceptions.o
                0x0000000000001de0                CpuWdtRst_Handler
 .text.BusTimeout_Handler
                0x0000000000001de6        0x6 /mnt/d/repos/ClimateChangeChallenge/qorc-sdk/qf_apps/qf_ssi_ai_app/GCC_Project/output/exceptions.o
                0x0000000000001de6                BusTimeout_Handler
 .text.Fpu_Handler
                0x0000000000001dec        0x6 /mnt/d/repos/ClimateChangeChallenge/qorc-sdk/qf_apps/qf_ssi_ai_app/GCC_Project/output/exceptions.o
                0x0000000000001dec                Fpu_Handler
 *fill*         0x0000000000001df2        0x2 
 .text.Pkfb_Handler
                0x0000000000001df4       0x10 /mnt/d/repos/ClimateChangeChallenge/qorc-sdk/qf_apps/qf_ssi_ai_app/GCC_Project/output/exceptions.o
                0x0000000000001df4                Pkfb_Handler
 .text.I2s_Handler
                0x0000000000001e04        0x6 /mnt/d/repos/ClimateChangeChallenge/qorc-sdk/qf_apps/qf_ssi_ai_app/GCC_Project/output/exceptions.o
                0x0000000000001e04                I2s_Handler
 .text.Audio_Handler
                0x0000000000001e0a        0x6 /mnt/d/repos/ClimateChangeChallenge/qorc-sdk/qf_apps/qf_ssi_ai_app/GCC_Project/output/exceptions.o
                0x0000000000001e0a                Audio_Handler
 .text.SpiMs_Handler
                0x0000000000001e10       0x5c /mnt/d/repos/ClimateChangeChallenge/qorc-sdk/qf_apps/qf_ssi_ai_app/GCC_Project/output/exceptions.o
                0x0000000000001e10                SpiMs_Handler
 .text.CfgDma_Handler
                0x0000000000001e6c       0x28 /mnt/d/repos/ClimateChangeChallenge/qorc-sdk/qf_apps/qf_ssi_ai_app/GCC_Project/output/exceptions.o
                0x0000000000001e6c                CfgDma_Handler
 .text.PmuTimer_Handler
                0x0000000000001e94        0x2 /mnt/d/repos/ClimateChangeChallenge/qorc-sdk/qf_apps/qf_ssi_ai_app/GCC_Project/output/exceptions.o
                0x0000000000001e94                PmuTimer_Handler
 .text.AdcDone_Handler
                0x0000000000001e96        0x8 /mnt/d/repos/ClimateChangeChallenge/qorc-sdk/qf_apps/qf_ssi_ai_app/GCC_Project/output/exceptions.o
                0x0000000000001e96                AdcDone_Handler
 *fill*         0x0000000000001e9e        0x2 
 .text.RtcAlarm_Handler
                0x0000000000001ea0       0x1c /mnt/d/repos/ClimateChangeChallenge/qorc-sdk/qf_apps/qf_ssi_ai_app/GCC_Project/output/exceptions.o
                0x0000000000001ea0                RtcAlarm_Handler
 .text.ResetInt_Handler
                0x0000000000001ebc        0x8 /mnt/d/repos/ClimateChangeChallenge/qorc-sdk/qf_apps/qf_ssi_ai_app/GCC_Project/output/exceptions.o
                0x0000000000001ebc                ResetInt_Handler
 .text.Ffe0_Handler
                0x0000000000001ec4       0x18 /mnt/d/repos/ClimateChangeChallenge/qorc-sdk/qf_apps/qf_ssi_ai_app/GCC_Project/output/exceptions.o
                0x0000000000001ec4                Ffe0_Handler
 .text.FbMsg_Handler
                0x0000000000001edc       0x6c /mnt/d/repos/ClimateChangeChallenge/qorc-sdk/qf_apps/qf_ssi_ai_app/GCC_Project/output/exceptions.o
                0x0000000000001edc                FbMsg_Handler
 .text.FB_RegisterISR
                0x0000000000001f48       0x10 /mnt/d/repos/ClimateChangeChallenge/qorc-sdk/qf_apps/qf_ssi_ai_app/GCC_Project/output/exceptions.o
                0x0000000000001f48                FB_RegisterISR
 .text.FB_ConfigureInterrupt
                0x0000000000001f58       0x78 /mnt/d/repos/ClimateChangeChallenge/qorc-sdk/qf_apps/qf_ssi_ai_app/GCC_Project/output/exceptions.o
                0x0000000000001f58                FB_ConfigureInterrupt
 .text.SensorGpio_Handler
                0x0000000000001fd0        0x8 /mnt/d/repos/ClimateChangeChallenge/qorc-sdk/qf_apps/qf_ssi_ai_app/GCC_Project/output/exceptions.o
                0x0000000000001fd0                SensorGpio_Handler
 .text.M4SramSleep_Handler
                0x0000000000001fd8        0x8 /mnt/d/repos/ClimateChangeChallenge/qorc-sdk/qf_apps/qf_ssi_ai_app/GCC_Project/output/exceptions.o
                0x0000000000001fd8                M4SramSleep_Handler
 .text.LDO30_PG_Handler
                0x0000000000001fe0        0x8 /mnt/d/repos/ClimateChangeChallenge/qorc-sdk/qf_apps/qf_ssi_ai_app/GCC_Project/output/exceptions.o
                0x0000000000001fe0                LDO30_PG_Handler
 .text.LDO50_PG_Handler
                0x0000000000001fe8        0x8 /mnt/d/repos/ClimateChangeChallenge/qorc-sdk/qf_apps/qf_ssi_ai_app/GCC_Project/output/exceptions.o
                0x0000000000001fe8                LDO50_PG_Handler
 .text.DMIC_Voice_Det_Handler
                0x0000000000001ff0        0x8 /mnt/d/repos/ClimateChangeChallenge/qorc-sdk/qf_apps/qf_ssi_ai_app/GCC_Project/output/exceptions.o
                0x0000000000001ff0                DMIC_Voice_Det_Handler
 .text.ApPDMClkOn_Handler
                0x0000000000001ff8        0x8 /mnt/d/repos/ClimateChangeChallenge/qorc-sdk/qf_apps/qf_ssi_ai_app/GCC_Project/output/exceptions.o
                0x0000000000001ff8                ApPDMClkOn_Handler
 .text.ApPDMClkOff_Handler
                0x0000000000002000        0x8 /mnt/d/repos/ClimateChangeChallenge/qorc-sdk/qf_apps/qf_ssi_ai_app/GCC_Project/output/exceptions.o
                0x0000000000002000                ApPDMClkOff_Handler
 .text.Dmac0BlkDone_Handler
                0x0000000000002008        0x4 /mnt/d/repos/ClimateChangeChallenge/qorc-sdk/qf_apps/qf_ssi_ai_app/GCC_Project/output/exceptions.o
                0x0000000000002008                Dmac0BlkDone_Handler
 .text.Dmac0BufDone_Handler
                0x000000000000200c       0x10 /mnt/d/repos/ClimateChangeChallenge/qorc-sdk/qf_apps/qf_ssi_ai_app/GCC_Project/output/exceptions.o
                0x000000000000200c                Dmac0BufDone_Handler
 .text.Dmac1BlkDone_Handler
                0x000000000000201c        0x8 /mnt/d/repos/ClimateChangeChallenge/qorc-sdk/qf_apps/qf_ssi_ai_app/GCC_Project/output/exceptions.o
                0x000000000000201c                Dmac1BlkDone_Handler
 .text.Dmac1BufDone_Handler
                0x0000000000002024        0x8 /mnt/d/repos/ClimateChangeChallenge/qorc-sdk/qf_apps/qf_ssi_ai_app/GCC_Project/output/exceptions.o
                0x0000000000002024                Dmac1BufDone_Handler
 .text.Sdma0Done_Handler
                0x000000000000202c        0x8 /mnt/d/repos/ClimateChangeChallenge/qorc-sdk/qf_apps/qf_ssi_ai_app/GCC_Project/output/exceptions.o
                0x000000000000202c                Sdma0Done_Handler
 .text.Sdma1Done_Handler
                0x0000000000002034        0x8 /mnt/d/repos/ClimateChangeChallenge/qorc-sdk/qf_apps/qf_ssi_ai_app/GCC_Project/output/exceptions.o
                0x0000000000002034                Sdma1Done_Handler
 .text.Sdma2Done_Handler
                0x000000000000203c        0x8 /mnt/d/repos/ClimateChangeChallenge/qorc-sdk/qf_apps/qf_ssi_ai_app/GCC_Project/output/exceptions.o
                0x000000000000203c                Sdma2Done_Handler
 .text.Sdma3Done_Handler
                0x0000000000002044        0x8 /mnt/d/repos/ClimateChangeChallenge/qorc-sdk/qf_apps/qf_ssi_ai_app/GCC_Project/output/exceptions.o
                0x0000000000002044                Sdma3Done_Handler
 .text.Sdma4Done_Handler
                0x000000000000204c        0x8 /mnt/d/repos/ClimateChangeChallenge/qorc-sdk/qf_apps/qf_ssi_ai_app/GCC_Project/output/exceptions.o
                0x000000000000204c                Sdma4Done_Handler
 .text.Sdma5Done_Handler
                0x0000000000002054        0x8 /mnt/d/repos/ClimateChangeChallenge/qorc-sdk/qf_apps/qf_ssi_ai_app/GCC_Project/output/exceptions.o
                0x0000000000002054                Sdma5Done_Handler
 .text.Sdma6Done_Handler
                0x000000000000205c        0x8 /mnt/d/repos/ClimateChangeChallenge/qorc-sdk/qf_apps/qf_ssi_ai_app/GCC_Project/output/exceptions.o
                0x000000000000205c                Sdma6Done_Handler
 .text.Sdma7Done_Handler
                0x0000000000002064        0x8 /mnt/d/repos/ClimateChangeChallenge/qorc-sdk/qf_apps/qf_ssi_ai_app/GCC_Project/output/exceptions.o
                0x0000000000002064                Sdma7Done_Handler
 .text.Sdma8Done_Handler
                0x000000000000206c        0x8 /mnt/d/repos/ClimateChangeChallenge/qorc-sdk/qf_apps/qf_ssi_ai_app/GCC_Project/output/exceptions.o
                0x000000000000206c                Sdma8Done_Handler
 .text.Sdma9Done_Handler
                0x0000000000002074        0x8 /mnt/d/repos/ClimateChangeChallenge/qorc-sdk/qf_apps/qf_ssi_ai_app/GCC_Project/output/exceptions.o
                0x0000000000002074                Sdma9Done_Handler
 .text.Sdma10Done_Handler
                0x000000000000207c        0x8 /mnt/d/repos/ClimateChangeChallenge/qorc-sdk/qf_apps/qf_ssi_ai_app/GCC_Project/output/exceptions.o
                0x000000000000207c                Sdma10Done_Handler
 .text.Sdma11Done_Handler
                0x0000000000002084        0x8 /mnt/d/repos/ClimateChangeChallenge/qorc-sdk/qf_apps/qf_ssi_ai_app/GCC_Project/output/exceptions.o
                0x0000000000002084                Sdma11Done_Handler
 .text.SdmaErr_Handler
                0x000000000000208c        0x8 /mnt/d/repos/ClimateChangeChallenge/qorc-sdk/qf_apps/qf_ssi_ai_app/GCC_Project/output/exceptions.o
                0x000000000000208c                SdmaErr_Handler
 .text.I2S_SlvM4TxOr_Handler
                0x0000000000002094        0x8 /mnt/d/repos/ClimateChangeChallenge/qorc-sdk/qf_apps/qf_ssi_ai_app/GCC_Project/output/exceptions.o
                0x0000000000002094                I2S_SlvM4TxOr_Handler
 .text.SRAM_128KB_Handler
                0x000000000000209c        0x8 /mnt/d/repos/ClimateChangeChallenge/qorc-sdk/qf_apps/qf_ssi_ai_app/GCC_Project/output/exceptions.o
                0x000000000000209c                SRAM_128KB_Handler
 .text.LPSD_Voice_Det_Handler
                0x00000000000020a4        0x8 /mnt/d/repos/ClimateChangeChallenge/qorc-sdk/qf_apps/qf_ssi_ai_app/GCC_Project/output/exceptions.o
                0x00000000000020a4                LPSD_Voice_Det_Handler
 .text.FfeWdt_Handler
                0x00000000000020ac        0x8 /mnt/d/repos/ClimateChangeChallenge/qorc-sdk/qf_apps/qf_ssi_ai_app/GCC_Project/output/exceptions.o
                0x00000000000020ac                FfeWdt_Handler
 .text.ApBoot_Handler
                0x00000000000020b4        0x8 /mnt/d/repos/ClimateChangeChallenge/qorc-sdk/qf_apps/qf_ssi_ai_app/GCC_Project/output/exceptions.o
                0x00000000000020b4                ApBoot_Handler
 .text.SwInt2_Handler
                0x00000000000020bc        0x8 /mnt/d/repos/ClimateChangeChallenge/qorc-sdk/qf_apps/qf_ssi_ai_app/GCC_Project/output/exceptions.o
                0x00000000000020bc                SwInt2_Handler
 .text.SwInt1_Handler
                0x00000000000020c4       0x24 /mnt/d/repos/ClimateChangeChallenge/qorc-sdk/qf_apps/qf_ssi_ai_app/GCC_Project/output/exceptions.o
                0x00000000000020c4                SwInt1_Handler
 .text.Ffe0Msg_Handler
                0x00000000000020e8        0x8 /mnt/d/repos/ClimateChangeChallenge/qorc-sdk/qf_apps/qf_ssi_ai_app/GCC_Project/output/exceptions.o
                0x00000000000020e8                Ffe0Msg_Handler
 .text.lpsdVoiceOffHandler
                0x00000000000020f0        0x8 /mnt/d/repos/ClimateChangeChallenge/qorc-sdk/qf_apps/qf_ssi_ai_app/GCC_Project/output/exceptions.o
                0x00000000000020f0                lpsdVoiceOffHandler
 .text.dmicVoiceOffHandler
                0x00000000000020f8        0x8 /mnt/d/repos/ClimateChangeChallenge/qorc-sdk/qf_apps/qf_ssi_ai_app/GCC_Project/output/exceptions.o
                0x00000000000020f8                dmicVoiceOffHandler
 .text.vApplicationMallocFailedHook
                0x0000000000002100       0x24 /mnt/d/repos/ClimateChangeChallenge/qorc-sdk/qf_apps/qf_ssi_ai_app/GCC_Project/output/exceptions.o
                0x0000000000002100                vApplicationMallocFailedHook
 .text.vApplicationStackOverflowHook
                0x0000000000002124       0x24 /mnt/d/repos/ClimateChangeChallenge/qorc-sdk/qf_apps/qf_ssi_ai_app/GCC_Project/output/exceptions.o
                0x0000000000002124                vApplicationStackOverflowHook
 .text.vApplicationTickHook
                0x0000000000002148        0x2 /mnt/d/repos/ClimateChangeChallenge/qorc-sdk/qf_apps/qf_ssi_ai_app/GCC_Project/output/exceptions.o
                0x0000000000002148                vApplicationTickHook
 .text.vApplicationIdleHook
                0x000000000000214a        0x2 /mnt/d/repos/ClimateChangeChallenge/qorc-sdk/qf_apps/qf_ssi_ai_app/GCC_Project/output/exceptions.o
                0x000000000000214a                vApplicationIdleHook
 .text.load_fpga
                0x000000000000214c      0x118 /mnt/d/repos/ClimateChangeChallenge/qorc-sdk/qf_apps/qf_ssi_ai_app/GCC_Project/output/fpga_loader.o
                0x000000000000214c                load_fpga
 .text.prvInsertBlockIntoFreeList
                0x0000000000002264       0x74 /mnt/d/repos/ClimateChangeChallenge/qorc-sdk/qf_apps/qf_ssi_ai_app/GCC_Project/output/heap_4.o
 .text.pvPortMalloc
                0x00000000000022d8      0x198 /mnt/d/repos/ClimateChangeChallenge/qorc-sdk/qf_apps/qf_ssi_ai_app/GCC_Project/output/heap_4.o
                0x00000000000022d8                pvPortMalloc
 .text.vPortFree
                0x0000000000002470       0xa0 /mnt/d/repos/ClimateChangeChallenge/qorc-sdk/qf_apps/qf_ssi_ai_app/GCC_Project/output/heap_4.o
                0x0000000000002470                vPortFree
 .text.vListInitialise
                0x0000000000002510       0x16 /mnt/d/repos/ClimateChangeChallenge/qorc-sdk/qf_apps/qf_ssi_ai_app/GCC_Project/output/list.o
                0x0000000000002510                vListInitialise
 .text.vListInitialiseItem
                0x0000000000002526        0x6 /mnt/d/repos/ClimateChangeChallenge/qorc-sdk/qf_apps/qf_ssi_ai_app/GCC_Project/output/list.o
                0x0000000000002526                vListInitialiseItem
 .text.vListInsertEnd
                0x000000000000252c       0x18 /mnt/d/repos/ClimateChangeChallenge/qorc-sdk/qf_apps/qf_ssi_ai_app/GCC_Project/output/list.o
                0x000000000000252c                vListInsertEnd
 .text.vListInsert
                0x0000000000002544       0x2e /mnt/d/repos/ClimateChangeChallenge/qorc-sdk/qf_apps/qf_ssi_ai_app/GCC_Project/output/list.o
                0x0000000000002544                vListInsert
 .text.uxListRemove
                0x0000000000002572       0x20 /mnt/d/repos/ClimateChangeChallenge/qorc-sdk/qf_apps/qf_ssi_ai_app/GCC_Project/output/list.o
                0x0000000000002572                uxListRemove
 *fill*         0x0000000000002592        0x6 
 .text.startup.main
                0x0000000000002598      0x10c /mnt/d/repos/ClimateChangeChallenge/qorc-sdk/qf_apps/qf_ssi_ai_app/GCC_Project/output/main.o
                0x0000000000002598                main
 .text.SystemInit
                0x00000000000026a4        0x2 /mnt/d/repos/ClimateChangeChallenge/qorc-sdk/qf_apps/qf_ssi_ai_app/GCC_Project/output/main.o
                0x00000000000026a4                SystemInit
 *fill*         0x00000000000026a6        0x2 
 .text._ZN6MC36359write_regEhPhi
                0x00000000000026a8       0x34 /mnt/d/repos/ClimateChangeChallenge/qorc-sdk/qf_apps/qf_ssi_ai_app/GCC_Project/output/mc3635_wire.o
                0x00000000000026a8                MC3635::write_reg(unsigned char, unsigned char*, int)
 .text._ZN6MC36358read_regEhPhi
                0x00000000000026dc       0x50 /mnt/d/repos/ClimateChangeChallenge/qorc-sdk/qf_apps/qf_ssi_ai_app/GCC_Project/output/mc3635_wire.o
                0x00000000000026dc                MC3635::read_reg(unsigned char, unsigned char*, int)
 .text._ZN6MC3635C2Ev
                0x000000000000272c        0x6 /mnt/d/repos/ClimateChangeChallenge/qorc-sdk/qf_apps/qf_ssi_ai_app/GCC_Project/output/mc3635_wire.o
                0x000000000000272c                MC3635::MC3635()
                0x000000000000272c                MC3635::MC3635()
 .text._ZN6MC36358set_modeE14mc3635_modes_t
                0x0000000000002732       0x46 /mnt/d/repos/ClimateChangeChallenge/qorc-sdk/qf_apps/qf_ssi_ai_app/GCC_Project/output/mc3635_wire.o
                0x0000000000002732                MC3635::set_mode(mc3635_modes_t)
 .text._ZN6MC363515set_sample_rateEi
                0x0000000000002778       0x94 /mnt/d/repos/ClimateChangeChallenge/qorc-sdk/qf_apps/qf_ssi_ai_app/GCC_Project/output/mc3635_wire.o
                0x0000000000002778                MC3635::set_sample_rate(int)
 .text._ZN6MC363515get_sample_rateEv
                0x000000000000280c       0x28 /mnt/d/repos/ClimateChangeChallenge/qorc-sdk/qf_apps/qf_ssi_ai_app/GCC_Project/output/mc3635_wire.o
                0x000000000000280c                MC3635::get_sample_rate()
 .text._ZN6MC363516set_sample_rangeE14mc3635_range_t
                0x0000000000002834       0x3c /mnt/d/repos/ClimateChangeChallenge/qorc-sdk/qf_apps/qf_ssi_ai_app/GCC_Project/output/mc3635_wire.o
                0x0000000000002834                MC3635::set_sample_range(mc3635_range_t)
 .text._ZN6MC363516get_sample_rangeEv
                0x0000000000002870       0x1a /mnt/d/repos/ClimateChangeChallenge/qorc-sdk/qf_apps/qf_ssi_ai_app/GCC_Project/output/mc3635_wire.o
                0x0000000000002870                MC3635::get_sample_range()
 *fill*         0x000000000000288a        0x2 
 .text._ZN6MC363521set_sample_resolutionEi
                0x000000000000288c       0x50 /mnt/d/repos/ClimateChangeChallenge/qorc-sdk/qf_apps/qf_ssi_ai_app/GCC_Project/output/mc3635_wire.o
                0x000000000000288c                MC3635::set_sample_resolution(int)
 .text._ZN6MC363521get_sample_resolutionEv
                0x00000000000028dc       0x28 /mnt/d/repos/ClimateChangeChallenge/qorc-sdk/qf_apps/qf_ssi_ai_app/GCC_Project/output/mc3635_wire.o
                0x00000000000028dc                MC3635::get_sample_resolution()
 .text._ZN6MC36355beginEv
                0x0000000000002904      0x1a8 /mnt/d/repos/ClimateChangeChallenge/qorc-sdk/qf_apps/qf_ssi_ai_app/GCC_Project/output/mc3635_wire.o
                0x0000000000002904                MC3635::begin()
 .text._ZN6MC36354readEv
                0x0000000000002aac       0x14 /mnt/d/repos/ClimateChangeChallenge/qorc-sdk/qf_apps/qf_ssi_ai_app/GCC_Project/output/mc3635_wire.o
                0x0000000000002aac                MC3635::read()
 .text.xTaskSet_uSecCount
                0x0000000000002ac0       0x2c /mnt/d/repos/ClimateChangeChallenge/qorc-sdk/qf_apps/qf_ssi_ai_app/GCC_Project/output/micro_tick64.o
                0x0000000000002ac0                xTaskSet_uSecCount
 .text.prvPortStartFirstTask
                0x0000000000002aec       0x28 /mnt/d/repos/ClimateChangeChallenge/qorc-sdk/qf_apps/qf_ssi_ai_app/GCC_Project/output/port.o
 .text.vPortEnableVFP
                0x0000000000002b14       0x14 /mnt/d/repos/ClimateChangeChallenge/qorc-sdk/qf_apps/qf_ssi_ai_app/GCC_Project/output/port.o
 .text.prvTaskExitError
                0x0000000000002b28       0x50 /mnt/d/repos/ClimateChangeChallenge/qorc-sdk/qf_apps/qf_ssi_ai_app/GCC_Project/output/port.o
 .text.pxPortInitialiseStack
                0x0000000000002b78       0x2c /mnt/d/repos/ClimateChangeChallenge/qorc-sdk/qf_apps/qf_ssi_ai_app/GCC_Project/output/port.o
                0x0000000000002b78                pxPortInitialiseStack
 *fill*         0x0000000000002ba4        0xc 
 .text.SVC_Handler
                0x0000000000002bb0       0x24 /mnt/d/repos/ClimateChangeChallenge/qorc-sdk/qf_apps/qf_ssi_ai_app/GCC_Project/output/port.o
                0x0000000000002bb0                SVC_Handler
 .text.vPortEnterCritical
                0x0000000000002bd4       0x58 /mnt/d/repos/ClimateChangeChallenge/qorc-sdk/qf_apps/qf_ssi_ai_app/GCC_Project/output/port.o
                0x0000000000002bd4                vPortEnterCritical
 .text.vPortExitCritical
                0x0000000000002c2c       0x3c /mnt/d/repos/ClimateChangeChallenge/qorc-sdk/qf_apps/qf_ssi_ai_app/GCC_Project/output/port.o
                0x0000000000002c2c                vPortExitCritical
 *fill*         0x0000000000002c68        0x8 
 .text.PendSV_Handler
                0x0000000000002c70       0x64 /mnt/d/repos/ClimateChangeChallenge/qorc-sdk/qf_apps/qf_ssi_ai_app/GCC_Project/output/port.o
                0x0000000000002c70                PendSV_Handler
 .text.xPortSysTickHandler
                0x0000000000002cd4       0x2c /mnt/d/repos/ClimateChangeChallenge/qorc-sdk/qf_apps/qf_ssi_ai_app/GCC_Project/output/port.o
                0x0000000000002cd4                xPortSysTickHandler
 .text.xPortStartScheduler
                0x0000000000002d00      0x158 /mnt/d/repos/ClimateChangeChallenge/qorc-sdk/qf_apps/qf_ssi_ai_app/GCC_Project/output/port.o
                0x0000000000002d00                xPortStartScheduler
 .text.vPortValidateInterruptPriority
                0x0000000000002e58       0x7c /mnt/d/repos/ClimateChangeChallenge/qorc-sdk/qf_apps/qf_ssi_ai_app/GCC_Project/output/port.o
                0x0000000000002e58                vPortValidateInterruptPriority
 .text.system_init
                0x0000000000002ed4       0x6c /mnt/d/repos/ClimateChangeChallenge/qorc-sdk/qf_apps/qf_ssi_ai_app/GCC_Project/output/qf_hardwaresetup.o
                0x0000000000002ed4                system_init
 .text.qf_hardwareSetup
                0x0000000000002f40       0x78 /mnt/d/repos/ClimateChangeChallenge/qorc-sdk/qf_apps/qf_ssi_ai_app/GCC_Project/output/qf_hardwaresetup.o
                0x0000000000002f40                qf_hardwareSetup
 .text.prvIsQueueEmpty
                0x0000000000002fb8       0x16 /mnt/d/repos/ClimateChangeChallenge/qorc-sdk/qf_apps/qf_ssi_ai_app/GCC_Project/output/queue.o
 .text.prvCopyDataToQueue
                0x0000000000002fce       0x78 /mnt/d/repos/ClimateChangeChallenge/qorc-sdk/qf_apps/qf_ssi_ai_app/GCC_Project/output/queue.o
 .text.prvCopyDataFromQueue
                0x0000000000003046       0x2c /mnt/d/repos/ClimateChangeChallenge/qorc-sdk/qf_apps/qf_ssi_ai_app/GCC_Project/output/queue.o
 .text.prvUnlockQueue
                0x0000000000003072       0x70 /mnt/d/repos/ClimateChangeChallenge/qorc-sdk/qf_apps/qf_ssi_ai_app/GCC_Project/output/queue.o
 *fill*         0x00000000000030e2        0x2 
 .text.xQueueGenericReset
                0x00000000000030e4       0x90 /mnt/d/repos/ClimateChangeChallenge/qorc-sdk/qf_apps/qf_ssi_ai_app/GCC_Project/output/queue.o
                0x00000000000030e4                xQueueGenericReset
 .text.xQueueGenericCreate
                0x0000000000003174       0x74 /mnt/d/repos/ClimateChangeChallenge/qorc-sdk/qf_apps/qf_ssi_ai_app/GCC_Project/output/queue.o
                0x0000000000003174                xQueueGenericCreate
 .text.xQueueGenericSend
                0x00000000000031e8      0x19c /mnt/d/repos/ClimateChangeChallenge/qorc-sdk/qf_apps/qf_ssi_ai_app/GCC_Project/output/queue.o
                0x00000000000031e8                xQueueGenericSend
 .text.xQueueGenericSendDebug
                0x0000000000003384       0x30 /mnt/d/repos/ClimateChangeChallenge/qorc-sdk/qf_apps/qf_ssi_ai_app/GCC_Project/output/queue.o
                0x0000000000003384                xQueueGenericSendDebug
 .text.xQueueGenericSendFromISR
                0x00000000000033b4       0xf0 /mnt/d/repos/ClimateChangeChallenge/qorc-sdk/qf_apps/qf_ssi_ai_app/GCC_Project/output/queue.o
                0x00000000000033b4                xQueueGenericSendFromISR
 .text.xQueueGenericSendFromISRDebug
                0x00000000000034a4       0x30 /mnt/d/repos/ClimateChangeChallenge/qorc-sdk/qf_apps/qf_ssi_ai_app/GCC_Project/output/queue.o
                0x00000000000034a4                xQueueGenericSendFromISRDebug
 .text.xQueueGiveFromISR
                0x00000000000034d4       0xdc /mnt/d/repos/ClimateChangeChallenge/qorc-sdk/qf_apps/qf_ssi_ai_app/GCC_Project/output/queue.o
                0x00000000000034d4                xQueueGiveFromISR
 .text.xQueueReceive
                0x00000000000035b0      0x160 /mnt/d/repos/ClimateChangeChallenge/qorc-sdk/qf_apps/qf_ssi_ai_app/GCC_Project/output/queue.o
                0x00000000000035b0                xQueueReceive
 .text.xQueueSemaphoreTake
                0x0000000000003710      0x1b0 /mnt/d/repos/ClimateChangeChallenge/qorc-sdk/qf_apps/qf_ssi_ai_app/GCC_Project/output/queue.o
                0x0000000000003710                xQueueSemaphoreTake
 .text.xQueueReceiveFromISR
                0x00000000000038c0       0xc0 /mnt/d/repos/ClimateChangeChallenge/qorc-sdk/qf_apps/qf_ssi_ai_app/GCC_Project/output/queue.o
                0x00000000000038c0                xQueueReceiveFromISR
 .text.uxQueueMessagesWaiting
                0x0000000000003980       0x3c /mnt/d/repos/ClimateChangeChallenge/qorc-sdk/qf_apps/qf_ssi_ai_app/GCC_Project/output/queue.o
                0x0000000000003980                uxQueueMessagesWaiting
 .text.vQueueAddToRegistry
                0x00000000000039bc       0x24 /mnt/d/repos/ClimateChangeChallenge/qorc-sdk/qf_apps/qf_ssi_ai_app/GCC_Project/output/queue.o
                0x00000000000039bc                vQueueAddToRegistry
 .text.vQueueWaitForMessageRestricted
                0x00000000000039e0       0x46 /mnt/d/repos/ClimateChangeChallenge/qorc-sdk/qf_apps/qf_ssi_ai_app/GCC_Project/output/queue.o
                0x00000000000039e0                vQueueWaitForMessageRestricted
 .text.s3x_clkd_write_div
                0x0000000000003a26       0xa8 /mnt/d/repos/ClimateChangeChallenge/qorc-sdk/qf_apps/qf_ssi_ai_app/GCC_Project/output/s3x_clock.o
 .text.s3x_clkd_read_div
                0x0000000000003ace       0x44 /mnt/d/repos/ClimateChangeChallenge/qorc-sdk/qf_apps/qf_ssi_ai_app/GCC_Project/output/s3x_clock.o
 *fill*         0x0000000000003b12        0x2 
 .text.s3x_clkd_cal_div.part.0
                0x0000000000003b14       0x30 /mnt/d/repos/ClimateChangeChallenge/qorc-sdk/qf_apps/qf_ssi_ai_app/GCC_Project/output/s3x_clock.o
 .text.S3x_Id_To_Domain
                0x0000000000003b44       0x1c /mnt/d/repos/ClimateChangeChallenge/qorc-sdk/qf_apps/qf_ssi_ai_app/GCC_Project/output/s3x_clock.o
                0x0000000000003b44                S3x_Id_To_Domain
 .text.S3x_Clkd_Get_Cpu_Rate
                0x0000000000003b60        0xc /mnt/d/repos/ClimateChangeChallenge/qorc-sdk/qf_apps/qf_ssi_ai_app/GCC_Project/output/s3x_clock.o
                0x0000000000003b60                S3x_Clkd_Get_Cpu_Rate
 .text.s3x_clkd_update_div_val
                0x0000000000003b6c       0x4c /mnt/d/repos/ClimateChangeChallenge/qorc-sdk/qf_apps/qf_ssi_ai_app/GCC_Project/output/s3x_clock.o
                0x0000000000003b6c                s3x_clkd_update_div_val
 .text.s3x_clkd_update_fd_rate
                0x0000000000003bb8        0xe /mnt/d/repos/ClimateChangeChallenge/qorc-sdk/qf_apps/qf_ssi_ai_app/GCC_Project/output/s3x_clock.o
                0x0000000000003bb8                s3x_clkd_update_fd_rate
 *fill*         0x0000000000003bc6        0x2 
 .text.s3x_clkd_update_sd_div
                0x0000000000003bc8       0x5c /mnt/d/repos/ClimateChangeChallenge/qorc-sdk/qf_apps/qf_ssi_ai_app/GCC_Project/output/s3x_clock.o
 .text.s3x_clkd_update_all_src_div
                0x0000000000003c24       0xd0 /mnt/d/repos/ClimateChangeChallenge/qorc-sdk/qf_apps/qf_ssi_ai_app/GCC_Project/output/s3x_clock.o
                0x0000000000003c24                s3x_clkd_update_all_src_div
 .text.S3x_Clkd_Get_Hsosc_Rate
                0x0000000000003cf4       0x34 /mnt/d/repos/ClimateChangeChallenge/qorc-sdk/qf_apps/qf_ssi_ai_app/GCC_Project/output/s3x_clock.o
                0x0000000000003cf4                S3x_Clkd_Get_Hsosc_Rate
 .text.S3x_Clkd_Change_Hsosc
                0x0000000000003d28       0x70 /mnt/d/repos/ClimateChangeChallenge/qorc-sdk/qf_apps/qf_ssi_ai_app/GCC_Project/output/s3x_clock.o
                0x0000000000003d28                S3x_Clkd_Change_Hsosc
 .text.s3x_clkd_get_src_rate
                0x0000000000003d98       0x12 /mnt/d/repos/ClimateChangeChallenge/qorc-sdk/qf_apps/qf_ssi_ai_app/GCC_Project/output/s3x_clock.o
                0x0000000000003d98                s3x_clkd_get_src_rate
 *fill*         0x0000000000003daa        0x2 
 .text.s3x_clkd_get_div
                0x0000000000003dac       0x74 /mnt/d/repos/ClimateChangeChallenge/qorc-sdk/qf_apps/qf_ssi_ai_app/GCC_Project/output/s3x_clock.o
                0x0000000000003dac                s3x_clkd_get_div
 .text.s3x_clkd_srate
                0x0000000000003e20      0x158 /mnt/d/repos/ClimateChangeChallenge/qorc-sdk/qf_apps/qf_ssi_ai_app/GCC_Project/output/s3x_clock.o
 .text.s3x_clkd_grate
                0x0000000000003f78       0x8c /mnt/d/repos/ClimateChangeChallenge/qorc-sdk/qf_apps/qf_ssi_ai_app/GCC_Project/output/s3x_clock.o
 .text.s3x_clkd_set_src_div_st
                0x0000000000004004       0x4c /mnt/d/repos/ClimateChangeChallenge/qorc-sdk/qf_apps/qf_ssi_ai_app/GCC_Project/output/s3x_clock.o
 .text.s3x_update_clk_rate
                0x0000000000004050       0xb0 /mnt/d/repos/ClimateChangeChallenge/qorc-sdk/qf_apps/qf_ssi_ai_app/GCC_Project/output/s3x_clock.o
                0x0000000000004050                s3x_update_clk_rate
 .text.s3x_clkd_get_gate_mask_st
                0x0000000000004100       0x16 /mnt/d/repos/ClimateChangeChallenge/qorc-sdk/qf_apps/qf_ssi_ai_app/GCC_Project/output/s3x_clock.o
                0x0000000000004100                s3x_clkd_get_gate_mask_st
 *fill*         0x0000000000004116        0x2 
 .text.s3x_clkd_set_gate_mask
                0x0000000000004118       0x50 /mnt/d/repos/ClimateChangeChallenge/qorc-sdk/qf_apps/qf_ssi_ai_app/GCC_Project/output/s3x_clock.o
                0x0000000000004118                s3x_clkd_set_gate_mask
 .text.s3x_clkd_enable_gate
                0x0000000000004168       0x68 /mnt/d/repos/ClimateChangeChallenge/qorc-sdk/qf_apps/qf_ssi_ai_app/GCC_Project/output/s3x_clock.o
 .text.s3x_clkd_disable_gate
                0x00000000000041d0       0x54 /mnt/d/repos/ClimateChangeChallenge/qorc-sdk/qf_apps/qf_ssi_ai_app/GCC_Project/output/s3x_clock.o
 .text._S3x_Clk_Enable
                0x0000000000004224       0xb8 /mnt/d/repos/ClimateChangeChallenge/qorc-sdk/qf_apps/qf_ssi_ai_app/GCC_Project/output/s3x_clock.o
                0x0000000000004224                _S3x_Clk_Enable
 .text._S3x_Clk_Disable
                0x00000000000042dc       0xc8 /mnt/d/repos/ClimateChangeChallenge/qorc-sdk/qf_apps/qf_ssi_ai_app/GCC_Project/output/s3x_clock.o
                0x00000000000042dc                _S3x_Clk_Disable
 .text._S3x_Clk_Get_Status
                0x00000000000043a4       0x2c /mnt/d/repos/ClimateChangeChallenge/qorc-sdk/qf_apps/qf_ssi_ai_app/GCC_Project/output/s3x_clock.o
                0x00000000000043a4                _S3x_Clk_Get_Status
 .text._S3x_Clk_Get_Rate
                0x00000000000043d0       0x28 /mnt/d/repos/ClimateChangeChallenge/qorc-sdk/qf_apps/qf_ssi_ai_app/GCC_Project/output/s3x_clock.o
                0x00000000000043d0                _S3x_Clk_Get_Rate
 .text._S3x_Clk_Set_Rate
                0x00000000000043f8       0x48 /mnt/d/repos/ClimateChangeChallenge/qorc-sdk/qf_apps/qf_ssi_ai_app/GCC_Project/output/s3x_clock.o
                0x00000000000043f8                _S3x_Clk_Set_Rate
 .text.S3x_Clk_Init
                0x0000000000004440      0x15c /mnt/d/repos/ClimateChangeChallenge/qorc-sdk/qf_apps/qf_ssi_ai_app/GCC_Project/output/s3x_clock.o
                0x0000000000004440                S3x_Clk_Init
 .text.S3x_Clk_Enable
                0x000000000000459c        0x4 /mnt/d/repos/ClimateChangeChallenge/qorc-sdk/qf_apps/qf_ssi_ai_app/GCC_Project/output/s3x_clock_hal.o
                0x000000000000459c                S3x_Clk_Enable
 .text.S3x_Clk_Disable
                0x00000000000045a0        0x4 /mnt/d/repos/ClimateChangeChallenge/qorc-sdk/qf_apps/qf_ssi_ai_app/GCC_Project/output/s3x_clock_hal.o
                0x00000000000045a0                S3x_Clk_Disable
 .text.S3x_Clk_Set_Rate
                0x00000000000045a4        0x4 /mnt/d/repos/ClimateChangeChallenge/qorc-sdk/qf_apps/qf_ssi_ai_app/GCC_Project/output/s3x_clock_hal.o
                0x00000000000045a4                S3x_Clk_Set_Rate
 .text.S3x_Clk_Get_Rate
                0x00000000000045a8        0x4 /mnt/d/repos/ClimateChangeChallenge/qorc-sdk/qf_apps/qf_ssi_ai_app/GCC_Project/output/s3x_clock_hal.o
                0x00000000000045a8                S3x_Clk_Get_Rate
 .text.DFS_cpuload
                0x00000000000045ac       0x4c /mnt/d/repos/ClimateChangeChallenge/qorc-sdk/qf_apps/qf_ssi_ai_app/GCC_Project/output/s3x_cpuload.o
                0x00000000000045ac                DFS_cpuload
 .text.DFS_updatesleepticks
                0x00000000000045f8       0x10 /mnt/d/repos/ClimateChangeChallenge/qorc-sdk/qf_apps/qf_ssi_ai_app/GCC_Project/output/s3x_cpuload.o
                0x00000000000045f8                DFS_updatesleepticks
 .text.DFS_resetsleepticks
                0x0000000000004608        0xc /mnt/d/repos/ClimateChangeChallenge/qorc-sdk/qf_apps/qf_ssi_ai_app/GCC_Project/output/s3x_cpuload.o
                0x0000000000004608                DFS_resetsleepticks
 .text.DFS_UpdateTimer
                0x0000000000004614       0x5c /mnt/d/repos/ClimateChangeChallenge/qorc-sdk/qf_apps/qf_ssi_ai_app/GCC_Project/output/s3x_dfs.o
 .text.DFS_StartTimer
                0x0000000000004670       0x88 /mnt/d/repos/ClimateChangeChallenge/qorc-sdk/qf_apps/qf_ssi_ai_app/GCC_Project/output/s3x_dfs.o
                0x0000000000004670                DFS_StartTimer
 .text.S3x_Set_Policy
                0x00000000000046f8      0x108 /mnt/d/repos/ClimateChangeChallenge/qorc-sdk/qf_apps/qf_ssi_ai_app/GCC_Project/output/s3x_dfs.o
                0x00000000000046f8                S3x_Set_Policy
 .text.S3x_get_max_rate_dfs_node
                0x0000000000004800       0x28 /mnt/d/repos/ClimateChangeChallenge/qorc-sdk/qf_apps/qf_ssi_ai_app/GCC_Project/output/s3x_dfs.o
                0x0000000000004800                S3x_get_max_rate_dfs_node
 .text.S3x_Stepup_Policy
                0x0000000000004828       0x7c /mnt/d/repos/ClimateChangeChallenge/qorc-sdk/qf_apps/qf_ssi_ai_app/GCC_Project/output/s3x_dfs.o
 .text.DFS_TimerCB
                0x00000000000048a4        0xe /mnt/d/repos/ClimateChangeChallenge/qorc-sdk/qf_apps/qf_ssi_ai_app/GCC_Project/output/s3x_dfs.o
 *fill*         0x00000000000048b2        0x2 
 .text.s3x_get_index_in_dfs_node
                0x00000000000048b4       0x20 /mnt/d/repos/ClimateChangeChallenge/qorc-sdk/qf_apps/qf_ssi_ai_app/GCC_Project/output/s3x_dfs.o
                0x00000000000048b4                s3x_get_index_in_dfs_node
 .text.s3x_get_policy_max_rate
                0x00000000000048d4       0x2c /mnt/d/repos/ClimateChangeChallenge/qorc-sdk/qf_apps/qf_ssi_ai_app/GCC_Project/output/s3x_dfs.o
                0x00000000000048d4                s3x_get_policy_max_rate
 .text.DFS_Get_Curr_Policy
                0x0000000000004900        0xc /mnt/d/repos/ClimateChangeChallenge/qorc-sdk/qf_apps/qf_ssi_ai_app/GCC_Project/output/s3x_dfs.o
                0x0000000000004900                DFS_Get_Curr_Policy
 .text.DFS_Initialize
                0x000000000000490c       0x14 /mnt/d/repos/ClimateChangeChallenge/qorc-sdk/qf_apps/qf_ssi_ai_app/GCC_Project/output/s3x_dfs.o
                0x000000000000490c                DFS_Initialize
 .text.trace_this
                0x0000000000004920       0x28 /mnt/d/repos/ClimateChangeChallenge/qorc-sdk/qf_apps/qf_ssi_ai_app/GCC_Project/output/s3x_lpm.o
 .text.S3x_Register_Lpm_Cb
                0x0000000000004948       0x40 /mnt/d/repos/ClimateChangeChallenge/qorc-sdk/qf_apps/qf_ssi_ai_app/GCC_Project/output/s3x_lpm.o
                0x0000000000004948                S3x_Register_Lpm_Cb
 .text.s3x_setup_systick_interrupt
                0x0000000000004988       0x54 /mnt/d/repos/ClimateChangeChallenge/qorc-sdk/qf_apps/qf_ssi_ai_app/GCC_Project/output/s3x_lpm.o
                0x0000000000004988                s3x_setup_systick_interrupt
 .text.prvStopTickInterruptTimer
                0x00000000000049dc       0x10 /mnt/d/repos/ClimateChangeChallenge/qorc-sdk/qf_apps/qf_ssi_ai_app/GCC_Project/output/s3x_lpm.o
                0x00000000000049dc                prvStopTickInterruptTimer
 .text.prvStartTickInterruptTimer
                0x00000000000049ec        0x8 /mnt/d/repos/ClimateChangeChallenge/qorc-sdk/qf_apps/qf_ssi_ai_app/GCC_Project/output/s3x_lpm.o
                0x00000000000049ec                prvStartTickInterruptTimer
 .text.SysTick_Handler
                0x00000000000049f4       0x12 /mnt/d/repos/ClimateChangeChallenge/qorc-sdk/qf_apps/qf_ssi_ai_app/GCC_Project/output/s3x_lpm.o
                0x00000000000049f4                SysTick_Handler
 .text.vPortSetupTimerInterrupt
                0x0000000000004a06        0x6 /mnt/d/repos/ClimateChangeChallenge/qorc-sdk/qf_apps/qf_ssi_ai_app/GCC_Project/output/s3x_lpm.o
                0x0000000000004a06                vPortSetupTimerInterrupt
 .text.S3x_Pre_Lpm
                0x0000000000004a0c       0x20 /mnt/d/repos/ClimateChangeChallenge/qorc-sdk/qf_apps/qf_ssi_ai_app/GCC_Project/output/s3x_lpm.o
                0x0000000000004a0c                S3x_Pre_Lpm
 .text.S3x_Post_Lpm
                0x0000000000004a2c       0x18 /mnt/d/repos/ClimateChangeChallenge/qorc-sdk/qf_apps/qf_ssi_ai_app/GCC_Project/output/s3x_lpm.o
                0x0000000000004a2c                S3x_Post_Lpm
 .text.S3x_Lpm_Handler
                0x0000000000004a44      0x28c /mnt/d/repos/ClimateChangeChallenge/qorc-sdk/qf_apps/qf_ssi_ai_app/GCC_Project/output/s3x_lpm.o
                0x0000000000004a44                S3x_Lpm_Handler
 .text.s3x_get_pi
                0x0000000000004cd0       0x20 /mnt/d/repos/ClimateChangeChallenge/qorc-sdk/qf_apps/qf_ssi_ai_app/GCC_Project/output/s3x_pi.o
                0x0000000000004cd0                s3x_get_pi
 .text.s3x_get_pi_gindex
                0x0000000000004cf0       0x14 /mnt/d/repos/ClimateChangeChallenge/qorc-sdk/qf_apps/qf_ssi_ai_app/GCC_Project/output/s3x_pi.o
                0x0000000000004cf0                s3x_get_pi_gindex
 .text.s3x_pi_get_st
                0x0000000000004d04       0x24 /mnt/d/repos/ClimateChangeChallenge/qorc-sdk/qf_apps/qf_ssi_ai_app/GCC_Project/output/s3x_pi.o
                0x0000000000004d04                s3x_pi_get_st
 .text.s3x_pi_set_cfg_st
                0x0000000000004d28       0x94 /mnt/d/repos/ClimateChangeChallenge/qorc-sdk/qf_apps/qf_ssi_ai_app/GCC_Project/output/s3x_pi.o
                0x0000000000004d28                s3x_pi_set_cfg_st
 .text.s3x_pi_set_active_st
                0x0000000000004dbc       0xa8 /mnt/d/repos/ClimateChangeChallenge/qorc-sdk/qf_apps/qf_ssi_ai_app/GCC_Project/output/s3x_pi.o
                0x0000000000004dbc                s3x_pi_set_active_st
 .text.s3x_pi_get_clkg_st
                0x0000000000004e64       0x36 /mnt/d/repos/ClimateChangeChallenge/qorc-sdk/qf_apps/qf_ssi_ai_app/GCC_Project/output/s3x_pi.o
                0x0000000000004e64                s3x_pi_get_clkg_st
 .text.s3x_pi_set_clkg_st
                0x0000000000004e9a       0x26 /mnt/d/repos/ClimateChangeChallenge/qorc-sdk/qf_apps/qf_ssi_ai_app/GCC_Project/output/s3x_pi.o
                0x0000000000004e9a                s3x_pi_set_clkg_st
 .text.s3x_set_pi_state
                0x0000000000004ec0        0xc /mnt/d/repos/ClimateChangeChallenge/qorc-sdk/qf_apps/qf_ssi_ai_app/GCC_Project/output/s3x_pi.o
                0x0000000000004ec0                s3x_set_pi_state
 .text.s3x_get_pi_init_state
                0x0000000000004ecc       0x18 /mnt/d/repos/ClimateChangeChallenge/qorc-sdk/qf_apps/qf_ssi_ai_app/GCC_Project/output/s3x_pi.o
                0x0000000000004ecc                s3x_get_pi_init_state
 .text.S3x_pi_init
                0x0000000000004ee4       0x20 /mnt/d/repos/ClimateChangeChallenge/qorc-sdk/qf_apps/qf_ssi_ai_app/GCC_Project/output/s3x_pi.o
                0x0000000000004ee4                S3x_pi_init
 .text.S3x_pwrcfg_init
                0x0000000000004f04       0x2c /mnt/d/repos/ClimateChangeChallenge/qorc-sdk/qf_apps/qf_ssi_ai_app/GCC_Project/output/s3x_pwrcfg.o
                0x0000000000004f04                S3x_pwrcfg_init
 .text.s3x_sram_in_lpm
                0x0000000000004f30       0x1c /mnt/d/repos/ClimateChangeChallenge/qorc-sdk/qf_apps/qf_ssi_ai_app/GCC_Project/output/s3x_pwrcfg.o
                0x0000000000004f30                s3x_sram_in_lpm
 .text.S3x_get_qos_rate
                0x0000000000004f4c       0x38 /mnt/d/repos/ClimateChangeChallenge/qorc-sdk/qf_apps/qf_ssi_ai_app/GCC_Project/output/s3x_qos.o
                0x0000000000004f4c                S3x_get_qos_rate
 .text.save_assert_info
                0x0000000000004f84       0x74 /mnt/d/repos/ClimateChangeChallenge/qorc-sdk/qf_apps/qf_ssi_ai_app/GCC_Project/output/sec_debug.o
                0x0000000000004f84                save_assert_info
 .text.invoke_soft_fault
                0x0000000000004ff8       0x20 /mnt/d/repos/ClimateChangeChallenge/qorc-sdk/qf_apps/qf_ssi_ai_app/GCC_Project/output/sec_debug.o
                0x0000000000004ff8                invoke_soft_fault
 .text._Z37sensor_ssss_livestream_data_processorP16st_QAI_DataBlockS0_PS0_PFviiPviE
                0x0000000000005018       0x40 /mnt/d/repos/ClimateChangeChallenge/qorc-sdk/qf_apps/qf_ssi_ai_app/GCC_Project/output/sensor_ssss.o
                0x0000000000005018                sensor_ssss_livestream_data_processor(st_QAI_DataBlock*, st_QAI_DataBlock*, st_QAI_DataBlock**, void (*)(int, int, void*, int))
 .text._Z29sensor_ssss_livestream_configPv
                0x0000000000005058        0x2 /mnt/d/repos/ClimateChangeChallenge/qorc-sdk/qf_apps/qf_ssi_ai_app/GCC_Project/output/sensor_ssss.o
                0x0000000000005058                sensor_ssss_livestream_config(void*)
 .text._Z28sensor_ssss_livestream_startv
                0x000000000000505a        0x4 /mnt/d/repos/ClimateChangeChallenge/qorc-sdk/qf_apps/qf_ssi_ai_app/GCC_Project/output/sensor_ssss.o
                0x000000000000505a                sensor_ssss_livestream_start()
 .text._Z27sensor_ssss_livestream_stopv
                0x000000000000505e        0x4 /mnt/d/repos/ClimateChangeChallenge/qorc-sdk/qf_apps/qf_ssi_ai_app/GCC_Project/output/sensor_ssss.o
                0x000000000000505e                sensor_ssss_livestream_stop()
 *fill*         0x0000000000005062        0x2 
 .text.sensor_ssss_acquisition_buffer_ready
                0x0000000000005064       0x64 /mnt/d/repos/ClimateChangeChallenge/qorc-sdk/qf_apps/qf_ssi_ai_app/GCC_Project/output/sensor_ssss.o
                0x0000000000005064                sensor_ssss_acquisition_buffer_ready
 .text.sensor_ssss_acquisition_read_callback
                0x00000000000050c8       0x5c /mnt/d/repos/ClimateChangeChallenge/qorc-sdk/qf_apps/qf_ssi_ai_app/GCC_Project/output/sensor_ssss.o
                0x00000000000050c8                sensor_ssss_acquisition_read_callback
 .text.sensor_ssss_dataTimer_Callback
                0x0000000000005124        0x4 /mnt/d/repos/ClimateChangeChallenge/qorc-sdk/qf_apps/qf_ssi_ai_app/GCC_Project/output/sensor_ssss.o
                0x0000000000005124                sensor_ssss_dataTimer_Callback
 .text.sensor_ssss_dataTimerStart
                0x0000000000005128       0x64 /mnt/d/repos/ClimateChangeChallenge/qorc-sdk/qf_apps/qf_ssi_ai_app/GCC_Project/output/sensor_ssss.o
                0x0000000000005128                sensor_ssss_dataTimerStart
 .text.sensor_ssss_dataTimerStop
                0x000000000000518c       0x20 /mnt/d/repos/ClimateChangeChallenge/qorc-sdk/qf_apps/qf_ssi_ai_app/GCC_Project/output/sensor_ssss.o
                0x000000000000518c                sensor_ssss_dataTimerStop
 .text.sensor_ssss_startstop
                0x00000000000051ac       0x2c /mnt/d/repos/ClimateChangeChallenge/qorc-sdk/qf_apps/qf_ssi_ai_app/GCC_Project/output/sensor_ssss.o
                0x00000000000051ac                sensor_ssss_startstop
 .text.sensor_ssss_configure
                0x00000000000051d8       0x54 /mnt/d/repos/ClimateChangeChallenge/qorc-sdk/qf_apps/qf_ssi_ai_app/GCC_Project/output/sensor_ssss.o
                0x00000000000051d8                sensor_ssss_configure
 .text.sensor_ssss_set_first_data_block
                0x000000000000522c       0x54 /mnt/d/repos/ClimateChangeChallenge/qorc-sdk/qf_apps/qf_ssi_ai_app/GCC_Project/output/sensor_ssss.o
                0x000000000000522c                sensor_ssss_set_first_data_block
 .text.sensor_ssss_block_processor
                0x0000000000005280       0x5c /mnt/d/repos/ClimateChangeChallenge/qorc-sdk/qf_apps/qf_ssi_ai_app/GCC_Project/output/sensor_ssss.o
                0x0000000000005280                sensor_ssss_block_processor
 .text.startup._GLOBAL__sub_I_sensor_rate_debug_gpio_val
                0x00000000000052dc        0xc /mnt/d/repos/ClimateChangeChallenge/qorc-sdk/qf_apps/qf_ssi_ai_app/GCC_Project/output/sensor_ssss.o
 .text.ssiTaskHandler
                0x00000000000052e8       0xd8 /mnt/d/repos/ClimateChangeChallenge/qorc-sdk/qf_apps/qf_ssi_ai_app/GCC_Project/output/ssi_comms.o
                0x00000000000052e8                ssiTaskHandler
 .text.ssi_publish_sensor_data
                0x00000000000053c0       0x18 /mnt/d/repos/ClimateChangeChallenge/qorc-sdk/qf_apps/qf_ssi_ai_app/GCC_Project/output/ssi_comms.o
                0x00000000000053c0                ssi_publish_sensor_data
 .text.StartSimpleStreamingInterfaceTask
                0x00000000000053d8       0x54 /mnt/d/repos/ClimateChangeChallenge/qorc-sdk/qf_apps/qf_ssi_ai_app/GCC_Project/output/ssi_comms.o
                0x00000000000053d8                StartSimpleStreamingInterfaceTask
 .text.Reset_Handler
                0x000000000000542c       0x2c /mnt/d/repos/ClimateChangeChallenge/qorc-sdk/qf_apps/qf_ssi_ai_app/GCC_Project/output/startup_EOSS3B_GCC.o
                0x000000000000542c                Reset_Handler
 .text.__semihost_call
                0x0000000000005458        0x6 /mnt/d/repos/ClimateChangeChallenge/qorc-sdk/qf_apps/qf_ssi_ai_app/GCC_Project/output/startup_EOSS3B_GCC.o
                0x0000000000005458                __semihost_call
 *fill*         0x000000000000545e        0x2 
 .text.prvGetExpectedIdleTime
                0x0000000000005460       0x3c /mnt/d/repos/ClimateChangeChallenge/qorc-sdk/qf_apps/qf_ssi_ai_app/GCC_Project/output/tasks.o
 .text.prvResetNextTaskUnblockTime
                0x000000000000549c       0x24 /mnt/d/repos/ClimateChangeChallenge/qorc-sdk/qf_apps/qf_ssi_ai_app/GCC_Project/output/tasks.o
 .text.prvAddCurrentTaskToDelayedList
                0x00000000000054c0       0x8c /mnt/d/repos/ClimateChangeChallenge/qorc-sdk/qf_apps/qf_ssi_ai_app/GCC_Project/output/tasks.o
 .text.xTaskCreate
                0x000000000000554c      0x1e0 /mnt/d/repos/ClimateChangeChallenge/qorc-sdk/qf_apps/qf_ssi_ai_app/GCC_Project/output/tasks.o
                0x000000000000554c                xTaskCreate
 .text.vTaskStartScheduler
                0x000000000000572c       0x98 /mnt/d/repos/ClimateChangeChallenge/qorc-sdk/qf_apps/qf_ssi_ai_app/GCC_Project/output/tasks.o
                0x000000000000572c                vTaskStartScheduler
 .text.vTaskSuspendAll
                0x00000000000057c4       0x10 /mnt/d/repos/ClimateChangeChallenge/qorc-sdk/qf_apps/qf_ssi_ai_app/GCC_Project/output/tasks.o
                0x00000000000057c4                vTaskSuspendAll
 .text.xTaskGetTickCount
                0x00000000000057d4        0xc /mnt/d/repos/ClimateChangeChallenge/qorc-sdk/qf_apps/qf_ssi_ai_app/GCC_Project/output/tasks.o
                0x00000000000057d4                xTaskGetTickCount
 .text.xTaskGetTickCountFromISR
                0x00000000000057e0       0x10 /mnt/d/repos/ClimateChangeChallenge/qorc-sdk/qf_apps/qf_ssi_ai_app/GCC_Project/output/tasks.o
                0x00000000000057e0                xTaskGetTickCountFromISR
 .text.vTaskStepTick
                0x00000000000057f0       0x44 /mnt/d/repos/ClimateChangeChallenge/qorc-sdk/qf_apps/qf_ssi_ai_app/GCC_Project/output/tasks.o
                0x00000000000057f0                vTaskStepTick
 .text.xTaskIncrementTick
                0x0000000000005834      0x14c /mnt/d/repos/ClimateChangeChallenge/qorc-sdk/qf_apps/qf_ssi_ai_app/GCC_Project/output/tasks.o
                0x0000000000005834                xTaskIncrementTick
 .text.xTaskResumeAll
                0x0000000000005980      0x100 /mnt/d/repos/ClimateChangeChallenge/qorc-sdk/qf_apps/qf_ssi_ai_app/GCC_Project/output/tasks.o
                0x0000000000005980                xTaskResumeAll
 .text.vTaskDelay
                0x0000000000005a80       0x60 /mnt/d/repos/ClimateChangeChallenge/qorc-sdk/qf_apps/qf_ssi_ai_app/GCC_Project/output/tasks.o
                0x0000000000005a80                vTaskDelay
 .text.prvIdleTask
                0x0000000000005ae0       0xc4 /mnt/d/repos/ClimateChangeChallenge/qorc-sdk/qf_apps/qf_ssi_ai_app/GCC_Project/output/tasks.o
 .text.vTaskSwitchContext
                0x0000000000005ba4       0xb8 /mnt/d/repos/ClimateChangeChallenge/qorc-sdk/qf_apps/qf_ssi_ai_app/GCC_Project/output/tasks.o
                0x0000000000005ba4                vTaskSwitchContext
 .text.vTaskPlaceOnEventList
                0x0000000000005c5c       0x48 /mnt/d/repos/ClimateChangeChallenge/qorc-sdk/qf_apps/qf_ssi_ai_app/GCC_Project/output/tasks.o
                0x0000000000005c5c                vTaskPlaceOnEventList
 .text.vTaskPlaceOnEventListRestricted
                0x0000000000005ca4       0x50 /mnt/d/repos/ClimateChangeChallenge/qorc-sdk/qf_apps/qf_ssi_ai_app/GCC_Project/output/tasks.o
                0x0000000000005ca4                vTaskPlaceOnEventListRestricted
 .text.xTaskRemoveFromEventList
                0x0000000000005cf4       0x9c /mnt/d/repos/ClimateChangeChallenge/qorc-sdk/qf_apps/qf_ssi_ai_app/GCC_Project/output/tasks.o
                0x0000000000005cf4                xTaskRemoveFromEventList
 .text.vTaskInternalSetTimeOutState
                0x0000000000005d90       0x18 /mnt/d/repos/ClimateChangeChallenge/qorc-sdk/qf_apps/qf_ssi_ai_app/GCC_Project/output/tasks.o
                0x0000000000005d90                vTaskInternalSetTimeOutState
 .text.xTaskCheckForTimeOut
                0x0000000000005da8       0x94 /mnt/d/repos/ClimateChangeChallenge/qorc-sdk/qf_apps/qf_ssi_ai_app/GCC_Project/output/tasks.o
                0x0000000000005da8                xTaskCheckForTimeOut
 .text.vTaskMissedYield
                0x0000000000005e3c        0xc /mnt/d/repos/ClimateChangeChallenge/qorc-sdk/qf_apps/qf_ssi_ai_app/GCC_Project/output/tasks.o
                0x0000000000005e3c                vTaskMissedYield
 .text.uxTaskGetTCBNumber
                0x0000000000005e48       0x14 /mnt/d/repos/ClimateChangeChallenge/qorc-sdk/qf_apps/qf_ssi_ai_app/GCC_Project/output/tasks.o
                0x0000000000005e48                uxTaskGetTCBNumber
 .text.eTaskConfirmSleepModeStatus
                0x0000000000005e5c       0x34 /mnt/d/repos/ClimateChangeChallenge/qorc-sdk/qf_apps/qf_ssi_ai_app/GCC_Project/output/tasks.o
                0x0000000000005e5c                eTaskConfirmSleepModeStatus
 .text.xTaskGetCurrentTaskHandle
                0x0000000000005e90        0xc /mnt/d/repos/ClimateChangeChallenge/qorc-sdk/qf_apps/qf_ssi_ai_app/GCC_Project/output/tasks.o
                0x0000000000005e90                xTaskGetCurrentTaskHandle
 .text.xTaskGetSchedulerState
                0x0000000000005e9c       0x20 /mnt/d/repos/ClimateChangeChallenge/qorc-sdk/qf_apps/qf_ssi_ai_app/GCC_Project/output/tasks.o
                0x0000000000005e9c                xTaskGetSchedulerState
 .text.xTaskPriorityInherit
                0x0000000000005ebc       0xa8 /mnt/d/repos/ClimateChangeChallenge/qorc-sdk/qf_apps/qf_ssi_ai_app/GCC_Project/output/tasks.o
                0x0000000000005ebc                xTaskPriorityInherit
 .text.xTaskPriorityDisinherit
                0x0000000000005f64       0xc4 /mnt/d/repos/ClimateChangeChallenge/qorc-sdk/qf_apps/qf_ssi_ai_app/GCC_Project/output/tasks.o
                0x0000000000005f64                xTaskPriorityDisinherit
 .text.vTaskPriorityDisinheritAfterTimeout
                0x0000000000006028       0xd8 /mnt/d/repos/ClimateChangeChallenge/qorc-sdk/qf_apps/qf_ssi_ai_app/GCC_Project/output/tasks.o
                0x0000000000006028                vTaskPriorityDisinheritAfterTimeout
 .text.pvTaskIncrementMutexHeldCount
                0x0000000000006100       0x18 /mnt/d/repos/ClimateChangeChallenge/qorc-sdk/qf_apps/qf_ssi_ai_app/GCC_Project/output/tasks.o
                0x0000000000006100                pvTaskIncrementMutexHeldCount
 .text.prvCheckForValidListAndQueue
                0x0000000000006118       0x58 /mnt/d/repos/ClimateChangeChallenge/qorc-sdk/qf_apps/qf_ssi_ai_app/GCC_Project/output/timers.o
 .text.prvInsertTimerInActiveList
                0x0000000000006170       0x3c /mnt/d/repos/ClimateChangeChallenge/qorc-sdk/qf_apps/qf_ssi_ai_app/GCC_Project/output/timers.o
 .text.xTimerCreateTimerTask
                0x00000000000061ac       0x64 /mnt/d/repos/ClimateChangeChallenge/qorc-sdk/qf_apps/qf_ssi_ai_app/GCC_Project/output/timers.o
                0x00000000000061ac                xTimerCreateTimerTask
 .text.xTimerCreate
                0x0000000000006210       0x58 /mnt/d/repos/ClimateChangeChallenge/qorc-sdk/qf_apps/qf_ssi_ai_app/GCC_Project/output/timers.o
                0x0000000000006210                xTimerCreate
 .text.xTimerGenericCommand
                0x0000000000006268       0x70 /mnt/d/repos/ClimateChangeChallenge/qorc-sdk/qf_apps/qf_ssi_ai_app/GCC_Project/output/timers.o
                0x0000000000006268                xTimerGenericCommand
 .text.prvSwitchTimerLists
                0x00000000000062d8       0x90 /mnt/d/repos/ClimateChangeChallenge/qorc-sdk/qf_apps/qf_ssi_ai_app/GCC_Project/output/timers.o
 .text.prvTimerTask
                0x0000000000006368      0x218 /mnt/d/repos/ClimateChangeChallenge/qorc-sdk/qf_apps/qf_ssi_ai_app/GCC_Project/output/timers.o
 .text          0x0000000000006580      0x378 /usr/share/gcc-arm-none-eabi-9-2020-q2-update/bin/../lib/gcc/arm-none-eabi/9.3.1/thumb/v7e-m+fp/hard/libgcc.a(_arm_addsubdf3.o)
                0x0000000000006580                __aeabi_drsub
                0x0000000000006588                __aeabi_dsub
                0x0000000000006588                __subdf3
                0x000000000000658c                __adddf3
                0x000000000000658c                __aeabi_dadd
                0x0000000000006804                __aeabi_ui2d
                0x0000000000006804                __floatunsidf
                0x0000000000006824                __floatsidf
                0x0000000000006824                __aeabi_i2d
                0x0000000000006848                __extendsfdf2
                0x0000000000006848                __aeabi_f2d
                0x000000000000688c                __aeabi_ul2d
                0x000000000000688c                __floatundidf
                0x000000000000689c                __floatdidf
                0x000000000000689c                __aeabi_l2d